c:\st\stm32cubeide_1.9.0\stm32cubeide\plugins\com.st.stm32cube.ide.mcu.externaltools.gnu-tools-for-stm32.10.3-2021.10.win32_1.0.0.202111181127\tools\bin\../lib/gcc/arm-none-eabi/10.3.1/../../../../arm-none-eabi/include/c++/10.3.1/arm-none-eabi/thumb/v7e-m+fp/hard/bits/gthr-default.h:229:1:int __gthread_key_delete(__gthread_key_t)	16	static
C:/Users/graet/Desktop/Oscilloscopefinal/work/RealtimeOscilloscope/src/platform/f7-disco-gcc/board/interface/buttonirq.h:18:13:interface::ButtonIrq::~ButtonIrq()	16	static
C:/Users/graet/Desktop/Oscilloscopefinal/work/RealtimeOscilloscope/src/platform/f7-disco-gcc/board/interface/buttonirq.h:18:13:virtual interface::ButtonIrq::~ButtonIrq()	16	static
C:/Users/graet/Desktop/Oscilloscopefinal/work/RealtimeOscilloscope/src/platform/f7-disco-gcc/board/interface/buttonirq.h:23:2:interface::ButtonIrq::ButtonIrq()	16	static
c:\users\graet\desktop\oscilloscopefinal\work\realtimeoscilloscope\src\xf\include\xf\event.h:43:13:XFEvent::~XFEvent()	16	static
c:\users\graet\desktop\oscilloscopefinal\work\realtimeoscilloscope\src\xf\include\xf\event.h:43:13:virtual XFEvent::~XFEvent()	16	static
c:\users\graet\desktop\oscilloscopefinal\work\realtimeoscilloscope\src\xf\include\xf\event.h:49:24:XFEvent::XFEventType XFEvent::getEventType() const	16	static
c:\users\graet\desktop\oscilloscopefinal\work\realtimeoscilloscope\src\xf\include\xf\event.h:62:16:int XFEvent::getId() const	16	static
c:\users\graet\desktop\oscilloscopefinal\work\realtimeoscilloscope\src\xf\include\xf\event.h:64:18:virtual bool XFEvent::deleteAfterConsume() const	16	static
c:\users\graet\desktop\oscilloscopefinal\work\realtimeoscilloscope\src\xf\include\xf\eventstatus.h:37:5:XFEventStatus::XFEventStatus(XFEventStatus::eEventStatus)	16	static
c:\users\graet\desktop\oscilloscopefinal\work\realtimeoscilloscope\src\xf\include\xf\behavior.h:71:17:void XFBehavior::scheduleTimeout(int, int)	32	static
C:/Users/graet/Desktop/Oscilloscopefinal/work/RealtimeOscilloscope/src/platform/f7-disco-gcc/board/interface/buttonscontrollercallbackcaller.h:15:13:interface::ButtonsControllerCallbackCaller::~ButtonsControllerCallbackCaller()	16	static
C:/Users/graet/Desktop/Oscilloscopefinal/work/RealtimeOscilloscope/src/platform/f7-disco-gcc/board/interface/buttonscontrollercallbackcaller.h:15:13:virtual interface::ButtonsControllerCallbackCaller::~ButtonsControllerCallbackCaller()	16	static
C:/Users/graet/Desktop/Oscilloscopefinal/work/RealtimeOscilloscope/src/platform/f7-disco-gcc/board/interface/buttonscontrollercallbackcaller.h:26:5:interface::ButtonsControllerCallbackCaller::ButtonsControllerCallbackCaller()	16	static
c:\users\graet\desktop\oscilloscopefinal\work\realtimeoscilloscope\src\xf\include\xf\customevent.h:37:10:virtual bool XFCustomEvent::deleteAfterConsume() const	16	static
C:/Users/graet/Desktop/Oscilloscopefinal/work/RealtimeOscilloscope/src/platform/f7-disco-gcc/board/buttonscontroller.cpp:17:1:ButtonsController::ButtonsController()	16	static
C:/Users/graet/Desktop/Oscilloscopefinal/work/RealtimeOscilloscope/src/platform/f7-disco-gcc/board/buttonscontroller.cpp:30:1:ButtonsController::~ButtonsController()	16	static
C:/Users/graet/Desktop/Oscilloscopefinal/work/RealtimeOscilloscope/src/platform/f7-disco-gcc/board/buttonscontroller.cpp:30:1:virtual ButtonsController::~ButtonsController()	16	static
C:/Users/graet/Desktop/Oscilloscopefinal/work/RealtimeOscilloscope/src/platform/f7-disco-gcc/board/buttonscontroller.cpp:37:24:void __tcf_0()	8	static
C:/Users/graet/Desktop/Oscilloscopefinal/work/RealtimeOscilloscope/src/platform/f7-disco-gcc/board/buttonscontroller.cpp:35:6:virtual void ButtonsController::onIrq()	16	static
C:/Users/graet/Desktop/Oscilloscopefinal/work/RealtimeOscilloscope/src/platform/f7-disco-gcc/board/buttonscontroller.cpp:42:6:virtual bool ButtonsController::registerCallback(interface::ButtonsControllerCallbackProvider*, interface::ButtonsControllerCallbackProvider::CallbackMethod)	32	static
C:/Users/graet/Desktop/Oscilloscopefinal/work/RealtimeOscilloscope/src/platform/f7-disco-gcc/board/buttonscontroller.cpp:62:34:ButtonsController::tButtonsValue ButtonsController::readButtonsValue()	24	static
C:/Users/graet/Desktop/Oscilloscopefinal/work/RealtimeOscilloscope/src/platform/f7-disco-gcc/board/buttonscontroller.cpp:81:15:virtual XFEventStatus ButtonsController::processEvent()	40	static
C:/Users/graet/Desktop/Oscilloscopefinal/work/RealtimeOscilloscope/src/platform/f7-disco-gcc/board/buttonscontroller.cpp:144:6:void ButtonsController::doCheckButtons()	32	static
C:/Users/graet/Desktop/Oscilloscopefinal/work/RealtimeOscilloscope/src/platform/f7-disco-gcc/board/buttonscontroller.cpp:165:6:void ButtonsController::notifyButtonChange(uint16_t, bool)	32	static
c:\users\graet\desktop\oscilloscopefinal\work\realtimeoscilloscope\src\xf\include\xf\customevent.h:22:7:XFCustomEvent::~XFCustomEvent()	16	static
c:\users\graet\desktop\oscilloscopefinal\work\realtimeoscilloscope\src\xf\include\xf\customevent.h:22:7:virtual XFCustomEvent::~XFCustomEvent()	16	static
c:\users\graet\desktop\oscilloscopefinal\work\realtimeoscilloscope\src\event\evbuttonirq.h:7:7:evButtonIrq::~evButtonIrq()	16	static
c:\users\graet\desktop\oscilloscopefinal\work\realtimeoscilloscope\src\event\evbuttonirq.h:7:7:virtual evButtonIrq::~evButtonIrq()	16	static
