c:\st\stm32cubeide_1.9.0\stm32cubeide\plugins\com.st.stm32cube.ide.mcu.externaltools.gnu-tools-for-stm32.10.3-2021.10.win32_1.0.0.202111181127\tools\bin\../lib/gcc/arm-none-eabi/10.3.1/../../../../arm-none-eabi/include/c++/10.3.1/arm-none-eabi/thumb/v7e-m+fp/hard/bits/gthr-default.h:229:1:int __gthread_key_delete(__gthread_key_t)	16	static
C:/Users/graet/Desktop/Oscilloscopefinal/work/RealtimeOscilloscope/src/xf/port/idf-stm32cube/port-functions.cpp:27:6:void XF_startTimeoutManagerTimer(uint32_t)	16	static
C:/Users/graet/Desktop/Oscilloscopefinal/work/RealtimeOscilloscope/src/xf/port/idf-stm32cube/port-functions.cpp:40:6:void XF_tick()	8	static
C:/Users/graet/Desktop/Oscilloscopefinal/work/RealtimeOscilloscope/src/xf/port/idf-stm32cube/port-functions.cpp:53:9:int32_t XF_tickIntervalInMilliseconds()	8	static
C:/Users/graet/Desktop/Oscilloscopefinal/work/RealtimeOscilloscope/src/xf/port/idf-stm32cube/port-functions.cpp:58:6:bool XF_isRunning()	8	static
