c:\users\graet\desktop\oscilloscopefinal\work\realtimeoscilloscope\src\xf\include\xf\event.h:43:13:XFEvent::~XFEvent()	16	static
c:\users\graet\desktop\oscilloscopefinal\work\realtimeoscilloscope\src\xf\include\xf\event.h:43:13:virtual XFEvent::~XFEvent()	16	static
c:\users\graet\desktop\oscilloscopefinal\work\realtimeoscilloscope\src\xf\include\xf\event.h:64:18:virtual bool XFEvent::deleteAfterConsume() const	16	static
c:\users\graet\desktop\oscilloscopefinal\work\realtimeoscilloscope\src\xf\include\xf\customevent.h:37:10:virtual bool XFCustomEvent::deleteAfterConsume() const	16	static
c:\users\graet\desktop\oscilloscopefinal\work\realtimeoscilloscope\src\xf\include\xf\customevent.h:22:7:XFCustomEvent::~XFCustomEvent()	16	static
c:\users\graet\desktop\oscilloscopefinal\work\realtimeoscilloscope\src\xf\include\xf\customevent.h:22:7:virtual XFCustomEvent::~XFCustomEvent()	16	static
C:/Users/graet/Desktop/Oscilloscopefinal/work/RealtimeOscilloscope/src/event/evcheckboxtrigger.cpp:4:1:evCheckBoxTrigger::evCheckBoxTrigger(bool, int)	24	static
C:/Users/graet/Desktop/Oscilloscopefinal/work/RealtimeOscilloscope/src/event/evcheckboxtrigger.cpp:11:6:bool evCheckBoxTrigger::isChecked() const	16	static
C:/Users/graet/Desktop/Oscilloscopefinal/work/RealtimeOscilloscope/src/event/evcheckboxtrigger.h:8:7:evCheckBoxTrigger::~evCheckBoxTrigger()	16	static
C:/Users/graet/Desktop/Oscilloscopefinal/work/RealtimeOscilloscope/src/event/evcheckboxtrigger.h:8:7:virtual evCheckBoxTrigger::~evCheckBoxTrigger()	16	static
