c:\st\stm32cubeide_1.9.0\stm32cubeide\plugins\com.st.stm32cube.ide.mcu.externaltools.gnu-tools-for-stm32.10.3-2021.10.win32_1.0.0.202111181127\tools\bin\../lib/gcc/arm-none-eabi/10.3.1/../../../../arm-none-eabi/include/c++/10.3.1/arm-none-eabi/thumb/v7e-m+fp/hard/bits/gthr-default.h:229:1:int __gthread_key_delete(__gthread_key_t)	16	static
c:\users\graet\desktop\oscilloscopefinal\work\realtimeoscilloscope\src\platform\f7-disco-gcc\board\buttonscontroller.h:30:32:static ButtonsController& ButtonsController::getInstance()	8	static
../Core/Src/isrs.cpp:12:17:void HAL_ADC_ConvCpltCallback(ADC_HandleTypeDef*)	24	static
../Core/Src/isrs.cpp:18:17:void HAL_TIM_OC_DelayElapsedCallback(TIM_HandleTypeDef*)	16	static
../Core/Src/isrs.cpp:23:17:void HAL_GPIO_EXTI_Callback(uint16_t)	16	static
