../Core/Src/main.c:108:5:main	8	static
../Core/Src/main.c:167:6:SystemClock_Config	88	static
../Core/Src/main.c:224:13:MX_ADC3_Init	24	static
../Core/Src/main.c:276:13:MX_CRC_Init	8	static
../Core/Src/main.c:307:13:MX_DMA2D_Init	8	static
../Core/Src/main.c:344:13:MX_I2C3_Init	8	static
../Core/Src/main.c:392:13:MX_LTDC_Init	64	static
../Core/Src/main.c:454:13:MX_SPI2_Init	8	static
../Core/Src/main.c:494:13:MX_TIM1_Init	112	static
../Core/Src/main.c:573:13:MX_USART1_UART_Init	8	static
../Core/Src/main.c:604:13:MX_FMC_Init	40	static
../Core/Src/main.c:710:13:MX_GPIO_Init	72	static
../Core/Src/main.c:1095:6:HAL_TIM_PeriodElapsedCallback	24	static
../Core/Src/main.c:1124:6:Error_Handler	4	static,ignoring_inline_asm
