../Drivers/CMSIS/Include/core_cm7.h:2229:22:SCB_EnableICache	4	static,ignoring_inline_asm
../Drivers/CMSIS/Include/core_cm7.h:2281:22:SCB_EnableDCache	24	static,ignoring_inline_asm
../Core/Src/main.c:118:5:main	8	static
../Core/Src/main.c:219:6:SystemClock_Config	88	static
../Core/Src/main.c:276:13:MX_ADC3_Init	24	static
../Core/Src/main.c:328:13:MX_CRC_Init	8	static
../Core/Src/main.c:359:13:MX_DMA2D_Init	8	static
../Core/Src/main.c:396:13:MX_I2C3_Init	8	static
../Core/Src/main.c:444:13:MX_LTDC_Init	64	static
../Core/Src/main.c:506:13:MX_SPI2_Init	8	static
../Core/Src/main.c:546:13:MX_TIM1_Init	112	static
../Core/Src/main.c:625:13:MX_USART1_UART_Init	8	static
../Core/Src/main.c:656:13:MX_FMC_Init	40	static
../Core/Src/main.c:762:13:MX_GPIO_Init	72	static
../Core/Src/main.c:1146:6:StartDefaultTask	16	static
../Core/Src/main.c:1165:6:HAL_TIM_PeriodElapsedCallback	16	static
../Core/Src/main.c:1194:6:Error_Handler	4	static,ignoring_inline_asm
