../Core/Src/stm32f7xx_it.c:74:6:NMI_Handler	4	static
../Core/Src/stm32f7xx_it.c:89:6:HardFault_Handler	4	static
../Core/Src/stm32f7xx_it.c:104:6:MemManage_Handler	4	static
../Core/Src/stm32f7xx_it.c:119:6:BusFault_Handler	4	static
../Core/Src/stm32f7xx_it.c:134:6:UsageFault_Handler	4	static
../Core/Src/stm32f7xx_it.c:149:6:DebugMon_Handler	4	static
../Core/Src/stm32f7xx_it.c:169:6:EXTI2_IRQHandler	8	static
../Core/Src/stm32f7xx_it.c:183:6:EXTI3_IRQHandler	8	static
../Core/Src/stm32f7xx_it.c:197:6:ADC_IRQHandler	8	static
../Core/Src/stm32f7xx_it.c:211:6:EXTI9_5_IRQHandler	8	static
../Core/Src/stm32f7xx_it.c:226:6:TIM1_BRK_TIM9_IRQHandler	8	static
../Core/Src/stm32f7xx_it.c:240:6:TIM1_UP_TIM10_IRQHandler	8	static
../Core/Src/stm32f7xx_it.c:254:6:TIM1_TRG_COM_TIM11_IRQHandler	8	static
../Core/Src/stm32f7xx_it.c:268:6:TIM1_CC_IRQHandler	8	static
../Core/Src/stm32f7xx_it.c:282:6:TIM6_DAC_IRQHandler	8	static
../Core/Src/stm32f7xx_it.c:296:6:LTDC_IRQHandler	8	static
../Core/Src/stm32f7xx_it.c:310:6:DMA2D_IRQHandler	8	static
