../Core/Src/stm32f7xx_it.c:74:6:NMI_Handler	4	static
../Core/Src/stm32f7xx_it.c:89:6:HardFault_Handler	4	static
../Core/Src/stm32f7xx_it.c:104:6:MemManage_Handler	4	static
../Core/Src/stm32f7xx_it.c:119:6:BusFault_Handler	4	static
../Core/Src/stm32f7xx_it.c:134:6:UsageFault_Handler	4	static
../Core/Src/stm32f7xx_it.c:149:6:SVC_Handler	4	static
../Core/Src/stm32f7xx_it.c:162:6:DebugMon_Handler	4	static
../Core/Src/stm32f7xx_it.c:175:6:PendSV_Handler	4	static
../Core/Src/stm32f7xx_it.c:188:6:SysTick_Handler	4	static
../Core/Src/stm32f7xx_it.c:209:6:EXTI2_IRQHandler	8	static
../Core/Src/stm32f7xx_it.c:223:6:EXTI3_IRQHandler	8	static
../Core/Src/stm32f7xx_it.c:237:6:ADC_IRQHandler	8	static
../Core/Src/stm32f7xx_it.c:251:6:EXTI9_5_IRQHandler	8	static
../Core/Src/stm32f7xx_it.c:266:6:TIM1_BRK_TIM9_IRQHandler	8	static
../Core/Src/stm32f7xx_it.c:280:6:TIM1_UP_TIM10_IRQHandler	8	static
../Core/Src/stm32f7xx_it.c:294:6:TIM1_TRG_COM_TIM11_IRQHandler	8	static
../Core/Src/stm32f7xx_it.c:308:6:TIM1_CC_IRQHandler	8	static
../Core/Src/stm32f7xx_it.c:322:6:TIM6_DAC_IRQHandler	8	static
../Core/Src/stm32f7xx_it.c:336:6:LTDC_IRQHandler	8	static
../Core/Src/stm32f7xx_it.c:350:6:DMA2D_IRQHandler	8	static
