../Core/Src/stm32f7xx_hal_msp.c:63:6:HAL_MspInit	16	static
../Core/Src/stm32f7xx_hal_msp.c:87:6:HAL_ADC_MspInit	48	static
../Core/Src/stm32f7xx_hal_msp.c:133:6:HAL_ADC_MspDeInit	16	static
../Core/Src/stm32f7xx_hal_msp.c:169:6:HAL_CRC_MspInit	24	static
../Core/Src/stm32f7xx_hal_msp.c:191:6:HAL_CRC_MspDeInit	16	static
../Core/Src/stm32f7xx_hal_msp.c:213:6:HAL_DMA2D_MspInit	24	static
../Core/Src/stm32f7xx_hal_msp.c:238:6:HAL_DMA2D_MspDeInit	16	static
../Core/Src/stm32f7xx_hal_msp.c:263:6:HAL_I2C_MspInit	176	static
../Core/Src/stm32f7xx_hal_msp.c:309:6:HAL_I2C_MspDeInit	16	static
../Core/Src/stm32f7xx_hal_msp.c:340:6:HAL_LTDC_MspInit	192	static
../Core/Src/stm32f7xx_hal_msp.c:457:6:HAL_LTDC_MspDeInit	16	static
../Core/Src/stm32f7xx_hal_msp.c:526:6:HAL_SPI_MspInit	48	static
../Core/Src/stm32f7xx_hal_msp.c:571:6:HAL_SPI_MspDeInit	16	static
../Core/Src/stm32f7xx_hal_msp.c:603:6:HAL_TIM_Base_MspInit	48	static
../Core/Src/stm32f7xx_hal_msp.c:647:6:HAL_TIM_Base_MspDeInit	16	static
../Core/Src/stm32f7xx_hal_msp.c:680:6:HAL_UART_MspInit	184	static
../Core/Src/stm32f7xx_hal_msp.c:735:6:HAL_UART_MspDeInit	16	static
../Core/Src/stm32f7xx_hal_msp.c:762:13:HAL_FMC_MspInit	32	static
../Core/Src/stm32f7xx_hal_msp.c:868:6:HAL_SDRAM_MspInit	16	static
../Core/Src/stm32f7xx_hal_msp.c:880:13:HAL_FMC_MspDeInit	8	static
../Core/Src/stm32f7xx_hal_msp.c:954:6:HAL_SDRAM_MspDeInit	16	static
