c:\st\stm32cubeide_1.9.0\stm32cubeide\plugins\com.st.stm32cube.ide.mcu.externaltools.gnu-tools-for-stm32.10.3-2021.10.win32_1.0.0.202111181127\tools\bin\../lib/gcc/arm-none-eabi/10.3.1/../../../../arm-none-eabi/include/c++/10.3.1/arm-none-eabi/thumb/v7e-m+fp/hard/bits/gthr-default.h:229:1:int __gthread_key_delete(__gthread_key_t)	16	static
C:/Users/graet/Desktop/Oscilloscopefinal/work/RealtimeOscilloscope/src/platform/f7-disco-gcc/mcu/critical/critical.cpp:7:6:void critical_enter()	8	static,ignoring_inline_asm
C:/Users/graet/Desktop/Oscilloscopefinal/work/RealtimeOscilloscope/src/platform/f7-disco-gcc/mcu/critical/critical.cpp:21:6:void critical_exit()	8	static,ignoring_inline_asm
C:/Users/graet/Desktop/Oscilloscopefinal/work/RealtimeOscilloscope/src/platform/f7-disco-gcc/mcu/critical/critical.cpp:36:5:int critical_inIsr()	4	static
C:/Users/graet/Desktop/Oscilloscopefinal/work/RealtimeOscilloscope/src/platform/f7-disco-gcc/mcu/critical/critical.cpp:43:6:void critical_setInIsr(bool)	16	static
