c:\users\graet\desktop\oscilloscopefinal\work\realtimeoscilloscope\ide-touchgfx-gen\middlewares\st\touchgfx\framework\include\touchgfx\hal\hal.hpp:109:17:static touchgfx::HAL* touchgfx::HAL::getInstance()	4	static
C:/Users/graet/Desktop/Oscilloscopefinal/work/RealtimeOscilloscope/ide-touchgfx-gen/TouchGFX/target/generated/OSWrappers.cpp:48:6:static void touchgfx::OSWrappers::initialize()	4	static
C:/Users/graet/Desktop/Oscilloscopefinal/work/RealtimeOscilloscope/ide-touchgfx-gen/TouchGFX/target/generated/OSWrappers.cpp:68:6:static void touchgfx::OSWrappers::takeFrameBufferSemaphore()	4	static
C:/Users/graet/Desktop/Oscilloscopefinal/work/RealtimeOscilloscope/ide-touchgfx-gen/TouchGFX/target/generated/OSWrappers.cpp:82:6:static void touchgfx::OSWrappers::giveFrameBufferSemaphore()	4	static
C:/Users/graet/Desktop/Oscilloscopefinal/work/RealtimeOscilloscope/ide-touchgfx-gen/TouchGFX/target/generated/OSWrappers.cpp:99:6:static void touchgfx::OSWrappers::tryTakeFrameBufferSemaphore()	4	static
C:/Users/graet/Desktop/Oscilloscopefinal/work/RealtimeOscilloscope/ide-touchgfx-gen/TouchGFX/target/generated/OSWrappers.cpp:116:6:static void touchgfx::OSWrappers::giveFrameBufferSemaphoreFromISR()	4	static
C:/Users/graet/Desktop/Oscilloscopefinal/work/RealtimeOscilloscope/ide-touchgfx-gen/TouchGFX/target/generated/OSWrappers.cpp:132:6:static void touchgfx::OSWrappers::signalVSync()	4	static
C:/Users/graet/Desktop/Oscilloscopefinal/work/RealtimeOscilloscope/ide-touchgfx-gen/TouchGFX/target/generated/OSWrappers.cpp:146:6:static void touchgfx::OSWrappers::signalRenderingDone()	4	static
C:/Users/graet/Desktop/Oscilloscopefinal/work/RealtimeOscilloscope/ide-touchgfx-gen/TouchGFX/target/generated/OSWrappers.cpp:165:6:static bool touchgfx::OSWrappers::isVSyncAvailable()	4	static
C:/Users/graet/Desktop/Oscilloscopefinal/work/RealtimeOscilloscope/ide-touchgfx-gen/TouchGFX/target/generated/OSWrappers.cpp:179:6:static void touchgfx::OSWrappers::waitForVSync()	8	static
C:/Users/graet/Desktop/Oscilloscopefinal/work/RealtimeOscilloscope/ide-touchgfx-gen/TouchGFX/target/generated/OSWrappers.cpp:212:6:static void touchgfx::OSWrappers::taskDelay(uint16_t)	16	static
