C:/Users/graet/Desktop/Oscilloscopefinal/work/RealtimeOscilloscope/ide-touchgfx-gen/TouchGFX/target/generated/OSWrappers.cpp:48:6:static void touchgfx::OSWrappers::initialize()	8	static
C:/Users/graet/Desktop/Oscilloscopefinal/work/RealtimeOscilloscope/ide-touchgfx-gen/TouchGFX/target/generated/OSWrappers.cpp:68:6:static void touchgfx::OSWrappers::takeFrameBufferSemaphore()	8	static
C:/Users/graet/Desktop/Oscilloscopefinal/work/RealtimeOscilloscope/ide-touchgfx-gen/TouchGFX/target/generated/OSWrappers.cpp:82:6:static void touchgfx::OSWrappers::giveFrameBufferSemaphore()	8	static
C:/Users/graet/Desktop/Oscilloscopefinal/work/RealtimeOscilloscope/ide-touchgfx-gen/TouchGFX/target/generated/OSWrappers.cpp:99:6:static void touchgfx::OSWrappers::tryTakeFrameBufferSemaphore()	8	static
C:/Users/graet/Desktop/Oscilloscopefinal/work/RealtimeOscilloscope/ide-touchgfx-gen/TouchGFX/target/generated/OSWrappers.cpp:116:6:static void touchgfx::OSWrappers::giveFrameBufferSemaphoreFromISR()	8	static
C:/Users/graet/Desktop/Oscilloscopefinal/work/RealtimeOscilloscope/ide-touchgfx-gen/TouchGFX/target/generated/OSWrappers.cpp:132:6:static void touchgfx::OSWrappers::signalVSync()	8	static
C:/Users/graet/Desktop/Oscilloscopefinal/work/RealtimeOscilloscope/ide-touchgfx-gen/TouchGFX/target/generated/OSWrappers.cpp:146:6:static void touchgfx::OSWrappers::signalRenderingDone()	4	static
C:/Users/graet/Desktop/Oscilloscopefinal/work/RealtimeOscilloscope/ide-touchgfx-gen/TouchGFX/target/generated/OSWrappers.cpp:165:6:static bool touchgfx::OSWrappers::isVSyncAvailable()	4	static
C:/Users/graet/Desktop/Oscilloscopefinal/work/RealtimeOscilloscope/ide-touchgfx-gen/TouchGFX/target/generated/OSWrappers.cpp:179:6:static void touchgfx::OSWrappers::waitForVSync()	16	static
C:/Users/graet/Desktop/Oscilloscopefinal/work/RealtimeOscilloscope/ide-touchgfx-gen/TouchGFX/target/generated/OSWrappers.cpp:212:6:static void touchgfx::OSWrappers::taskDelay(uint16_t)	16	static
