Archive member included to satisfy reference by file (symbol)

c:/st/stm32cubeide_1.9.0/stm32cubeide/plugins/com.st.stm32cube.ide.mcu.externaltools.gnu-tools-for-stm32.10.3-2021.10.win32_1.0.0.202111181127/tools/bin/../lib/gcc/arm-none-eabi/10.3.1/../../../../arm-none-eabi/lib/thumb/v7e-m+fp/hard\libc_nano.a(lib_a-errno.o)
                              ./Core/Src/syscalls.o (__errno)
c:/st/stm32cubeide_1.9.0/stm32cubeide/plugins/com.st.stm32cube.ide.mcu.externaltools.gnu-tools-for-stm32.10.3-2021.10.win32_1.0.0.202111181127/tools/bin/../lib/gcc/arm-none-eabi/10.3.1/../../../../arm-none-eabi/lib/thumb/v7e-m+fp/hard\libc_nano.a(lib_a-exit.o)
                              c:/st/stm32cubeide_1.9.0/stm32cubeide/plugins/com.st.stm32cube.ide.mcu.externaltools.gnu-tools-for-stm32.10.3-2021.10.win32_1.0.0.202111181127/tools/bin/../lib/gcc/arm-none-eabi/10.3.1/../../../../arm-none-eabi/lib/thumb/v7e-m+fp/hard/crt0.o (exit)
c:/st/stm32cubeide_1.9.0/stm32cubeide/plugins/com.st.stm32cube.ide.mcu.externaltools.gnu-tools-for-stm32.10.3-2021.10.win32_1.0.0.202111181127/tools/bin/../lib/gcc/arm-none-eabi/10.3.1/../../../../arm-none-eabi/lib/thumb/v7e-m+fp/hard\libc_nano.a(lib_a-impure.o)
                              c:/st/stm32cubeide_1.9.0/stm32cubeide/plugins/com.st.stm32cube.ide.mcu.externaltools.gnu-tools-for-stm32.10.3-2021.10.win32_1.0.0.202111181127/tools/bin/../lib/gcc/arm-none-eabi/10.3.1/../../../../arm-none-eabi/lib/thumb/v7e-m+fp/hard\libc_nano.a(lib_a-exit.o) (_global_impure_ptr)
c:/st/stm32cubeide_1.9.0/stm32cubeide/plugins/com.st.stm32cube.ide.mcu.externaltools.gnu-tools-for-stm32.10.3-2021.10.win32_1.0.0.202111181127/tools/bin/../lib/gcc/arm-none-eabi/10.3.1/../../../../arm-none-eabi/lib/thumb/v7e-m+fp/hard\libc_nano.a(lib_a-init.o)
                              c:/st/stm32cubeide_1.9.0/stm32cubeide/plugins/com.st.stm32cube.ide.mcu.externaltools.gnu-tools-for-stm32.10.3-2021.10.win32_1.0.0.202111181127/tools/bin/../lib/gcc/arm-none-eabi/10.3.1/../../../../arm-none-eabi/lib/thumb/v7e-m+fp/hard/crt0.o (__libc_init_array)
c:/st/stm32cubeide_1.9.0/stm32cubeide/plugins/com.st.stm32cube.ide.mcu.externaltools.gnu-tools-for-stm32.10.3-2021.10.win32_1.0.0.202111181127/tools/bin/../lib/gcc/arm-none-eabi/10.3.1/../../../../arm-none-eabi/lib/thumb/v7e-m+fp/hard\libc_nano.a(lib_a-memset.o)
                              c:/st/stm32cubeide_1.9.0/stm32cubeide/plugins/com.st.stm32cube.ide.mcu.externaltools.gnu-tools-for-stm32.10.3-2021.10.win32_1.0.0.202111181127/tools/bin/../lib/gcc/arm-none-eabi/10.3.1/../../../../arm-none-eabi/lib/thumb/v7e-m+fp/hard/crt0.o (memset)
c:/st/stm32cubeide_1.9.0/stm32cubeide/plugins/com.st.stm32cube.ide.mcu.externaltools.gnu-tools-for-stm32.10.3-2021.10.win32_1.0.0.202111181127/tools/bin/../lib/gcc/arm-none-eabi/10.3.1/thumb/v7e-m+fp/hard\libgcc.a(_aeabi_uldivmod.o)
                              ./Drivers/STM32F7xx_HAL_Driver/Src/stm32f7xx_hal_rcc.o (__aeabi_uldivmod)
c:/st/stm32cubeide_1.9.0/stm32cubeide/plugins/com.st.stm32cube.ide.mcu.externaltools.gnu-tools-for-stm32.10.3-2021.10.win32_1.0.0.202111181127/tools/bin/../lib/gcc/arm-none-eabi/10.3.1/thumb/v7e-m+fp/hard\libgcc.a(_udivmoddi4.o)
                              c:/st/stm32cubeide_1.9.0/stm32cubeide/plugins/com.st.stm32cube.ide.mcu.externaltools.gnu-tools-for-stm32.10.3-2021.10.win32_1.0.0.202111181127/tools/bin/../lib/gcc/arm-none-eabi/10.3.1/thumb/v7e-m+fp/hard\libgcc.a(_aeabi_uldivmod.o) (__udivmoddi4)
c:/st/stm32cubeide_1.9.0/stm32cubeide/plugins/com.st.stm32cube.ide.mcu.externaltools.gnu-tools-for-stm32.10.3-2021.10.win32_1.0.0.202111181127/tools/bin/../lib/gcc/arm-none-eabi/10.3.1/thumb/v7e-m+fp/hard\libgcc.a(_dvmd_tls.o)
                              c:/st/stm32cubeide_1.9.0/stm32cubeide/plugins/com.st.stm32cube.ide.mcu.externaltools.gnu-tools-for-stm32.10.3-2021.10.win32_1.0.0.202111181127/tools/bin/../lib/gcc/arm-none-eabi/10.3.1/thumb/v7e-m+fp/hard\libgcc.a(_aeabi_uldivmod.o) (__aeabi_ldiv0)

Discarded input sections

 .text          0x0000000000000000        0x0 c:/st/stm32cubeide_1.9.0/stm32cubeide/plugins/com.st.stm32cube.ide.mcu.externaltools.gnu-tools-for-stm32.10.3-2021.10.win32_1.0.0.202111181127/tools/bin/../lib/gcc/arm-none-eabi/10.3.1/thumb/v7e-m+fp/hard/crti.o
 .data          0x0000000000000000        0x0 c:/st/stm32cubeide_1.9.0/stm32cubeide/plugins/com.st.stm32cube.ide.mcu.externaltools.gnu-tools-for-stm32.10.3-2021.10.win32_1.0.0.202111181127/tools/bin/../lib/gcc/arm-none-eabi/10.3.1/thumb/v7e-m+fp/hard/crti.o
 .bss           0x0000000000000000        0x0 c:/st/stm32cubeide_1.9.0/stm32cubeide/plugins/com.st.stm32cube.ide.mcu.externaltools.gnu-tools-for-stm32.10.3-2021.10.win32_1.0.0.202111181127/tools/bin/../lib/gcc/arm-none-eabi/10.3.1/thumb/v7e-m+fp/hard/crti.o
[...]
Memory Configuration

Name             Origin             Length             Attributes
RAM              0x0000000020000000 0x0000000000050000 xrw
FLASH            0x0000000008000000 0x0000000000100000 xr
*default*        0x0000000000000000 0xffffffffffffffff

Linker script and memory map

LOAD c:/st/stm32cubeide_1.9.0/stm32cubeide/plugins/com.st.stm32cube.ide.mcu.externaltools.gnu-tools-for-stm32.10.3-2021.10.win32_1.0.0.202111181127/tools/bin/../lib/gcc/arm-none-eabi/10.3.1/thumb/v7e-m+fp/hard/crti.o
LOAD c:/st/stm32cubeide_1.9.0/stm32cubeide/plugins/com.st.stm32cube.ide.mcu.externaltools.gnu-tools-for-stm32.10.3-2021.10.win32_1.0.0.202111181127/tools/bin/../lib/gcc/arm-none-eabi/10.3.1/thumb/v7e-m+fp/hard/crtbegin.o
LOAD c:/st/stm32cubeide_1.9.0/stm32cubeide/plugins/com.st.stm32cube.ide.mcu.externaltools.gnu-tools-for-stm32.10.3-2021.10.win32_1.0.0.202111181127/tools/bin/../lib/gcc/arm-none-eabi/10.3.1/../../../../arm-none-eabi/lib/thumb/v7e-m+fp/hard/crt0.o
LOAD ./Core/Src/main.o
LOAD ./Core/Src/stm32f7xx_hal_msp.o
LOAD ./Core/Src/stm32f7xx_hal_timebase_tim.o
LOAD ./Core/Src/stm32f7xx_it.o
LOAD ./Core/Src/syscalls.o
LOAD ./Core/Src/sysmem.o
LOAD ./Core/Src/system_stm32f7xx.o
LOAD ./Core/Startup/startup_stm32f746nghx.o
LOAD ./Drivers/STM32F7xx_HAL_Driver/Src/stm32f7xx_hal.o
LOAD ./Drivers/STM32F7xx_HAL_Driver/Src/stm32f7xx_hal_adc.o
LOAD ./Drivers/STM32F7xx_HAL_Driver/Src/stm32f7xx_hal_adc_ex.o
LOAD ./Drivers/STM32F7xx_HAL_Driver/Src/stm32f7xx_hal_cortex.o
LOAD ./Drivers/STM32F7xx_HAL_Driver/Src/stm32f7xx_hal_crc.o
LOAD ./Drivers/STM32F7xx_HAL_Driver/Src/stm32f7xx_hal_crc_ex.o
LOAD ./Drivers/STM32F7xx_HAL_Driver/Src/stm32f7xx_hal_dcmi.o
LOAD ./Drivers/STM32F7xx_HAL_Driver/Src/stm32f7xx_hal_dcmi_ex.o
LOAD ./Drivers/STM32F7xx_HAL_Driver/Src/stm32f7xx_hal_dma.o
LOAD ./Drivers/STM32F7xx_HAL_Driver/Src/stm32f7xx_hal_dma2d.o
LOAD ./Drivers/STM32F7xx_HAL_Driver/Src/stm32f7xx_hal_dma_ex.o
LOAD ./Drivers/STM32F7xx_HAL_Driver/Src/stm32f7xx_hal_dsi.o
LOAD ./Drivers/STM32F7xx_HAL_Driver/Src/stm32f7xx_hal_exti.o
LOAD ./Drivers/STM32F7xx_HAL_Driver/Src/stm32f7xx_hal_flash.o
LOAD ./Drivers/STM32F7xx_HAL_Driver/Src/stm32f7xx_hal_flash_ex.o
LOAD ./Drivers/STM32F7xx_HAL_Driver/Src/stm32f7xx_hal_gpio.o
LOAD ./Drivers/STM32F7xx_HAL_Driver/Src/stm32f7xx_hal_i2c.o
LOAD ./Drivers/STM32F7xx_HAL_Driver/Src/stm32f7xx_hal_i2c_ex.o
LOAD ./Drivers/STM32F7xx_HAL_Driver/Src/stm32f7xx_hal_ltdc.o
LOAD ./Drivers/STM32F7xx_HAL_Driver/Src/stm32f7xx_hal_ltdc_ex.o
LOAD ./Drivers/STM32F7xx_HAL_Driver/Src/stm32f7xx_hal_pwr.o
LOAD ./Drivers/STM32F7xx_HAL_Driver/Src/stm32f7xx_hal_pwr_ex.o
LOAD ./Drivers/STM32F7xx_HAL_Driver/Src/stm32f7xx_hal_qspi.o
LOAD ./Drivers/STM32F7xx_HAL_Driver/Src/stm32f7xx_hal_rcc.o
LOAD ./Drivers/STM32F7xx_HAL_Driver/Src/stm32f7xx_hal_rcc_ex.o
LOAD ./Drivers/STM32F7xx_HAL_Driver/Src/stm32f7xx_hal_rtc.o
LOAD ./Drivers/STM32F7xx_HAL_Driver/Src/stm32f7xx_hal_rtc_ex.o
LOAD ./Drivers/STM32F7xx_HAL_Driver/Src/stm32f7xx_hal_sai.o
LOAD ./Drivers/STM32F7xx_HAL_Driver/Src/stm32f7xx_hal_sai_ex.o
LOAD ./Drivers/STM32F7xx_HAL_Driver/Src/stm32f7xx_hal_sd.o
LOAD ./Drivers/STM32F7xx_HAL_Driver/Src/stm32f7xx_hal_sdram.o
LOAD ./Drivers/STM32F7xx_HAL_Driver/Src/stm32f7xx_hal_spdifrx.o
LOAD ./Drivers/STM32F7xx_HAL_Driver/Src/stm32f7xx_hal_spi.o
LOAD ./Drivers/STM32F7xx_HAL_Driver/Src/stm32f7xx_hal_spi_ex.o
LOAD ./Drivers/STM32F7xx_HAL_Driver/Src/stm32f7xx_hal_tim.o
LOAD ./Drivers/STM32F7xx_HAL_Driver/Src/stm32f7xx_hal_tim_ex.o
LOAD ./Drivers/STM32F7xx_HAL_Driver/Src/stm32f7xx_hal_uart.o
LOAD ./Drivers/STM32F7xx_HAL_Driver/Src/stm32f7xx_hal_uart_ex.o
LOAD ./Drivers/STM32F7xx_HAL_Driver/Src/stm32f7xx_ll_fmc.o
LOAD ./Drivers/STM32F7xx_HAL_Driver/Src/stm32f7xx_ll_sdmmc.o
LOAD ./FATFS/App/fatfs.o
LOAD ./FATFS/Target/bsp_driver_sd.o
LOAD ./FATFS/Target/fatfs_platform.o
LOAD ./FATFS/Target/sd_diskio.o
LOAD ./Middlewares/Third_Party/FatFs/src/diskio.o
LOAD ./Middlewares/Third_Party/FatFs/src/ff.o
LOAD ./Middlewares/Third_Party/FatFs/src/ff_gen_drv.o
LOAD ./Middlewares/Third_Party/FatFs/src/option/syscall.o
START GROUP
LOAD c:/st/stm32cubeide_1.9.0/stm32cubeide/plugins/com.st.stm32cube.ide.mcu.externaltools.gnu-tools-for-stm32.10.3-2021.10.win32_1.0.0.202111181127/tools/bin/../lib/gcc/arm-none-eabi/10.3.1/../../../../arm-none-eabi/lib/thumb/v7e-m+fp/hard\libstdc++_nano.a
LOAD c:/st/stm32cubeide_1.9.0/stm32cubeide/plugins/com.st.stm32cube.ide.mcu.externaltools.gnu-tools-for-stm32.10.3-2021.10.win32_1.0.0.202111181127/tools/bin/../lib/gcc/arm-none-eabi/10.3.1/../../../../arm-none-eabi/lib/thumb/v7e-m+fp/hard\libsupc++_nano.a
END GROUP
LOAD c:/st/stm32cubeide_1.9.0/stm32cubeide/plugins/com.st.stm32cube.ide.mcu.externaltools.gnu-tools-for-stm32.10.3-2021.10.win32_1.0.0.202111181127/tools/bin/../lib/gcc/arm-none-eabi/10.3.1/../../../../arm-none-eabi/lib/thumb/v7e-m+fp/hard\libstdc++_nano.a
LOAD c:/st/stm32cubeide_1.9.0/stm32cubeide/plugins/com.st.stm32cube.ide.mcu.externaltools.gnu-tools-for-stm32.10.3-2021.10.win32_1.0.0.202111181127/tools/bin/../lib/gcc/arm-none-eabi/10.3.1/../../../../arm-none-eabi/lib/thumb/v7e-m+fp/hard\libm.a
LOAD c:/st/stm32cubeide_1.9.0/stm32cubeide/plugins/com.st.stm32cube.ide.mcu.externaltools.gnu-tools-for-stm32.10.3-2021.10.win32_1.0.0.202111181127/tools/bin/../lib/gcc/arm-none-eabi/10.3.1/../../../../arm-none-eabi/lib/thumb/v7e-m+fp/hard\libc_nano.a
START GROUP
LOAD c:/st/stm32cubeide_1.9.0/stm32cubeide/plugins/com.st.stm32cube.ide.mcu.externaltools.gnu-tools-for-stm32.10.3-2021.10.win32_1.0.0.202111181127/tools/bin/../lib/gcc/arm-none-eabi/10.3.1/thumb/v7e-m+fp/hard\libgcc.a
LOAD c:/st/stm32cubeide_1.9.0/stm32cubeide/plugins/com.st.stm32cube.ide.mcu.externaltools.gnu-tools-for-stm32.10.3-2021.10.win32_1.0.0.202111181127/tools/bin/../lib/gcc/arm-none-eabi/10.3.1/../../../../arm-none-eabi/lib/thumb/v7e-m+fp/hard\libc_nano.a
END GROUP
START GROUP
LOAD c:/st/stm32cubeide_1.9.0/stm32cubeide/plugins/com.st.stm32cube.ide.mcu.externaltools.gnu-tools-for-stm32.10.3-2021.10.win32_1.0.0.202111181127/tools/bin/../lib/gcc/arm-none-eabi/10.3.1/thumb/v7e-m+fp/hard\libgcc.a
LOAD c:/st/stm32cubeide_1.9.0/stm32cubeide/plugins/com.st.stm32cube.ide.mcu.externaltools.gnu-tools-for-stm32.10.3-2021.10.win32_1.0.0.202111181127/tools/bin/../lib/gcc/arm-none-eabi/10.3.1/../../../../arm-none-eabi/lib/thumb/v7e-m+fp/hard\libc_nano.a
END GROUP
LOAD c:/st/stm32cubeide_1.9.0/stm32cubeide/plugins/com.st.stm32cube.ide.mcu.externaltools.gnu-tools-for-stm32.10.3-2021.10.win32_1.0.0.202111181127/tools/bin/../lib/gcc/arm-none-eabi/10.3.1/thumb/v7e-m+fp/hard/crtend.o
LOAD c:/st/stm32cubeide_1.9.0/stm32cubeide/plugins/com.st.stm32cube.ide.mcu.externaltools.gnu-tools-for-stm32.10.3-2021.10.win32_1.0.0.202111181127/tools/bin/../lib/gcc/arm-none-eabi/10.3.1/thumb/v7e-m+fp/hard/crtn.o
                0x0000000020050000                _estack = (ORIGIN (RAM) + LENGTH (RAM))
                0x0000000000001000                _Min_Heap_Size = 0x1000
                0x0000000000001000                _Min_Stack_Size = 0x1000

.isr_vector     0x0000000008000000      0x1c8
                0x0000000008000000                . = ALIGN (0x4)
 *(.isr_vector)
 .isr_vector    0x0000000008000000      0x1c8 ./Core/Startup/startup_stm32f746nghx.o
                0x0000000008000000                g_pfnVectors
                0x00000000080001c8                . = ALIGN (0x4)

.text           0x00000000080001c8     0xa530
                0x00000000080001c8                . = ALIGN (0x4)
 *(.text)
 .text          0x00000000080001c8       0x40 c:/st/stm32cubeide_1.9.0/stm32cubeide/plugins/com.st.stm32cube.ide.mcu.externaltools.gnu-tools-for-stm32.10.3-2021.10.win32_1.0.0.202111181127/tools/bin/../lib/gcc/arm-none-eabi/10.3.1/thumb/v7e-m+fp/hard/crtbegin.o
 .text          0x0000000008000208       0x30 c:/st/stm32cubeide_1.9.0/stm32cubeide/plugins/com.st.stm32cube.ide.mcu.externaltools.gnu-tools-for-stm32.10.3-2021.10.win32_1.0.0.202111181127/tools/bin/../lib/gcc/arm-none-eabi/10.3.1/thumb/v7e-m+fp/hard\libgcc.a(_aeabi_uldivmod.o)
                0x0000000008000208                __aeabi_uldivmod
 .text          0x0000000008000238      0x2d0 c:/st/stm32cubeide_1.9.0/stm32cubeide/plugins/com.st.stm32cube.ide.mcu.externaltools.gnu-tools-for-stm32.10.3-2021.10.win32_1.0.0.202111181127/tools/bin/../lib/gcc/arm-none-eabi/10.3.1/thumb/v7e-m+fp/hard\libgcc.a(_udivmoddi4.o)
                0x0000000008000238                __udivmoddi4
 .text          0x0000000008000508        0x4 c:/st/stm32cubeide_1.9.0/stm32cubeide/plugins/com.st.stm32cube.ide.mcu.externaltools.gnu-tools-for-stm32.10.3-2021.10.win32_1.0.0.202111181127/tools/bin/../lib/gcc/arm-none-eabi/10.3.1/thumb/v7e-m+fp/hard\libgcc.a(_dvmd_tls.o)
                0x0000000008000508                __aeabi_idiv0
                0x0000000008000508                __aeabi_ldiv0
 *(.text*)
 .text.main     0x000000000800050c       0x6a ./Core/Src/main.o
                0x000000000800050c                main
 *fill*         0x0000000008000576        0x2 
 .text.SystemClock_Config
                0x0000000008000578       0xe4 ./Core/Src/main.o
                0x0000000008000578                SystemClock_Config
 .text.PeriphCommonClock_Config
                0x000000000800065c       0x64 ./Core/Src/main.o
                0x000000000800065c                PeriphCommonClock_Config
 .text.MX_ADC3_Init
                0x00000000080006c0       0xa4 ./Core/Src/main.o
 .text.MX_CRC_Init
                0x0000000008000764       0x44 ./Core/Src/main.o
 .text.MX_DCMI_Init
                0x00000000080007a8       0x68 ./Core/Src/main.o
 .text.MX_DMA2D_Init
                0x0000000008000810       0x64 ./Core/Src/main.o
 .text.MX_I2C3_Init
                0x0000000008000874       0x80 ./Core/Src/main.o
 .text.MX_LTDC_Init
                0x00000000080008f4      0x104 ./Core/Src/main.o
 .text.MX_QUADSPI_Init
                0x00000000080009f8       0x58 ./Core/Src/main.o
 .text.MX_RTC_Init
                0x0000000008000a50      0x14c ./Core/Src/main.o
 .text.MX_SAI2_Init
                0x0000000008000b9c      0x150 ./Core/Src/main.o
 .text.MX_SDMMC1_SD_Init
                0x0000000008000cec       0x40 ./Core/Src/main.o
 .text.MX_SPDIFRX_Init
                0x0000000008000d2c       0x60 ./Core/Src/main.o
 .text.MX_SPI2_Init
                0x0000000008000d8c       0x7c ./Core/Src/main.o
 .text.MX_TIM1_Init
                0x0000000008000e08      0x158 ./Core/Src/main.o
 .text.MX_TIM2_Init
                0x0000000008000f60       0xec ./Core/Src/main.o
 .text.MX_TIM3_Init
                0x000000000800104c       0xf0 ./Core/Src/main.o
 .text.MX_TIM5_Init
                0x000000000800113c       0xf0 ./Core/Src/main.o
 .text.MX_TIM8_Init
                0x000000000800122c       0xa8 ./Core/Src/main.o
 .text.MX_TIM12_Init
                0x00000000080012d4       0x8c ./Core/Src/main.o
 .text.MX_USART1_UART_Init
                0x0000000008001360       0x60 ./Core/Src/main.o
 .text.MX_FMC_Init
                0x00000000080013c0       0xa0 ./Core/Src/main.o
 .text.MX_GPIO_Init
                0x0000000008001460      0x450 ./Core/Src/main.o
 .text.HAL_TIM_PeriodElapsedCallback
                0x00000000080018b0       0x24 ./Core/Src/main.o
                0x00000000080018b0                HAL_TIM_PeriodElapsedCallback
 .text.Error_Handler
                0x00000000080018d4        0xa ./Core/Src/main.o
                0x00000000080018d4                Error_Handler
 *fill*         0x00000000080018de        0x2 
 .text.HAL_MspInit
                0x00000000080018e0       0x48 ./Core/Src/stm32f7xx_hal_msp.o
                0x00000000080018e0                HAL_MspInit
 .text.HAL_ADC_MspInit
                0x0000000008001928       0xb4 ./Core/Src/stm32f7xx_hal_msp.o
                0x0000000008001928                HAL_ADC_MspInit
 .text.HAL_CRC_MspInit
                0x00000000080019dc       0x40 ./Core/Src/stm32f7xx_hal_msp.o
                0x00000000080019dc                HAL_CRC_MspInit
 .text.HAL_DCMI_MspInit
                0x0000000008001a1c      0x17c ./Core/Src/stm32f7xx_hal_msp.o
                0x0000000008001a1c                HAL_DCMI_MspInit
 .text.HAL_DMA2D_MspInit
                0x0000000008001b98       0x4c ./Core/Src/stm32f7xx_hal_msp.o
                0x0000000008001b98                HAL_DMA2D_MspInit
 .text.HAL_I2C_MspInit
                0x0000000008001be4       0xc0 ./Core/Src/stm32f7xx_hal_msp.o
                0x0000000008001be4                HAL_I2C_MspInit
 .text.HAL_LTDC_MspInit
                0x0000000008001ca4      0x190 ./Core/Src/stm32f7xx_hal_msp.o
                0x0000000008001ca4                HAL_LTDC_MspInit
 .text.HAL_QSPI_MspInit
                0x0000000008001e34      0x120 ./Core/Src/stm32f7xx_hal_msp.o
                0x0000000008001e34                HAL_QSPI_MspInit
 .text.HAL_RTC_MspInit
                0x0000000008001f54       0x5c ./Core/Src/stm32f7xx_hal_msp.o
                0x0000000008001f54                HAL_RTC_MspInit
 .text.HAL_SD_MspInit
                0x0000000008001fb0       0xc4 ./Core/Src/stm32f7xx_hal_msp.o
                0x0000000008001fb0                HAL_SD_MspInit
 .text.HAL_SPDIFRX_MspInit
                0x0000000008002074       0xc8 ./Core/Src/stm32f7xx_hal_msp.o
                0x0000000008002074                HAL_SPDIFRX_MspInit
 .text.HAL_SPI_MspInit
                0x000000000800213c       0xc4 ./Core/Src/stm32f7xx_hal_msp.o
                0x000000000800213c                HAL_SPI_MspInit
 .text.HAL_TIM_Base_MspInit
                0x0000000008002200       0xdc ./Core/Src/stm32f7xx_hal_msp.o
                0x0000000008002200                HAL_TIM_Base_MspInit
 .text.HAL_TIM_PWM_MspInit
                0x00000000080022dc       0x40 ./Core/Src/stm32f7xx_hal_msp.o
                0x00000000080022dc                HAL_TIM_PWM_MspInit
 .text.HAL_TIM_MspPostInit
                0x000000000800231c      0x19c ./Core/Src/stm32f7xx_hal_msp.o
                0x000000000800231c                HAL_TIM_MspPostInit
 .text.HAL_UART_MspInit
                0x00000000080024b8      0x104 ./Core/Src/stm32f7xx_hal_msp.o
                0x00000000080024b8                HAL_UART_MspInit
 .text.HAL_FMC_MspInit
                0x00000000080025bc      0x120 ./Core/Src/stm32f7xx_hal_msp.o
 .text.HAL_SDRAM_MspInit
                0x00000000080026dc       0x14 ./Core/Src/stm32f7xx_hal_msp.o
                0x00000000080026dc                HAL_SDRAM_MspInit
 .text.HAL_SAI_MspInit
                0x00000000080026f0       0xd4 ./Core/Src/stm32f7xx_hal_msp.o
                0x00000000080026f0                HAL_SAI_MspInit
 .text.HAL_InitTick
                0x00000000080027c4       0xb0 ./Core/Src/stm32f7xx_hal_timebase_tim.o
                0x00000000080027c4                HAL_InitTick
 .text.NMI_Handler
                0x0000000008002874        0x6 ./Core/Src/stm32f7xx_it.o
                0x0000000008002874                NMI_Handler
 .text.HardFault_Handler
                0x000000000800287a        0x6 ./Core/Src/stm32f7xx_it.o
                0x000000000800287a                HardFault_Handler
 .text.MemManage_Handler
                0x0000000008002880        0x6 ./Core/Src/stm32f7xx_it.o
                0x0000000008002880                MemManage_Handler
 .text.BusFault_Handler
                0x0000000008002886        0x6 ./Core/Src/stm32f7xx_it.o
                0x0000000008002886                BusFault_Handler
 .text.UsageFault_Handler
                0x000000000800288c        0x6 ./Core/Src/stm32f7xx_it.o
                0x000000000800288c                UsageFault_Handler
 .text.SVC_Handler
                0x0000000008002892        0xe ./Core/Src/stm32f7xx_it.o
                0x0000000008002892                SVC_Handler
 .text.DebugMon_Handler
                0x00000000080028a0        0xe ./Core/Src/stm32f7xx_it.o
                0x00000000080028a0                DebugMon_Handler
 .text.PendSV_Handler
                0x00000000080028ae        0xe ./Core/Src/stm32f7xx_it.o
                0x00000000080028ae                PendSV_Handler
 .text.SysTick_Handler
                0x00000000080028bc        0xe ./Core/Src/stm32f7xx_it.o
                0x00000000080028bc                SysTick_Handler
 *fill*         0x00000000080028ca        0x2 
 .text.TIM6_DAC_IRQHandler
                0x00000000080028cc       0x14 ./Core/Src/stm32f7xx_it.o
                0x00000000080028cc                TIM6_DAC_IRQHandler
 .text.LTDC_IRQHandler
                0x00000000080028e0       0x14 ./Core/Src/stm32f7xx_it.o
                0x00000000080028e0                LTDC_IRQHandler
 .text.DMA2D_IRQHandler
                0x00000000080028f4       0x14 ./Core/Src/stm32f7xx_it.o
                0x00000000080028f4                DMA2D_IRQHandler
 .text.SystemInit
                0x0000000008002908       0x24 ./Core/Src/system_stm32f7xx.o
                0x0000000008002908                SystemInit
 .text.Reset_Handler
                0x000000000800292c       0x50 ./Core/Startup/startup_stm32f746nghx.o
                0x000000000800292c                Reset_Handler
 .text.Default_Handler
                0x000000000800297c        0x2 ./Core/Startup/startup_stm32f746nghx.o
                0x000000000800297c                RTC_Alarm_IRQHandler
                0x000000000800297c                EXTI2_IRQHandler
                0x000000000800297c                TIM8_CC_IRQHandler
                0x000000000800297c                UART8_IRQHandler
                0x000000000800297c                SPI4_IRQHandler
                0x000000000800297c                TIM1_CC_IRQHandler
                0x000000000800297c                DMA2_Stream5_IRQHandler
                0x000000000800297c                DMA1_Stream5_IRQHandler
                0x000000000800297c                PVD_IRQHandler
                0x000000000800297c                TAMP_STAMP_IRQHandler
                0x000000000800297c                CAN2_RX1_IRQHandler
                0x000000000800297c                EXTI3_IRQHandler
                0x000000000800297c                TIM8_TRG_COM_TIM14_IRQHandler
                0x000000000800297c                TIM1_UP_TIM10_IRQHandler
                0x000000000800297c                TIM8_UP_TIM13_IRQHandler
                0x000000000800297c                I2C3_ER_IRQHandler
                0x000000000800297c                EXTI0_IRQHandler
                0x000000000800297c                I2C2_EV_IRQHandler
                0x000000000800297c                DMA1_Stream2_IRQHandler
                0x000000000800297c                CAN1_RX0_IRQHandler
                0x000000000800297c                FPU_IRQHandler
                0x000000000800297c                OTG_HS_WKUP_IRQHandler
                0x000000000800297c                LTDC_ER_IRQHandler
                0x000000000800297c                CAN2_SCE_IRQHandler
                0x000000000800297c                DMA2_Stream2_IRQHandler
                0x000000000800297c                SPI1_IRQHandler
                0x000000000800297c                TIM1_BRK_TIM9_IRQHandler
                0x000000000800297c                DCMI_IRQHandler
                0x000000000800297c                CAN2_RX0_IRQHandler
                0x000000000800297c                DMA2_Stream3_IRQHandler
                0x000000000800297c                SAI2_IRQHandler
                0x000000000800297c                USART6_IRQHandler
                0x000000000800297c                USART3_IRQHandler
                0x000000000800297c                CAN1_RX1_IRQHandler
                0x000000000800297c                UART5_IRQHandler
                0x000000000800297c                DMA2_Stream0_IRQHandler
                0x000000000800297c                TIM4_IRQHandler
                0x000000000800297c                QUADSPI_IRQHandler
                0x000000000800297c                I2C1_EV_IRQHandler
                0x000000000800297c                DMA1_Stream6_IRQHandler
                0x000000000800297c                DMA1_Stream1_IRQHandler
                0x000000000800297c                UART4_IRQHandler
                0x000000000800297c                TIM3_IRQHandler
                0x000000000800297c                RCC_IRQHandler
                0x000000000800297c                TIM8_BRK_TIM12_IRQHandler
                0x000000000800297c                Default_Handler
                0x000000000800297c                CEC_IRQHandler
                0x000000000800297c                EXTI15_10_IRQHandler
                0x000000000800297c                ADC_IRQHandler
                0x000000000800297c                DMA1_Stream7_IRQHandler
                0x000000000800297c                SPI5_IRQHandler
                0x000000000800297c                TIM7_IRQHandler
                0x000000000800297c                SDMMC1_IRQHandler
                0x000000000800297c                CAN2_TX_IRQHandler
                0x000000000800297c                TIM5_IRQHandler
                0x000000000800297c                DMA2_Stream7_IRQHandler
                0x000000000800297c                I2C3_EV_IRQHandler
                0x000000000800297c                EXTI9_5_IRQHandler
                0x000000000800297c                RTC_WKUP_IRQHandler
                0x000000000800297c                ETH_WKUP_IRQHandler
                0x000000000800297c                SPDIF_RX_IRQHandler
                0x000000000800297c                SPI2_IRQHandler
                0x000000000800297c                OTG_HS_EP1_IN_IRQHandler
                0x000000000800297c                DMA1_Stream0_IRQHandler
                0x000000000800297c                CAN1_TX_IRQHandler
                0x000000000800297c                EXTI4_IRQHandler
                0x000000000800297c                RNG_IRQHandler
                0x000000000800297c                ETH_IRQHandler
                0x000000000800297c                OTG_HS_EP1_OUT_IRQHandler
                0x000000000800297c                WWDG_IRQHandler
                0x000000000800297c                SPI6_IRQHandler
                0x000000000800297c                I2C4_EV_IRQHandler
                0x000000000800297c                TIM2_IRQHandler
                0x000000000800297c                OTG_FS_WKUP_IRQHandler
                0x000000000800297c                TIM1_TRG_COM_TIM11_IRQHandler
                0x000000000800297c                OTG_HS_IRQHandler
                0x000000000800297c                EXTI1_IRQHandler
                0x000000000800297c                UART7_IRQHandler
                0x000000000800297c                USART2_IRQHandler
                0x000000000800297c                I2C2_ER_IRQHandler
                0x000000000800297c                DMA2_Stream1_IRQHandler
                0x000000000800297c                CAN1_SCE_IRQHandler
                0x000000000800297c                FLASH_IRQHandler
                0x000000000800297c                DMA2_Stream4_IRQHandler
                0x000000000800297c                USART1_IRQHandler
                0x000000000800297c                OTG_FS_IRQHandler
                0x000000000800297c                SPI3_IRQHandler
                0x000000000800297c                DMA1_Stream4_IRQHandler
                0x000000000800297c                I2C1_ER_IRQHandler
                0x000000000800297c                FMC_IRQHandler
                0x000000000800297c                LPTIM1_IRQHandler
                0x000000000800297c                I2C4_ER_IRQHandler
                0x000000000800297c                DMA2_Stream6_IRQHandler
                0x000000000800297c                SAI1_IRQHandler
                0x000000000800297c                DMA1_Stream3_IRQHandler
 .text.HAL_Init
                0x000000000800297e       0x1a ./Drivers/STM32F7xx_HAL_Driver/Src/stm32f7xx_hal.o
                0x000000000800297e                HAL_Init
 .text.HAL_IncTick
                0x0000000008002998       0x28 ./Drivers/STM32F7xx_HAL_Driver/Src/stm32f7xx_hal.o
                0x0000000008002998                HAL_IncTick
 .text.HAL_GetTick
                0x00000000080029c0       0x18 ./Drivers/STM32F7xx_HAL_Driver/Src/stm32f7xx_hal.o
                0x00000000080029c0                HAL_GetTick
 .text.HAL_Delay
                0x00000000080029d8       0x48 ./Drivers/STM32F7xx_HAL_Driver/Src/stm32f7xx_hal.o
                0x00000000080029d8                HAL_Delay
 .text.HAL_ADC_Init
                0x0000000008002a20       0x88 ./Drivers/STM32F7xx_HAL_Driver/Src/stm32f7xx_hal_adc.o
                0x0000000008002a20                HAL_ADC_Init
 .text.HAL_ADC_ConfigChannel
                0x0000000008002aa8      0x2ac ./Drivers/STM32F7xx_HAL_Driver/Src/stm32f7xx_hal_adc.o
                0x0000000008002aa8                HAL_ADC_ConfigChannel
 .text.ADC_Init
                0x0000000008002d54      0x1f4 ./Drivers/STM32F7xx_HAL_Driver/Src/stm32f7xx_hal_adc.o
 .text.__NVIC_SetPriorityGrouping
                0x0000000008002f48       0x48 ./Drivers/STM32F7xx_HAL_Driver/Src/stm32f7xx_hal_cortex.o
 .text.__NVIC_GetPriorityGrouping
                0x0000000008002f90       0x1c ./Drivers/STM32F7xx_HAL_Driver/Src/stm32f7xx_hal_cortex.o
 .text.__NVIC_EnableIRQ
                0x0000000008002fac       0x3c ./Drivers/STM32F7xx_HAL_Driver/Src/stm32f7xx_hal_cortex.o
 .text.__NVIC_SetPriority
                0x0000000008002fe8       0x54 ./Drivers/STM32F7xx_HAL_Driver/Src/stm32f7xx_hal_cortex.o
 .text.NVIC_EncodePriority
                0x000000000800303c       0x66 ./Drivers/STM32F7xx_HAL_Driver/Src/stm32f7xx_hal_cortex.o
 .text.HAL_NVIC_SetPriorityGrouping
                0x00000000080030a2       0x16 ./Drivers/STM32F7xx_HAL_Driver/Src/stm32f7xx_hal_cortex.o
                0x00000000080030a2                HAL_NVIC_SetPriorityGrouping
 .text.HAL_NVIC_SetPriority
                0x00000000080030b8       0x38 ./Drivers/STM32F7xx_HAL_Driver/Src/stm32f7xx_hal_cortex.o
                0x00000000080030b8                HAL_NVIC_SetPriority
 .text.HAL_NVIC_EnableIRQ
                0x00000000080030f0       0x1c ./Drivers/STM32F7xx_HAL_Driver/Src/stm32f7xx_hal_cortex.o
                0x00000000080030f0                HAL_NVIC_EnableIRQ
 .text.HAL_CRC_Init
                0x000000000800310c       0xc8 ./Drivers/STM32F7xx_HAL_Driver/Src/stm32f7xx_hal_crc.o
                0x000000000800310c                HAL_CRC_Init
 .text.HAL_CRCEx_Polynomial_Set
                0x00000000080031d4      0x10c ./Drivers/STM32F7xx_HAL_Driver/Src/stm32f7xx_hal_crc_ex.o
                0x00000000080031d4                HAL_CRCEx_Polynomial_Set
 .text.HAL_DCMI_Init
                0x00000000080032e0       0xf4 ./Drivers/STM32F7xx_HAL_Driver/Src/stm32f7xx_hal_dcmi.o
                0x00000000080032e0                HAL_DCMI_Init
 .text.HAL_DMA2D_Init
                0x00000000080033d4       0x94 ./Drivers/STM32F7xx_HAL_Driver/Src/stm32f7xx_hal_dma2d.o
                0x00000000080033d4                HAL_DMA2D_Init
 .text.HAL_DMA2D_IRQHandler
                0x0000000008003468      0x1f8 ./Drivers/STM32F7xx_HAL_Driver/Src/stm32f7xx_hal_dma2d.o
                0x0000000008003468                HAL_DMA2D_IRQHandler
 .text.HAL_DMA2D_LineEventCallback
                0x0000000008003660       0x14 ./Drivers/STM32F7xx_HAL_Driver/Src/stm32f7xx_hal_dma2d.o
                0x0000000008003660                HAL_DMA2D_LineEventCallback
 .text.HAL_DMA2D_CLUTLoadingCpltCallback
                0x0000000008003674       0x14 ./Drivers/STM32F7xx_HAL_Driver/Src/stm32f7xx_hal_dma2d.o
                0x0000000008003674                HAL_DMA2D_CLUTLoadingCpltCallback
 .text.HAL_DMA2D_ConfigLayer
                0x0000000008003688      0x124 ./Drivers/STM32F7xx_HAL_Driver/Src/stm32f7xx_hal_dma2d.o
                0x0000000008003688                HAL_DMA2D_ConfigLayer
 .text.HAL_GPIO_Init
                0x00000000080037ac      0x358 ./Drivers/STM32F7xx_HAL_Driver/Src/stm32f7xx_hal_gpio.o
                0x00000000080037ac                HAL_GPIO_Init
 .text.HAL_GPIO_ReadPin
                0x0000000008003b04       0x30 ./Drivers/STM32F7xx_HAL_Driver/Src/stm32f7xx_hal_gpio.o
                0x0000000008003b04                HAL_GPIO_ReadPin
 .text.HAL_GPIO_WritePin
                0x0000000008003b34       0x32 ./Drivers/STM32F7xx_HAL_Driver/Src/stm32f7xx_hal_gpio.o
                0x0000000008003b34                HAL_GPIO_WritePin
 *fill*         0x0000000008003b66        0x2 
 .text.HAL_I2C_Init
                0x0000000008003b68      0x120 ./Drivers/STM32F7xx_HAL_Driver/Src/stm32f7xx_hal_i2c.o
                0x0000000008003b68                HAL_I2C_Init
 .text.HAL_I2CEx_ConfigAnalogFilter
                0x0000000008003c88       0x96 ./Drivers/STM32F7xx_HAL_Driver/Src/stm32f7xx_hal_i2c_ex.o
                0x0000000008003c88                HAL_I2CEx_ConfigAnalogFilter
 .text.HAL_I2CEx_ConfigDigitalFilter
                0x0000000008003d1e       0x98 ./Drivers/STM32F7xx_HAL_Driver/Src/stm32f7xx_hal_i2c_ex.o
                0x0000000008003d1e                HAL_I2CEx_ConfigDigitalFilter
 *fill*         0x0000000008003db6        0x2 
 .text.HAL_LTDC_Init
                0x0000000008003db8      0x1a0 ./Drivers/STM32F7xx_HAL_Driver/Src/stm32f7xx_hal_ltdc.o
                0x0000000008003db8                HAL_LTDC_Init
 .text.HAL_LTDC_IRQHandler
                0x0000000008003f58      0x148 ./Drivers/STM32F7xx_HAL_Driver/Src/stm32f7xx_hal_ltdc.o
                0x0000000008003f58                HAL_LTDC_IRQHandler
 .text.HAL_LTDC_ErrorCallback
                0x00000000080040a0       0x14 ./Drivers/STM32F7xx_HAL_Driver/Src/stm32f7xx_hal_ltdc.o
                0x00000000080040a0                HAL_LTDC_ErrorCallback
 .text.HAL_LTDC_LineEventCallback
                0x00000000080040b4       0x14 ./Drivers/STM32F7xx_HAL_Driver/Src/stm32f7xx_hal_ltdc.o
                0x00000000080040b4                HAL_LTDC_LineEventCallback
 .text.HAL_LTDC_ReloadEventCallback
                0x00000000080040c8       0x14 ./Drivers/STM32F7xx_HAL_Driver/Src/stm32f7xx_hal_ltdc.o
                0x00000000080040c8                HAL_LTDC_ReloadEventCallback
 .text.HAL_LTDC_ConfigLayer
                0x00000000080040dc       0x7c ./Drivers/STM32F7xx_HAL_Driver/Src/stm32f7xx_hal_ltdc.o
                0x00000000080040dc                HAL_LTDC_ConfigLayer
 .text.LTDC_SetConfig
                0x0000000008004158      0x334 ./Drivers/STM32F7xx_HAL_Driver/Src/stm32f7xx_hal_ltdc.o
 .text.HAL_PWR_EnableBkUpAccess
                0x000000000800448c       0x20 ./Drivers/STM32F7xx_HAL_Driver/Src/stm32f7xx_hal_pwr.o
                0x000000000800448c                HAL_PWR_EnableBkUpAccess
 .text.HAL_PWREx_EnableOverDrive
                0x00000000080044ac       0xa0 ./Drivers/STM32F7xx_HAL_Driver/Src/stm32f7xx_hal_pwr_ex.o
                0x00000000080044ac                HAL_PWREx_EnableOverDrive
 .text.HAL_QSPI_Init
                0x000000000800454c       0xf8 ./Drivers/STM32F7xx_HAL_Driver/Src/stm32f7xx_hal_qspi.o
                0x000000000800454c                HAL_QSPI_Init
 .text.HAL_QSPI_SetTimeout
                0x0000000008004644       0x1c ./Drivers/STM32F7xx_HAL_Driver/Src/stm32f7xx_hal_qspi.o
                0x0000000008004644                HAL_QSPI_SetTimeout
 .text.QSPI_WaitFlagStateUntilTimeout
                0x0000000008004660       0x6e ./Drivers/STM32F7xx_HAL_Driver/Src/stm32f7xx_hal_qspi.o
 *fill*         0x00000000080046ce        0x2 
 .text.HAL_RCC_OscConfig
                0x00000000080046d0      0x548 ./Drivers/STM32F7xx_HAL_Driver/Src/stm32f7xx_hal_rcc.o
                0x00000000080046d0                HAL_RCC_OscConfig
 .text.HAL_RCC_ClockConfig
                0x0000000008004c18      0x1d8 ./Drivers/STM32F7xx_HAL_Driver/Src/stm32f7xx_hal_rcc.o
                0x0000000008004c18                HAL_RCC_ClockConfig
 .text.HAL_RCC_GetSysClockFreq
                0x0000000008004df0      0x18c ./Drivers/STM32F7xx_HAL_Driver/Src/stm32f7xx_hal_rcc.o
                0x0000000008004df0                HAL_RCC_GetSysClockFreq
 .text.HAL_RCC_GetHCLKFreq
                0x0000000008004f7c       0x18 ./Drivers/STM32F7xx_HAL_Driver/Src/stm32f7xx_hal_rcc.o
                0x0000000008004f7c                HAL_RCC_GetHCLKFreq
 .text.HAL_RCC_GetPCLK1Freq
                0x0000000008004f94       0x28 ./Drivers/STM32F7xx_HAL_Driver/Src/stm32f7xx_hal_rcc.o
                0x0000000008004f94                HAL_RCC_GetPCLK1Freq
 .text.HAL_RCC_GetPCLK2Freq
                0x0000000008004fbc       0x28 ./Drivers/STM32F7xx_HAL_Driver/Src/stm32f7xx_hal_rcc.o
                0x0000000008004fbc                HAL_RCC_GetPCLK2Freq
 .text.HAL_RCC_GetClockConfig
                0x0000000008004fe4       0x64 ./Drivers/STM32F7xx_HAL_Driver/Src/stm32f7xx_hal_rcc.o
                0x0000000008004fe4                HAL_RCC_GetClockConfig
 .text.HAL_RCCEx_PeriphCLKConfig
                0x0000000008005048      0x7e0 ./Drivers/STM32F7xx_HAL_Driver/Src/stm32f7xx_hal_rcc_ex.o
                0x0000000008005048                HAL_RCCEx_PeriphCLKConfig
 .text.HAL_RCCEx_GetPeriphCLKFreq
                0x0000000008005828      0x288 ./Drivers/STM32F7xx_HAL_Driver/Src/stm32f7xx_hal_rcc_ex.o
                0x0000000008005828                HAL_RCCEx_GetPeriphCLKFreq
 .text.HAL_RTC_Init
                0x0000000008005ab0      0x124 ./Drivers/STM32F7xx_HAL_Driver/Src/stm32f7xx_hal_rtc.o
                0x0000000008005ab0                HAL_RTC_Init
 .text.HAL_RTC_SetTime
                0x0000000008005bd4      0x17c ./Drivers/STM32F7xx_HAL_Driver/Src/stm32f7xx_hal_rtc.o
                0x0000000008005bd4                HAL_RTC_SetTime
 .text.HAL_RTC_SetDate
                0x0000000008005d50      0x150 ./Drivers/STM32F7xx_HAL_Driver/Src/stm32f7xx_hal_rtc.o
                0x0000000008005d50                HAL_RTC_SetDate
 .text.HAL_RTC_SetAlarm
                0x0000000008005ea0      0x230 ./Drivers/STM32F7xx_HAL_Driver/Src/stm32f7xx_hal_rtc.o
                0x0000000008005ea0                HAL_RTC_SetAlarm
 .text.HAL_RTC_WaitForSynchro
                0x00000000080060d0       0x50 ./Drivers/STM32F7xx_HAL_Driver/Src/stm32f7xx_hal_rtc.o
                0x00000000080060d0                HAL_RTC_WaitForSynchro
 .text.RTC_EnterInitMode
                0x0000000008006120       0x58 ./Drivers/STM32F7xx_HAL_Driver/Src/stm32f7xx_hal_rtc.o
                0x0000000008006120                RTC_EnterInitMode
 .text.RTC_ByteToBcd2
                0x0000000008006178       0x3c ./Drivers/STM32F7xx_HAL_Driver/Src/stm32f7xx_hal_rtc.o
                0x0000000008006178                RTC_ByteToBcd2
 .text.HAL_RTCEx_SetTimeStamp
                0x00000000080061b4       0xac ./Drivers/STM32F7xx_HAL_Driver/Src/stm32f7xx_hal_rtc_ex.o
                0x00000000080061b4                HAL_RTCEx_SetTimeStamp
 .text.HAL_SAI_Init
                0x0000000008006260      0x2fc ./Drivers/STM32F7xx_HAL_Driver/Src/stm32f7xx_hal_sai.o
                0x0000000008006260                HAL_SAI_Init
 .text.SAI_Disable
                0x000000000800655c       0x70 ./Drivers/STM32F7xx_HAL_Driver/Src/stm32f7xx_hal_sai.o
 .text.HAL_SD_Init
                0x00000000080065cc       0x60 ./Drivers/STM32F7xx_HAL_Driver/Src/stm32f7xx_hal_sd.o
                0x00000000080065cc                HAL_SD_Init
 .text.HAL_SD_InitCard
                0x000000000800662c      0x110 ./Drivers/STM32F7xx_HAL_Driver/Src/stm32f7xx_hal_sd.o
                0x000000000800662c                HAL_SD_InitCard
 .text.HAL_SD_ReadBlocks
                0x000000000800673c      0x3bc ./Drivers/STM32F7xx_HAL_Driver/Src/stm32f7xx_hal_sd.o
                0x000000000800673c                HAL_SD_ReadBlocks
 .text.HAL_SD_WriteBlocks
                0x0000000008006af8      0x30c ./Drivers/STM32F7xx_HAL_Driver/Src/stm32f7xx_hal_sd.o
                0x0000000008006af8                HAL_SD_WriteBlocks
 .text.HAL_SD_GetCardCSD
                0x0000000008006e04      0x348 ./Drivers/STM32F7xx_HAL_Driver/Src/stm32f7xx_hal_sd.o
                0x0000000008006e04                HAL_SD_GetCardCSD
 .text.HAL_SD_GetCardInfo
                0x000000000800714c       0x58 ./Drivers/STM32F7xx_HAL_Driver/Src/stm32f7xx_hal_sd.o
                0x000000000800714c                HAL_SD_GetCardInfo
 .text.HAL_SD_ConfigWideBusOperation
                0x00000000080071a4      0x134 ./Drivers/STM32F7xx_HAL_Driver/Src/stm32f7xx_hal_sd.o
                0x00000000080071a4                HAL_SD_ConfigWideBusOperation
 .text.HAL_SD_GetCardState
                0x00000000080072d8       0x40 ./Drivers/STM32F7xx_HAL_Driver/Src/stm32f7xx_hal_sd.o
                0x00000000080072d8                HAL_SD_GetCardState
 .text.SD_InitCard
                0x0000000008007318      0x19c ./Drivers/STM32F7xx_HAL_Driver/Src/stm32f7xx_hal_sd.o
 .text.SD_PowerON
                0x00000000080074b4      0x11c ./Drivers/STM32F7xx_HAL_Driver/Src/stm32f7xx_hal_sd.o
 .text.SD_SendStatus
                0x00000000080075d0       0x50 ./Drivers/STM32F7xx_HAL_Driver/Src/stm32f7xx_hal_sd.o
 .text.SD_WideBus_Enable
                0x0000000008007620       0x96 ./Drivers/STM32F7xx_HAL_Driver/Src/stm32f7xx_hal_sd.o
 .text.SD_WideBus_Disable
                0x00000000080076b6       0x96 ./Drivers/STM32F7xx_HAL_Driver/Src/stm32f7xx_hal_sd.o
 .text.SD_FindSCR
                0x000000000800774c      0x1a6 ./Drivers/STM32F7xx_HAL_Driver/Src/stm32f7xx_hal_sd.o
 .text.HAL_SDRAM_Init
                0x00000000080078f2       0x68 ./Drivers/STM32F7xx_HAL_Driver/Src/stm32f7xx_hal_sdram.o
                0x00000000080078f2                HAL_SDRAM_Init
 *fill*         0x000000000800795a        0x2 
 .text.HAL_SPDIFRX_Init
                0x000000000800795c       0xb8 ./Drivers/STM32F7xx_HAL_Driver/Src/stm32f7xx_hal_spdifrx.o
                0x000000000800795c                HAL_SPDIFRX_Init
 .text.HAL_SPI_Init
                0x0000000008007a14      0x156 ./Drivers/STM32F7xx_HAL_Driver/Src/stm32f7xx_hal_spi.o
                0x0000000008007a14                HAL_SPI_Init
 .text.HAL_TIM_Base_Init
                0x0000000008007b6a       0xae ./Drivers/STM32F7xx_HAL_Driver/Src/stm32f7xx_hal_tim.o
                0x0000000008007b6a                HAL_TIM_Base_Init
 .text.HAL_TIM_Base_Start_IT
                0x0000000008007c18       0xf0 ./Drivers/STM32F7xx_HAL_Driver/Src/stm32f7xx_hal_tim.o
                0x0000000008007c18                HAL_TIM_Base_Start_IT
 .text.HAL_TIM_PWM_Init
                0x0000000008007d08       0xae ./Drivers/STM32F7xx_HAL_Driver/Src/stm32f7xx_hal_tim.o
                0x0000000008007d08                HAL_TIM_PWM_Init
 .text.HAL_TIM_IRQHandler
                0x0000000008007db6      0x23e ./Drivers/STM32F7xx_HAL_Driver/Src/stm32f7xx_hal_tim.o
                0x0000000008007db6                HAL_TIM_IRQHandler
 .text.HAL_TIM_PWM_ConfigChannel
                0x0000000008007ff4      0x228 ./Drivers/STM32F7xx_HAL_Driver/Src/stm32f7xx_hal_tim.o
                0x0000000008007ff4                HAL_TIM_PWM_ConfigChannel
 .text.HAL_TIM_ConfigClockSource
                0x000000000800821c      0x194 ./Drivers/STM32F7xx_HAL_Driver/Src/stm32f7xx_hal_tim.o
                0x000000000800821c                HAL_TIM_ConfigClockSource
 .text.HAL_TIM_OC_DelayElapsedCallback
                0x00000000080083b0       0x14 ./Drivers/STM32F7xx_HAL_Driver/Src/stm32f7xx_hal_tim.o
                0x00000000080083b0                HAL_TIM_OC_DelayElapsedCallback
 .text.HAL_TIM_IC_CaptureCallback
                0x00000000080083c4       0x14 ./Drivers/STM32F7xx_HAL_Driver/Src/stm32f7xx_hal_tim.o
                0x00000000080083c4                HAL_TIM_IC_CaptureCallback
 .text.HAL_TIM_PWM_PulseFinishedCallback
                0x00000000080083d8       0x14 ./Drivers/STM32F7xx_HAL_Driver/Src/stm32f7xx_hal_tim.o
                0x00000000080083d8                HAL_TIM_PWM_PulseFinishedCallback
 .text.HAL_TIM_TriggerCallback
                0x00000000080083ec       0x14 ./Drivers/STM32F7xx_HAL_Driver/Src/stm32f7xx_hal_tim.o
                0x00000000080083ec                HAL_TIM_TriggerCallback
 .text.TIM_Base_SetConfig
                0x0000000008008400      0x140 ./Drivers/STM32F7xx_HAL_Driver/Src/stm32f7xx_hal_tim.o
                0x0000000008008400                TIM_Base_SetConfig
 .text.TIM_OC1_SetConfig
                0x0000000008008540       0xe4 ./Drivers/STM32F7xx_HAL_Driver/Src/stm32f7xx_hal_tim.o
 .text.TIM_OC2_SetConfig
                0x0000000008008624       0xf0 ./Drivers/STM32F7xx_HAL_Driver/Src/stm32f7xx_hal_tim.o
                0x0000000008008624                TIM_OC2_SetConfig
 .text.TIM_OC3_SetConfig
                0x0000000008008714       0xec ./Drivers/STM32F7xx_HAL_Driver/Src/stm32f7xx_hal_tim.o
 .text.TIM_OC4_SetConfig
                0x0000000008008800       0xb0 ./Drivers/STM32F7xx_HAL_Driver/Src/stm32f7xx_hal_tim.o
 .text.TIM_OC5_SetConfig
                0x00000000080088b0       0xa4 ./Drivers/STM32F7xx_HAL_Driver/Src/stm32f7xx_hal_tim.o
 .text.TIM_OC6_SetConfig
                0x0000000008008954       0xa8 ./Drivers/STM32F7xx_HAL_Driver/Src/stm32f7xx_hal_tim.o
 .text.TIM_TI1_ConfigInputStage
                0x00000000080089fc       0x5e ./Drivers/STM32F7xx_HAL_Driver/Src/stm32f7xx_hal_tim.o
 .text.TIM_TI2_ConfigInputStage
                0x0000000008008a5a       0x60 ./Drivers/STM32F7xx_HAL_Driver/Src/stm32f7xx_hal_tim.o
 .text.TIM_ITRx_SetConfig
                0x0000000008008aba       0x36 ./Drivers/STM32F7xx_HAL_Driver/Src/stm32f7xx_hal_tim.o
 .text.TIM_ETR_SetConfig
                0x0000000008008af0       0x40 ./Drivers/STM32F7xx_HAL_Driver/Src/stm32f7xx_hal_tim.o
                0x0000000008008af0                TIM_ETR_SetConfig
 .text.HAL_TIMEx_MasterConfigSynchronization
                0x0000000008008b30      0x11c ./Drivers/STM32F7xx_HAL_Driver/Src/stm32f7xx_hal_tim_ex.o
                0x0000000008008b30                HAL_TIMEx_MasterConfigSynchronization
 .text.HAL_TIMEx_ConfigBreakDeadTime
                0x0000000008008c4c       0xfc ./Drivers/STM32F7xx_HAL_Driver/Src/stm32f7xx_hal_tim_ex.o
                0x0000000008008c4c                HAL_TIMEx_ConfigBreakDeadTime
 .text.HAL_TIMEx_CommutCallback
                0x0000000008008d48       0x14 ./Drivers/STM32F7xx_HAL_Driver/Src/stm32f7xx_hal_tim_ex.o
                0x0000000008008d48                HAL_TIMEx_CommutCallback
 .text.HAL_TIMEx_BreakCallback
                0x0000000008008d5c       0x14 ./Drivers/STM32F7xx_HAL_Driver/Src/stm32f7xx_hal_tim_ex.o
                0x0000000008008d5c                HAL_TIMEx_BreakCallback
 .text.HAL_TIMEx_Break2Callback
                0x0000000008008d70       0x14 ./Drivers/STM32F7xx_HAL_Driver/Src/stm32f7xx_hal_tim_ex.o
                0x0000000008008d70                HAL_TIMEx_Break2Callback
 .text.HAL_UART_Init
                0x0000000008008d84       0x9c ./Drivers/STM32F7xx_HAL_Driver/Src/stm32f7xx_hal_uart.o
                0x0000000008008d84                HAL_UART_Init
 .text.UART_SetConfig
                0x0000000008008e20      0x4c8 ./Drivers/STM32F7xx_HAL_Driver/Src/stm32f7xx_hal_uart.o
                0x0000000008008e20                UART_SetConfig
 .text.UART_AdvFeatureConfig
                0x00000000080092e8      0x144 ./Drivers/STM32F7xx_HAL_Driver/Src/stm32f7xx_hal_uart.o
                0x00000000080092e8                UART_AdvFeatureConfig
 .text.UART_CheckIdleState
                0x000000000800942c       0x66 ./Drivers/STM32F7xx_HAL_Driver/Src/stm32f7xx_hal_uart.o
                0x000000000800942c                UART_CheckIdleState
 .text.UART_WaitOnFlagUntilTimeout
                0x0000000008009492      0x188 ./Drivers/STM32F7xx_HAL_Driver/Src/stm32f7xx_hal_uart.o
                0x0000000008009492                UART_WaitOnFlagUntilTimeout
 *fill*         0x000000000800961a        0x2 
 .text.FMC_SDRAM_Init
                0x000000000800961c       0xb8 ./Drivers/STM32F7xx_HAL_Driver/Src/stm32f7xx_ll_fmc.o
                0x000000000800961c                FMC_SDRAM_Init
 .text.FMC_SDRAM_Timing_Init
                0x00000000080096d4       0xd4 ./Drivers/STM32F7xx_HAL_Driver/Src/stm32f7xx_ll_fmc.o
                0x00000000080096d4                FMC_SDRAM_Timing_Init
 .text.SDMMC_Init
                0x00000000080097a8       0x58 ./Drivers/STM32F7xx_HAL_Driver/Src/stm32f7xx_ll_sdmmc.o
                0x00000000080097a8                SDMMC_Init
 .text.SDMMC_ReadFIFO
                0x0000000008009800       0x1a ./Drivers/STM32F7xx_HAL_Driver/Src/stm32f7xx_ll_sdmmc.o
                0x0000000008009800                SDMMC_ReadFIFO
 .text.SDMMC_WriteFIFO
                0x000000000800981a       0x22 ./Drivers/STM32F7xx_HAL_Driver/Src/stm32f7xx_ll_sdmmc.o
                0x000000000800981a                SDMMC_WriteFIFO
 .text.SDMMC_PowerState_ON
                0x000000000800983c       0x1c ./Drivers/STM32F7xx_HAL_Driver/Src/stm32f7xx_ll_sdmmc.o
                0x000000000800983c                SDMMC_PowerState_ON
 .text.SDMMC_GetPowerState
                0x0000000008009858       0x1c ./Drivers/STM32F7xx_HAL_Driver/Src/stm32f7xx_ll_sdmmc.o
                0x0000000008009858                SDMMC_GetPowerState
 .text.SDMMC_SendCommand
                0x0000000008009874       0x54 ./Drivers/STM32F7xx_HAL_Driver/Src/stm32f7xx_ll_sdmmc.o
                0x0000000008009874                SDMMC_SendCommand
 .text.SDMMC_GetCommandResponse
                0x00000000080098c8       0x1a ./Drivers/STM32F7xx_HAL_Driver/Src/stm32f7xx_ll_sdmmc.o
                0x00000000080098c8                SDMMC_GetCommandResponse
 .text.SDMMC_GetResponse
                0x00000000080098e2       0x26 ./Drivers/STM32F7xx_HAL_Driver/Src/stm32f7xx_ll_sdmmc.o
                0x00000000080098e2                SDMMC_GetResponse
 .text.SDMMC_ConfigData
                0x0000000008009908       0x58 ./Drivers/STM32F7xx_HAL_Driver/Src/stm32f7xx_ll_sdmmc.o
                0x0000000008009908                SDMMC_ConfigData
 .text.SDMMC_CmdBlockLength
                0x0000000008009960       0x44 ./Drivers/STM32F7xx_HAL_Driver/Src/stm32f7xx_ll_sdmmc.o
                0x0000000008009960                SDMMC_CmdBlockLength
 .text.SDMMC_CmdReadSingleBlock
                0x00000000080099a4       0x44 ./Drivers/STM32F7xx_HAL_Driver/Src/stm32f7xx_ll_sdmmc.o
                0x00000000080099a4                SDMMC_CmdReadSingleBlock
 .text.SDMMC_CmdReadMultiBlock
                0x00000000080099e8       0x44 ./Drivers/STM32F7xx_HAL_Driver/Src/stm32f7xx_ll_sdmmc.o
                0x00000000080099e8                SDMMC_CmdReadMultiBlock
 .text.SDMMC_CmdWriteSingleBlock
                0x0000000008009a2c       0x44 ./Drivers/STM32F7xx_HAL_Driver/Src/stm32f7xx_ll_sdmmc.o
                0x0000000008009a2c                SDMMC_CmdWriteSingleBlock
 .text.SDMMC_CmdWriteMultiBlock
                0x0000000008009a70       0x44 ./Drivers/STM32F7xx_HAL_Driver/Src/stm32f7xx_ll_sdmmc.o
                0x0000000008009a70                SDMMC_CmdWriteMultiBlock
 .text.SDMMC_CmdStopTransfer
                0x0000000008009ab4       0x44 ./Drivers/STM32F7xx_HAL_Driver/Src/stm32f7xx_ll_sdmmc.o
                0x0000000008009ab4                SDMMC_CmdStopTransfer
 .text.SDMMC_CmdSelDesel
                0x0000000008009af8       0x46 ./Drivers/STM32F7xx_HAL_Driver/Src/stm32f7xx_ll_sdmmc.o
                0x0000000008009af8                SDMMC_CmdSelDesel
 .text.SDMMC_CmdGoIdleState
                0x0000000008009b3e       0x3c ./Drivers/STM32F7xx_HAL_Driver/Src/stm32f7xx_ll_sdmmc.o
                0x0000000008009b3e                SDMMC_CmdGoIdleState
 .text.SDMMC_CmdOperCond
                0x0000000008009b7a       0x3e ./Drivers/STM32F7xx_HAL_Driver/Src/stm32f7xx_ll_sdmmc.o
                0x0000000008009b7a                SDMMC_CmdOperCond
 .text.SDMMC_CmdAppCommand
                0x0000000008009bb8       0x44 ./Drivers/STM32F7xx_HAL_Driver/Src/stm32f7xx_ll_sdmmc.o
                0x0000000008009bb8                SDMMC_CmdAppCommand
 .text.SDMMC_CmdAppOperCommand
                0x0000000008009bfc       0x48 ./Drivers/STM32F7xx_HAL_Driver/Src/stm32f7xx_ll_sdmmc.o
                0x0000000008009bfc                SDMMC_CmdAppOperCommand
 .text.SDMMC_CmdBusWidth
                0x0000000008009c44       0x44 ./Drivers/STM32F7xx_HAL_Driver/Src/stm32f7xx_ll_sdmmc.o
                0x0000000008009c44                SDMMC_CmdBusWidth
 .text.SDMMC_CmdSendSCR
                0x0000000008009c88       0x42 ./Drivers/STM32F7xx_HAL_Driver/Src/stm32f7xx_ll_sdmmc.o
                0x0000000008009c88                SDMMC_CmdSendSCR
 .text.SDMMC_CmdSendCID
                0x0000000008009cca       0x3c ./Drivers/STM32F7xx_HAL_Driver/Src/stm32f7xx_ll_sdmmc.o
                0x0000000008009cca                SDMMC_CmdSendCID
 .text.SDMMC_CmdSendCSD
                0x0000000008009d06       0x3e ./Drivers/STM32F7xx_HAL_Driver/Src/stm32f7xx_ll_sdmmc.o
                0x0000000008009d06                SDMMC_CmdSendCSD
 .text.SDMMC_CmdSetRelAdd
                0x0000000008009d44       0x42 ./Drivers/STM32F7xx_HAL_Driver/Src/stm32f7xx_ll_sdmmc.o
                0x0000000008009d44                SDMMC_CmdSetRelAdd
 .text.SDMMC_CmdSendStatus
                0x0000000008009d86       0x44 ./Drivers/STM32F7xx_HAL_Driver/Src/stm32f7xx_ll_sdmmc.o
                0x0000000008009d86                SDMMC_CmdSendStatus
 *fill*         0x0000000008009dca        0x2 
 .text.SDMMC_GetCmdResp1
                0x0000000008009dcc      0x1dc ./Drivers/STM32F7xx_HAL_Driver/Src/stm32f7xx_ll_sdmmc.o
                0x0000000008009dcc                SDMMC_GetCmdResp1
 .text.SDMMC_GetCmdResp2
                0x0000000008009fa8       0x90 ./Drivers/STM32F7xx_HAL_Driver/Src/stm32f7xx_ll_sdmmc.o
                0x0000000008009fa8                SDMMC_GetCmdResp2
 .text.SDMMC_GetCmdResp3
                0x000000000800a038       0x7c ./Drivers/STM32F7xx_HAL_Driver/Src/stm32f7xx_ll_sdmmc.o
                0x000000000800a038                SDMMC_GetCmdResp3
 .text.SDMMC_GetCmdResp6
                0x000000000800a0b4       0xec ./Drivers/STM32F7xx_HAL_Driver/Src/stm32f7xx_ll_sdmmc.o
                0x000000000800a0b4                SDMMC_GetCmdResp6
 .text.SDMMC_GetCmdResp7
                0x000000000800a1a0       0x9c ./Drivers/STM32F7xx_HAL_Driver/Src/stm32f7xx_ll_sdmmc.o
                0x000000000800a1a0                SDMMC_GetCmdResp7
 .text.SDMMC_GetCmdError
                0x000000000800a23c       0x58 ./Drivers/STM32F7xx_HAL_Driver/Src/stm32f7xx_ll_sdmmc.o
 .text.MX_FATFS_Init
                0x000000000800a294       0x24 ./FATFS/App/fatfs.o
                0x000000000800a294                MX_FATFS_Init
 .text.BSP_SD_Init
                0x000000000800a2b8       0x4c ./FATFS/Target/bsp_driver_sd.o
                0x000000000800a2b8                BSP_SD_Init
 .text.BSP_SD_ReadBlocks
                0x000000000800a304       0x3c ./FATFS/Target/bsp_driver_sd.o
                0x000000000800a304                BSP_SD_ReadBlocks
 .text.BSP_SD_WriteBlocks
                0x000000000800a340       0x3c ./FATFS/Target/bsp_driver_sd.o
                0x000000000800a340                BSP_SD_WriteBlocks
 .text.BSP_SD_GetCardState
                0x000000000800a37c       0x20 ./FATFS/Target/bsp_driver_sd.o
                0x000000000800a37c                BSP_SD_GetCardState
 .text.BSP_SD_GetCardInfo
                0x000000000800a39c       0x1c ./FATFS/Target/bsp_driver_sd.o
                0x000000000800a39c                BSP_SD_GetCardInfo
 .text.BSP_SD_IsDetected
                0x000000000800a3b8       0x24 ./FATFS/Target/bsp_driver_sd.o
                0x000000000800a3b8                BSP_SD_IsDetected
 .text.BSP_PlatformIsDetected
                0x000000000800a3dc       0x2c ./FATFS/Target/fatfs_platform.o
                0x000000000800a3dc                BSP_PlatformIsDetected
 .text.SD_CheckStatus
                0x000000000800a408       0x3c ./FATFS/Target/sd_diskio.o
 .text.SD_initialize
                0x000000000800a444       0x3c ./FATFS/Target/sd_diskio.o
                0x000000000800a444                SD_initialize
 .text.SD_status
                0x000000000800a480       0x1c ./FATFS/Target/sd_diskio.o
                0x000000000800a480                SD_status
 .text.SD_read  0x000000000800a49c       0x42 ./FATFS/Target/sd_diskio.o
                0x000000000800a49c                SD_read
 .text.SD_write
                0x000000000800a4de       0x42 ./FATFS/Target/sd_diskio.o
                0x000000000800a4de                SD_write
 .text.SD_ioctl
                0x000000000800a520       0xb0 ./FATFS/Target/sd_diskio.o
                0x000000000800a520                SD_ioctl
 .text.FATFS_LinkDriverEx
                0x000000000800a5d0       0x98 ./Middlewares/Third_Party/FatFs/src/ff_gen_drv.o
                0x000000000800a5d0                FATFS_LinkDriverEx
 .text.FATFS_LinkDriver
                0x000000000800a668       0x1e ./Middlewares/Third_Party/FatFs/src/ff_gen_drv.o
                0x000000000800a668                FATFS_LinkDriver
 *fill*         0x000000000800a686        0x2 
 .text.__libc_init_array
                0x000000000800a688       0x48 c:/st/stm32cubeide_1.9.0/stm32cubeide/plugins/com.st.stm32cube.ide.mcu.externaltools.gnu-tools-for-stm32.10.3-2021.10.win32_1.0.0.202111181127/tools/bin/../lib/gcc/arm-none-eabi/10.3.1/../../../../arm-none-eabi/lib/thumb/v7e-m+fp/hard\libc_nano.a(lib_a-init.o)
                0x000000000800a688                __libc_init_array
 .text.memset   0x000000000800a6d0       0x10 c:/st/stm32cubeide_1.9.0/stm32cubeide/plugins/com.st.stm32cube.ide.mcu.externaltools.gnu-tools-for-stm32.10.3-2021.10.win32_1.0.0.202111181127/tools/bin/../lib/gcc/arm-none-eabi/10.3.1/../../../../arm-none-eabi/lib/thumb/v7e-m+fp/hard\libc_nano.a(lib_a-memset.o)
                0x000000000800a6d0                memset
 *(.glue_7)
 .glue_7        0x000000000800a6e0        0x0 linker stubs
 *(.glue_7t)
 .glue_7t       0x000000000800a6e0        0x0 linker stubs
 *(.eh_frame)
 .eh_frame      0x000000000800a6e0        0x0 c:/st/stm32cubeide_1.9.0/stm32cubeide/plugins/com.st.stm32cube.ide.mcu.externaltools.gnu-tools-for-stm32.10.3-2021.10.win32_1.0.0.202111181127/tools/bin/../lib/gcc/arm-none-eabi/10.3.1/thumb/v7e-m+fp/hard/crtbegin.o
 *(.init)
 .init          0x000000000800a6e0        0x4 c:/st/stm32cubeide_1.9.0/stm32cubeide/plugins/com.st.stm32cube.ide.mcu.externaltools.gnu-tools-for-stm32.10.3-2021.10.win32_1.0.0.202111181127/tools/bin/../lib/gcc/arm-none-eabi/10.3.1/thumb/v7e-m+fp/hard/crti.o
                0x000000000800a6e0                _init
 .init          0x000000000800a6e4        0x8 c:/st/stm32cubeide_1.9.0/stm32cubeide/plugins/com.st.stm32cube.ide.mcu.externaltools.gnu-tools-for-stm32.10.3-2021.10.win32_1.0.0.202111181127/tools/bin/../lib/gcc/arm-none-eabi/10.3.1/thumb/v7e-m+fp/hard/crtn.o
 *(.fini)
 .fini          0x000000000800a6ec        0x4 c:/st/stm32cubeide_1.9.0/stm32cubeide/plugins/com.st.stm32cube.ide.mcu.externaltools.gnu-tools-for-stm32.10.3-2021.10.win32_1.0.0.202111181127/tools/bin/../lib/gcc/arm-none-eabi/10.3.1/thumb/v7e-m+fp/hard/crti.o
                0x000000000800a6ec                _fini
 .fini          0x000000000800a6f0        0x8 c:/st/stm32cubeide_1.9.0/stm32cubeide/plugins/com.st.stm32cube.ide.mcu.externaltools.gnu-tools-for-stm32.10.3-2021.10.win32_1.0.0.202111181127/tools/bin/../lib/gcc/arm-none-eabi/10.3.1/thumb/v7e-m+fp/hard/crtn.o
                0x000000000800a6f8                . = ALIGN (0x4)
                0x000000000800a6f8                _etext = .

.vfp11_veneer   0x000000000800a6f8        0x0
 .vfp11_veneer  0x000000000800a6f8        0x0 linker stubs

.v4_bx          0x000000000800a6f8        0x0
 .v4_bx         0x000000000800a6f8        0x0 linker stubs

.iplt           0x000000000800a6f8        0x0
 .iplt          0x000000000800a6f8        0x0 c:/st/stm32cubeide_1.9.0/stm32cubeide/plugins/com.st.stm32cube.ide.mcu.externaltools.gnu-tools-for-stm32.10.3-2021.10.win32_1.0.0.202111181127/tools/bin/../lib/gcc/arm-none-eabi/10.3.1/thumb/v7e-m+fp/hard/crtbegin.o

.rodata         0x000000000800a6f8       0x2c
                0x000000000800a6f8                . = ALIGN (0x4)
 *(.rodata)
 *(.rodata*)
 .rodata.AHBPrescTable
                0x000000000800a6f8       0x10 ./Core/Src/system_stm32f7xx.o
                0x000000000800a6f8                AHBPrescTable
 .rodata.APBPrescTable
                0x000000000800a708        0x8 ./Core/Src/system_stm32f7xx.o
                0x000000000800a708                APBPrescTable
 .rodata.SD_Driver
                0x000000000800a710       0x14 ./FATFS/Target/sd_diskio.o
                0x000000000800a710                SD_Driver
                0x000000000800a724                . = ALIGN (0x4)

.ARM.extab      0x000000000800a724        0x0
                0x000000000800a724                . = ALIGN (0x4)
 *(.ARM.extab* .gnu.linkonce.armextab.*)
                0x000000000800a724                . = ALIGN (0x4)

.ARM            0x000000000800a724        0x8
                0x000000000800a724                . = ALIGN (0x4)
                0x000000000800a724                __exidx_start = .
 *(.ARM.exidx*)
 .ARM.exidx     0x000000000800a724        0x8 c:/st/stm32cubeide_1.9.0/stm32cubeide/plugins/com.st.stm32cube.ide.mcu.externaltools.gnu-tools-for-stm32.10.3-2021.10.win32_1.0.0.202111181127/tools/bin/../lib/gcc/arm-none-eabi/10.3.1/thumb/v7e-m+fp/hard\libgcc.a(_udivmoddi4.o)
                0x000000000800a72c                __exidx_end = .
                0x000000000800a72c                . = ALIGN (0x4)

.rel.dyn        0x000000000800a72c        0x0
 .rel.iplt      0x000000000800a72c        0x0 c:/st/stm32cubeide_1.9.0/stm32cubeide/plugins/com.st.stm32cube.ide.mcu.externaltools.gnu-tools-for-stm32.10.3-2021.10.win32_1.0.0.202111181127/tools/bin/../lib/gcc/arm-none-eabi/10.3.1/thumb/v7e-m+fp/hard/crtbegin.o

.preinit_array  0x000000000800a72c        0x0
                0x000000000800a72c                . = ALIGN (0x4)
                0x000000000800a72c                PROVIDE (__preinit_array_start = .)
 *(.preinit_array*)
                0x000000000800a72c                PROVIDE (__preinit_array_end = .)
                0x000000000800a72c                . = ALIGN (0x4)

.init_array     0x000000000800a72c        0x4
                0x000000000800a72c                . = ALIGN (0x4)
                0x000000000800a72c                PROVIDE (__init_array_start = .)
 *(SORT_BY_NAME(.init_array.*))
 *(.init_array*)
 .init_array    0x000000000800a72c        0x4 c:/st/stm32cubeide_1.9.0/stm32cubeide/plugins/com.st.stm32cube.ide.mcu.externaltools.gnu-tools-for-stm32.10.3-2021.10.win32_1.0.0.202111181127/tools/bin/../lib/gcc/arm-none-eabi/10.3.1/thumb/v7e-m+fp/hard/crtbegin.o
                0x000000000800a730                PROVIDE (__init_array_end = .)
                0x000000000800a730                . = ALIGN (0x4)

.fini_array     0x000000000800a730        0x4
                0x000000000800a730                . = ALIGN (0x4)
                [!provide]                        PROVIDE (__fini_array_start = .)
 *(SORT_BY_NAME(.fini_array.*))
 *(.fini_array*)
 .fini_array    0x000000000800a730        0x4 c:/st/stm32cubeide_1.9.0/stm32cubeide/plugins/com.st.stm32cube.ide.mcu.externaltools.gnu-tools-for-stm32.10.3-2021.10.win32_1.0.0.202111181127/tools/bin/../lib/gcc/arm-none-eabi/10.3.1/thumb/v7e-m+fp/hard/crtbegin.o
                [!provide]                        PROVIDE (__fini_array_end = .)
                0x000000000800a734                . = ALIGN (0x4)
                0x000000000800a734                _sidata = LOADADDR (.data)

.data           0x0000000020000000        0xc load address 0x000000000800a734
                0x0000000020000000                . = ALIGN (0x4)
                0x0000000020000000                _sdata = .
 *(.data)
 *(.data*)
 .data.SystemCoreClock
                0x0000000020000000        0x4 ./Core/Src/system_stm32f7xx.o
                0x0000000020000000                SystemCoreClock
 .data.uwTickPrio
                0x0000000020000004        0x4 ./Drivers/STM32F7xx_HAL_Driver/Src/stm32f7xx_hal.o
                0x0000000020000004                uwTickPrio
 .data.uwTickFreq
                0x0000000020000008        0x1 ./Drivers/STM32F7xx_HAL_Driver/Src/stm32f7xx_hal.o
                0x0000000020000008                uwTickFreq
 .data.Stat     0x0000000020000009        0x1 ./FATFS/Target/sd_diskio.o
 *(.RamFunc)
 *(.RamFunc*)
                0x000000002000000c                . = ALIGN (0x4)
 *fill*         0x000000002000000a        0x2 
                0x000000002000000c                _edata = .

.igot.plt       0x000000002000000c        0x0 load address 0x000000000800a740
 .igot.plt      0x000000002000000c        0x0 c:/st/stm32cubeide_1.9.0/stm32cubeide/plugins/com.st.stm32cube.ide.mcu.externaltools.gnu-tools-for-stm32.10.3-2021.10.win32_1.0.0.202111181127/tools/bin/../lib/gcc/arm-none-eabi/10.3.1/thumb/v7e-m+fp/hard/crtbegin.o
                0x000000002000000c                . = ALIGN (0x4)

.bss            0x000000002000000c      0x7a0 load address 0x000000000800a740
                0x000000002000000c                _sbss = .
                0x000000002000000c                __bss_start__ = _sbss
 *(.bss)
 .bss           0x000000002000000c       0x1c c:/st/stm32cubeide_1.9.0/stm32cubeide/plugins/com.st.stm32cube.ide.mcu.externaltools.gnu-tools-for-stm32.10.3-2021.10.win32_1.0.0.202111181127/tools/bin/../lib/gcc/arm-none-eabi/10.3.1/thumb/v7e-m+fp/hard/crtbegin.o
 *(.bss*)
 .bss.hadc3     0x0000000020000028       0x48 ./Core/Src/main.o
                0x0000000020000028                hadc3
 .bss.hcrc      0x0000000020000070       0x24 ./Core/Src/main.o
                0x0000000020000070                hcrc
 .bss.hdcmi     0x0000000020000094       0x50 ./Core/Src/main.o
                0x0000000020000094                hdcmi
 .bss.hdma2d    0x00000000200000e4       0x40 ./Core/Src/main.o
                0x00000000200000e4                hdma2d
 .bss.hi2c3     0x0000000020000124       0x4c ./Core/Src/main.o
                0x0000000020000124                hi2c3
 .bss.hltdc     0x0000000020000170       0xa8 ./Core/Src/main.o
                0x0000000020000170                hltdc
 .bss.hqspi     0x0000000020000218       0x4c ./Core/Src/main.o
                0x0000000020000218                hqspi
 .bss.hrtc      0x0000000020000264       0x20 ./Core/Src/main.o
                0x0000000020000264                hrtc
 .bss.hsai_BlockA2
                0x0000000020000284       0x84 ./Core/Src/main.o
                0x0000000020000284                hsai_BlockA2
 .bss.hsai_BlockB2
                0x0000000020000308       0x84 ./Core/Src/main.o
                0x0000000020000308                hsai_BlockB2
 .bss.hsd1      0x000000002000038c       0x84 ./Core/Src/main.o
                0x000000002000038c                hsd1
 .bss.hspdif    0x0000000020000410       0x4c ./Core/Src/main.o
                0x0000000020000410                hspdif
 .bss.hspi2     0x000000002000045c       0x64 ./Core/Src/main.o
                0x000000002000045c                hspi2
 .bss.htim1     0x00000000200004c0       0x4c ./Core/Src/main.o
                0x00000000200004c0                htim1
 .bss.htim2     0x000000002000050c       0x4c ./Core/Src/main.o
                0x000000002000050c                htim2
 .bss.htim3     0x0000000020000558       0x4c ./Core/Src/main.o
                0x0000000020000558                htim3
 .bss.htim5     0x00000000200005a4       0x4c ./Core/Src/main.o
                0x00000000200005a4                htim5
 .bss.htim8     0x00000000200005f0       0x4c ./Core/Src/main.o
                0x00000000200005f0                htim8
 .bss.htim12    0x000000002000063c       0x4c ./Core/Src/main.o
                0x000000002000063c                htim12
 .bss.huart1    0x0000000020000688       0x84 ./Core/Src/main.o
                0x0000000020000688                huart1
 .bss.hsdram1   0x000000002000070c       0x34 ./Core/Src/main.o
                0x000000002000070c                hsdram1
 .bss.FMC_Initialized
                0x0000000020000740        0x4 ./Core/Src/stm32f7xx_hal_msp.o
 .bss.SAI2_client
                0x0000000020000744        0x4 ./Core/Src/stm32f7xx_hal_msp.o
 .bss.htim6     0x0000000020000748       0x4c ./Core/Src/stm32f7xx_hal_timebase_tim.o
                0x0000000020000748                htim6
 .bss.uwTick    0x0000000020000794        0x4 ./Drivers/STM32F7xx_HAL_Driver/Src/stm32f7xx_hal.o
                0x0000000020000794                uwTick
 .bss.retSD     0x0000000020000798        0x1 ./FATFS/App/fatfs.o
                0x0000000020000798                retSD
 *fill*         0x0000000020000799        0x3 
 .bss.SDPath    0x000000002000079c        0x4 ./FATFS/App/fatfs.o
                0x000000002000079c                SDPath
 .bss.disk      0x00000000200007a0        0xc ./Middlewares/Third_Party/FatFs/src/ff_gen_drv.o
                0x00000000200007a0                disk
 *(COMMON)
                0x00000000200007ac                . = ALIGN (0x4)
                0x00000000200007ac                _ebss = .
                0x00000000200007ac                __bss_end__ = _ebss

._user_heap_stack
                0x00000000200007ac     0x2004 load address 0x000000000800a740
                0x00000000200007b0                . = ALIGN (0x8)
 *fill*         0x00000000200007ac        0x4 
                [!provide]                        PROVIDE (end = .)
                0x00000000200007b0                PROVIDE (_end = .)
                0x00000000200017b0                . = (. + _Min_Heap_Size)
 *fill*         0x00000000200007b0     0x1000 
                0x00000000200027b0                . = (. + _Min_Stack_Size)
 *fill*         0x00000000200017b0     0x1000 
                0x00000000200027b0                . = ALIGN (0x8)

/DISCARD/
 libc.a(*)
 libm.a(*)
 libgcc.a(*)

.ARM.attributes
                0x0000000000000000       0x30
 *(.ARM.attributes)
 .ARM.attributes
                0x0000000000000000       0x1e c:/st/stm32cubeide_1.9.0/stm32cubeide/plugins/com.st.stm32cube.ide.mcu.externaltools.gnu-tools-for-stm32.10.3-2021.10.win32_1.0.0.202111181127/tools/bin/../lib/gcc/arm-none-eabi/10.3.1/thumb/v7e-m+fp/hard/crti.o
 .ARM.attributes
                0x000000000000001e       0x34 c:/st/stm32cubeide_1.9.0/stm32cubeide/plugins/com.st.stm32cube.ide.mcu.externaltools.gnu-tools-for-stm32.10.3-2021.10.win32_1.0.0.202111181127/tools/bin/../lib/gcc/arm-none-eabi/10.3.1/thumb/v7e-m+fp/hard/crtbegin.o
 .ARM.attributes
                0x0000000000000052       0x34 ./Core/Src/main.o
 .ARM.attributes
                0x0000000000000086       0x34 ./Core/Src/stm32f7xx_hal_msp.o
 .ARM.attributes
                0x00000000000000ba       0x34 ./Core/Src/stm32f7xx_hal_timebase_tim.o
 .ARM.attributes
                0x00000000000000ee       0x34 ./Core/Src/stm32f7xx_it.o
 .ARM.attributes
                0x0000000000000122       0x34 ./Core/Src/system_stm32f7xx.o
 .ARM.attributes
                0x0000000000000156       0x21 ./Core/Startup/startup_stm32f746nghx.o
 .ARM.attributes
                0x0000000000000177       0x34 ./Drivers/STM32F7xx_HAL_Driver/Src/stm32f7xx_hal.o
 .ARM.attributes
                0x00000000000001ab       0x34 ./Drivers/STM32F7xx_HAL_Driver/Src/stm32f7xx_hal_adc.o
 .ARM.attributes
                0x00000000000001df       0x34 ./Drivers/STM32F7xx_HAL_Driver/Src/stm32f7xx_hal_cortex.o
 .ARM.attributes
                0x0000000000000213       0x34 ./Drivers/STM32F7xx_HAL_Driver/Src/stm32f7xx_hal_crc.o
 .ARM.attributes
                0x0000000000000247       0x34 ./Drivers/STM32F7xx_HAL_Driver/Src/stm32f7xx_hal_crc_ex.o
 .ARM.attributes
                0x000000000000027b       0x34 ./Drivers/STM32F7xx_HAL_Driver/Src/stm32f7xx_hal_dcmi.o
 .ARM.attributes
                0x00000000000002af       0x34 ./Drivers/STM32F7xx_HAL_Driver/Src/stm32f7xx_hal_dma2d.o
 .ARM.attributes
                0x00000000000002e3       0x34 ./Drivers/STM32F7xx_HAL_Driver/Src/stm32f7xx_hal_gpio.o
 .ARM.attributes
                0x0000000000000317       0x34 ./Drivers/STM32F7xx_HAL_Driver/Src/stm32f7xx_hal_i2c.o
 .ARM.attributes
                0x000000000000034b       0x34 ./Drivers/STM32F7xx_HAL_Driver/Src/stm32f7xx_hal_i2c_ex.o
 .ARM.attributes
                0x000000000000037f       0x34 ./Drivers/STM32F7xx_HAL_Driver/Src/stm32f7xx_hal_ltdc.o
 .ARM.attributes
                0x00000000000003b3       0x34 ./Drivers/STM32F7xx_HAL_Driver/Src/stm32f7xx_hal_pwr.o
 .ARM.attributes
                0x00000000000003e7       0x34 ./Drivers/STM32F7xx_HAL_Driver/Src/stm32f7xx_hal_pwr_ex.o
 .ARM.attributes
                0x000000000000041b       0x34 ./Drivers/STM32F7xx_HAL_Driver/Src/stm32f7xx_hal_qspi.o
 .ARM.attributes
                0x000000000000044f       0x34 ./Drivers/STM32F7xx_HAL_Driver/Src/stm32f7xx_hal_rcc.o
 .ARM.attributes
                0x0000000000000483       0x34 ./Drivers/STM32F7xx_HAL_Driver/Src/stm32f7xx_hal_rcc_ex.o
 .ARM.attributes
                0x00000000000004b7       0x34 ./Drivers/STM32F7xx_HAL_Driver/Src/stm32f7xx_hal_rtc.o
 .ARM.attributes
                0x00000000000004eb       0x34 ./Drivers/STM32F7xx_HAL_Driver/Src/stm32f7xx_hal_rtc_ex.o
 .ARM.attributes
                0x000000000000051f       0x34 ./Drivers/STM32F7xx_HAL_Driver/Src/stm32f7xx_hal_sai.o
 .ARM.attributes
                0x0000000000000553       0x34 ./Drivers/STM32F7xx_HAL_Driver/Src/stm32f7xx_hal_sd.o
 .ARM.attributes
                0x0000000000000587       0x34 ./Drivers/STM32F7xx_HAL_Driver/Src/stm32f7xx_hal_sdram.o
 .ARM.attributes
                0x00000000000005bb       0x34 ./Drivers/STM32F7xx_HAL_Driver/Src/stm32f7xx_hal_spdifrx.o
 .ARM.attributes
                0x00000000000005ef       0x34 ./Drivers/STM32F7xx_HAL_Driver/Src/stm32f7xx_hal_spi.o
 .ARM.attributes
                0x0000000000000623       0x34 ./Drivers/STM32F7xx_HAL_Driver/Src/stm32f7xx_hal_tim.o
 .ARM.attributes
                0x0000000000000657       0x34 ./Drivers/STM32F7xx_HAL_Driver/Src/stm32f7xx_hal_tim_ex.o
 .ARM.attributes
                0x000000000000068b       0x34 ./Drivers/STM32F7xx_HAL_Driver/Src/stm32f7xx_hal_uart.o
 .ARM.attributes
                0x00000000000006bf       0x34 ./Drivers/STM32F7xx_HAL_Driver/Src/stm32f7xx_ll_fmc.o
 .ARM.attributes
                0x00000000000006f3       0x34 ./Drivers/STM32F7xx_HAL_Driver/Src/stm32f7xx_ll_sdmmc.o
 .ARM.attributes
                0x0000000000000727       0x34 ./FATFS/App/fatfs.o
 .ARM.attributes
                0x000000000000075b       0x34 ./FATFS/Target/bsp_driver_sd.o
 .ARM.attributes
                0x000000000000078f       0x34 ./FATFS/Target/fatfs_platform.o
 .ARM.attributes
                0x00000000000007c3       0x34 ./FATFS/Target/sd_diskio.o
 .ARM.attributes
                0x00000000000007f7       0x34 ./Middlewares/Third_Party/FatFs/src/ff_gen_drv.o
 .ARM.attributes
                0x000000000000082b       0x34 c:/st/stm32cubeide_1.9.0/stm32cubeide/plugins/com.st.stm32cube.ide.mcu.externaltools.gnu-tools-for-stm32.10.3-2021.10.win32_1.0.0.202111181127/tools/bin/../lib/gcc/arm-none-eabi/10.3.1/../../../../arm-none-eabi/lib/thumb/v7e-m+fp/hard\libc_nano.a(lib_a-init.o)
 .ARM.attributes
                0x000000000000085f       0x34 c:/st/stm32cubeide_1.9.0/stm32cubeide/plugins/com.st.stm32cube.ide.mcu.externaltools.gnu-tools-for-stm32.10.3-2021.10.win32_1.0.0.202111181127/tools/bin/../lib/gcc/arm-none-eabi/10.3.1/../../../../arm-none-eabi/lib/thumb/v7e-m+fp/hard\libc_nano.a(lib_a-memset.o)
 .ARM.attributes
                0x0000000000000893       0x1e c:/st/stm32cubeide_1.9.0/stm32cubeide/plugins/com.st.stm32cube.ide.mcu.externaltools.gnu-tools-for-stm32.10.3-2021.10.win32_1.0.0.202111181127/tools/bin/../lib/gcc/arm-none-eabi/10.3.1/thumb/v7e-m+fp/hard\libgcc.a(_aeabi_uldivmod.o)
 .ARM.attributes
                0x00000000000008b1       0x34 c:/st/stm32cubeide_1.9.0/stm32cubeide/plugins/com.st.stm32cube.ide.mcu.externaltools.gnu-tools-for-stm32.10.3-2021.10.win32_1.0.0.202111181127/tools/bin/../lib/gcc/arm-none-eabi/10.3.1/thumb/v7e-m+fp/hard\libgcc.a(_udivmoddi4.o)
 .ARM.attributes
                0x00000000000008e5       0x1e c:/st/stm32cubeide_1.9.0/stm32cubeide/plugins/com.st.stm32cube.ide.mcu.externaltools.gnu-tools-for-stm32.10.3-2021.10.win32_1.0.0.202111181127/tools/bin/../lib/gcc/arm-none-eabi/10.3.1/thumb/v7e-m+fp/hard\libgcc.a(_dvmd_tls.o)
 .ARM.attributes
                0x0000000000000903       0x1e c:/st/stm32cubeide_1.9.0/stm32cubeide/plugins/com.st.stm32cube.ide.mcu.externaltools.gnu-tools-for-stm32.10.3-2021.10.win32_1.0.0.202111181127/tools/bin/../lib/gcc/arm-none-eabi/10.3.1/thumb/v7e-m+fp/hard/crtn.o
OUTPUT(labo_oscillo.elf elf32-littlearm)
LOAD linker stubs
LOAD c:/st/stm32cubeide_1.9.0/stm32cubeide/plugins/com.st.stm32cube.ide.mcu.externaltools.gnu-tools-for-stm32.10.3-2021.10.win32_1.0.0.202111181127/tools/bin/../lib/gcc/arm-none-eabi/10.3.1/../../../../arm-none-eabi/lib/thumb/v7e-m+fp/hard\libc.a
LOAD c:/st/stm32cubeide_1.9.0/stm32cubeide/plugins/com.st.stm32cube.ide.mcu.externaltools.gnu-tools-for-stm32.10.3-2021.10.win32_1.0.0.202111181127/tools/bin/../lib/gcc/arm-none-eabi/10.3.1/../../../../arm-none-eabi/lib/thumb/v7e-m+fp/hard\libm.a
LOAD c:/st/stm32cubeide_1.9.0/stm32cubeide/plugins/com.st.stm32cube.ide.mcu.externaltools.gnu-tools-for-stm32.10.3-2021.10.win32_1.0.0.202111181127/tools/bin/../lib/gcc/arm-none-eabi/10.3.1/thumb/v7e-m+fp/hard\libgcc.a

.debug_info     0x0000000000000000    0x2aa7c
 .debug_info    0x0000000000000000     0x4310 ./Core/Src/main.o
 .debug_info    0x0000000000004310     0x4235 ./Core/Src/stm32f7xx_hal_msp.o
 .debug_info    0x0000000000008545      0xcf6 ./Core/Src/stm32f7xx_hal_timebase_tim.o
 .debug_info    0x000000000000923b      0xea0 ./Core/Src/stm32f7xx_it.o
 .debug_info    0x000000000000a0db      0x72c ./Core/Src/system_stm32f7xx.o
 .debug_info    0x000000000000a807       0x22 ./Core/Startup/startup_stm32f746nghx.o
 .debug_info    0x000000000000a829      0xa0c ./Drivers/STM32F7xx_HAL_Driver/Src/stm32f7xx_hal.o
 .debug_info    0x000000000000b235      0xd19 ./Drivers/STM32F7xx_HAL_Driver/Src/stm32f7xx_hal_adc.o
 .debug_info    0x000000000000bf4e     0x105a ./Drivers/STM32F7xx_HAL_Driver/Src/stm32f7xx_hal_cortex.o
 .debug_info    0x000000000000cfa8      0x57c ./Drivers/STM32F7xx_HAL_Driver/Src/stm32f7xx_hal_crc.o
 .debug_info    0x000000000000d524      0x38f ./Drivers/STM32F7xx_HAL_Driver/Src/stm32f7xx_hal_crc_ex.o
 .debug_info    0x000000000000d8b3      0xb92 ./Drivers/STM32F7xx_HAL_Driver/Src/stm32f7xx_hal_dcmi.o
 .debug_info    0x000000000000e445      0xf9f ./Drivers/STM32F7xx_HAL_Driver/Src/stm32f7xx_hal_dma2d.o
 .debug_info    0x000000000000f3e4      0x794 ./Drivers/STM32F7xx_HAL_Driver/Src/stm32f7xx_hal_gpio.o
 .debug_info    0x000000000000fb78     0x2231 ./Drivers/STM32F7xx_HAL_Driver/Src/stm32f7xx_hal_i2c.o
 .debug_info    0x0000000000011da9      0x9ba ./Drivers/STM32F7xx_HAL_Driver/Src/stm32f7xx_hal_i2c_ex.o
 .debug_info    0x0000000000012763     0x1131 ./Drivers/STM32F7xx_HAL_Driver/Src/stm32f7xx_hal_ltdc.o
 .debug_info    0x0000000000013894      0x978 ./Drivers/STM32F7xx_HAL_Driver/Src/stm32f7xx_hal_pwr.o
 .debug_info    0x000000000001420c      0x92e ./Drivers/STM32F7xx_HAL_Driver/Src/stm32f7xx_hal_pwr_ex.o
 .debug_info    0x0000000000014b3a     0x135e ./Drivers/STM32F7xx_HAL_Driver/Src/stm32f7xx_hal_qspi.o
 .debug_info    0x0000000000015e98      0x99c ./Drivers/STM32F7xx_HAL_Driver/Src/stm32f7xx_hal_rcc.o
 .debug_info    0x0000000000016834      0x764 ./Drivers/STM32F7xx_HAL_Driver/Src/stm32f7xx_hal_rcc_ex.o
 .debug_info    0x0000000000016f98      0xd3f ./Drivers/STM32F7xx_HAL_Driver/Src/stm32f7xx_hal_rtc.o
 .debug_info    0x0000000000017cd7     0x1079 ./Drivers/STM32F7xx_HAL_Driver/Src/stm32f7xx_hal_rtc_ex.o
 .debug_info    0x0000000000018d50     0x1215 ./Drivers/STM32F7xx_HAL_Driver/Src/stm32f7xx_hal_sai.o
 .debug_info    0x0000000000019f65     0x1d19 ./Drivers/STM32F7xx_HAL_Driver/Src/stm32f7xx_hal_sd.o
 .debug_info    0x000000000001bc7e      0xf46 ./Drivers/STM32F7xx_HAL_Driver/Src/stm32f7xx_hal_sdram.o
 .debug_info    0x000000000001cbc4      0xd95 ./Drivers/STM32F7xx_HAL_Driver/Src/stm32f7xx_hal_spdifrx.o
 .debug_info    0x000000000001d959     0x1802 ./Drivers/STM32F7xx_HAL_Driver/Src/stm32f7xx_hal_spi.o
 .debug_info    0x000000000001f15b     0x2cee ./Drivers/STM32F7xx_HAL_Driver/Src/stm32f7xx_hal_tim.o
 .debug_info    0x0000000000021e49     0x16c6 ./Drivers/STM32F7xx_HAL_Driver/Src/stm32f7xx_hal_tim_ex.o
 .debug_info    0x000000000002350f     0x3ca3 ./Drivers/STM32F7xx_HAL_Driver/Src/stm32f7xx_hal_uart.o
 .debug_info    0x00000000000271b2      0xc35 ./Drivers/STM32F7xx_HAL_Driver/Src/stm32f7xx_ll_fmc.o
 .debug_info    0x0000000000027de7     0x11dd ./Drivers/STM32F7xx_HAL_Driver/Src/stm32f7xx_ll_sdmmc.o
 .debug_info    0x0000000000028fc4      0x4fa ./FATFS/App/fatfs.o
 .debug_info    0x00000000000294be      0xb4f ./FATFS/Target/bsp_driver_sd.o
 .debug_info    0x000000000002a00d      0x1dd ./FATFS/Target/fatfs_platform.o
 .debug_info    0x000000000002a1ea      0x4e9 ./FATFS/Target/sd_diskio.o
 .debug_info    0x000000000002a6d3      0x3a9 ./Middlewares/Third_Party/FatFs/src/ff_gen_drv.o

.debug_abbrev   0x0000000000000000     0x4e0d
 .debug_abbrev  0x0000000000000000      0x313 ./Core/Src/main.o
 .debug_abbrev  0x0000000000000313      0x2e1 ./Core/Src/stm32f7xx_hal_msp.o
 .debug_abbrev  0x00000000000005f4      0x1d3 ./Core/Src/stm32f7xx_hal_timebase_tim.o
 .debug_abbrev  0x00000000000007c7      0x1a2 ./Core/Src/stm32f7xx_it.o
 .debug_abbrev  0x0000000000000969      0x136 ./Core/Src/system_stm32f7xx.o
 .debug_abbrev  0x0000000000000a9f       0x12 ./Core/Startup/startup_stm32f746nghx.o
 .debug_abbrev  0x0000000000000ab1      0x20d ./Drivers/STM32F7xx_HAL_Driver/Src/stm32f7xx_hal.o
 .debug_abbrev  0x0000000000000cbe      0x244 ./Drivers/STM32F7xx_HAL_Driver/Src/stm32f7xx_hal_adc.o
 .debug_abbrev  0x0000000000000f02      0x316 ./Drivers/STM32F7xx_HAL_Driver/Src/stm32f7xx_hal_cortex.o
 .debug_abbrev  0x0000000000001218      0x1d8 ./Drivers/STM32F7xx_HAL_Driver/Src/stm32f7xx_hal_crc.o
 .debug_abbrev  0x00000000000013f0      0x146 ./Drivers/STM32F7xx_HAL_Driver/Src/stm32f7xx_hal_crc_ex.o
 .debug_abbrev  0x0000000000001536      0x230 ./Drivers/STM32F7xx_HAL_Driver/Src/stm32f7xx_hal_dcmi.o
 .debug_abbrev  0x0000000000001766      0x22e ./Drivers/STM32F7xx_HAL_Driver/Src/stm32f7xx_hal_dma2d.o
 .debug_abbrev  0x0000000000001994      0x1c4 ./Drivers/STM32F7xx_HAL_Driver/Src/stm32f7xx_hal_gpio.o
 .debug_abbrev  0x0000000000001b58      0x243 ./Drivers/STM32F7xx_HAL_Driver/Src/stm32f7xx_hal_i2c.o
 .debug_abbrev  0x0000000000001d9b      0x18e ./Drivers/STM32F7xx_HAL_Driver/Src/stm32f7xx_hal_i2c_ex.o
 .debug_abbrev  0x0000000000001f29      0x20c ./Drivers/STM32F7xx_HAL_Driver/Src/stm32f7xx_hal_ltdc.o
 .debug_abbrev  0x0000000000002135      0x1b8 ./Drivers/STM32F7xx_HAL_Driver/Src/stm32f7xx_hal_pwr.o
 .debug_abbrev  0x00000000000022ed      0x1cb ./Drivers/STM32F7xx_HAL_Driver/Src/stm32f7xx_hal_pwr_ex.o
 .debug_abbrev  0x00000000000024b8      0x267 ./Drivers/STM32F7xx_HAL_Driver/Src/stm32f7xx_hal_qspi.o
 .debug_abbrev  0x000000000000271f      0x27b ./Drivers/STM32F7xx_HAL_Driver/Src/stm32f7xx_hal_rcc.o
 .debug_abbrev  0x000000000000299a      0x1b9 ./Drivers/STM32F7xx_HAL_Driver/Src/stm32f7xx_hal_rcc_ex.o
 .debug_abbrev  0x0000000000002b53      0x1e9 ./Drivers/STM32F7xx_HAL_Driver/Src/stm32f7xx_hal_rtc.o
 .debug_abbrev  0x0000000000002d3c      0x21a ./Drivers/STM32F7xx_HAL_Driver/Src/stm32f7xx_hal_rtc_ex.o
 .debug_abbrev  0x0000000000002f56      0x262 ./Drivers/STM32F7xx_HAL_Driver/Src/stm32f7xx_hal_sai.o
 .debug_abbrev  0x00000000000031b8      0x288 ./Drivers/STM32F7xx_HAL_Driver/Src/stm32f7xx_hal_sd.o
 .debug_abbrev  0x0000000000003440      0x230 ./Drivers/STM32F7xx_HAL_Driver/Src/stm32f7xx_hal_sdram.o
 .debug_abbrev  0x0000000000003670      0x249 ./Drivers/STM32F7xx_HAL_Driver/Src/stm32f7xx_hal_spdifrx.o
 .debug_abbrev  0x00000000000038b9      0x254 ./Drivers/STM32F7xx_HAL_Driver/Src/stm32f7xx_hal_spi.o
 .debug_abbrev  0x0000000000003b0d      0x25d ./Drivers/STM32F7xx_HAL_Driver/Src/stm32f7xx_hal_tim.o
 .debug_abbrev  0x0000000000003d6a      0x265 ./Drivers/STM32F7xx_HAL_Driver/Src/stm32f7xx_hal_tim_ex.o
 .debug_abbrev  0x0000000000003fcf      0x2ce ./Drivers/STM32F7xx_HAL_Driver/Src/stm32f7xx_hal_uart.o
 .debug_abbrev  0x000000000000429d      0x196 ./Drivers/STM32F7xx_HAL_Driver/Src/stm32f7xx_ll_fmc.o
 .debug_abbrev  0x0000000000004433      0x1ce ./Drivers/STM32F7xx_HAL_Driver/Src/stm32f7xx_ll_sdmmc.o
 .debug_abbrev  0x0000000000004601      0x15a ./FATFS/App/fatfs.o
 .debug_abbrev  0x000000000000475b      0x290 ./FATFS/Target/bsp_driver_sd.o
 .debug_abbrev  0x00000000000049eb      0x105 ./FATFS/Target/fatfs_platform.o
 .debug_abbrev  0x0000000000004af0      0x187 ./FATFS/Target/sd_diskio.o
 .debug_abbrev  0x0000000000004c77      0x196 ./Middlewares/Third_Party/FatFs/src/ff_gen_drv.o

.debug_aranges  0x0000000000000000     0x2450
 .debug_aranges
                0x0000000000000000       0xe8 ./Core/Src/main.o
 .debug_aranges
                0x00000000000000e8      0x138 ./Core/Src/stm32f7xx_hal_msp.o
 .debug_aranges
                0x0000000000000220       0x30 ./Core/Src/stm32f7xx_hal_timebase_tim.o
 .debug_aranges
                0x0000000000000250       0x78 ./Core/Src/stm32f7xx_it.o
 .debug_aranges
                0x00000000000002c8       0x28 ./Core/Src/system_stm32f7xx.o
 .debug_aranges
                0x00000000000002f0       0x28 ./Core/Startup/startup_stm32f746nghx.o
 .debug_aranges
                0x0000000000000318      0x100 ./Drivers/STM32F7xx_HAL_Driver/Src/stm32f7xx_hal.o
 .debug_aranges
                0x0000000000000418       0xe8 ./Drivers/STM32F7xx_HAL_Driver/Src/stm32f7xx_hal_adc.o
 .debug_aranges
                0x0000000000000500      0x118 ./Drivers/STM32F7xx_HAL_Driver/Src/stm32f7xx_hal_cortex.o
 .debug_aranges
                0x0000000000000618       0x60 ./Drivers/STM32F7xx_HAL_Driver/Src/stm32f7xx_hal_crc.o
 .debug_aranges
                0x0000000000000678       0x30 ./Drivers/STM32F7xx_HAL_Driver/Src/stm32f7xx_hal_crc_ex.o
 .debug_aranges
                0x00000000000006a8       0xc0 ./Drivers/STM32F7xx_HAL_Driver/Src/stm32f7xx_hal_dcmi.o
 .debug_aranges
                0x0000000000000768      0x118 ./Drivers/STM32F7xx_HAL_Driver/Src/stm32f7xx_hal_dma2d.o
 .debug_aranges
                0x0000000000000880       0x58 ./Drivers/STM32F7xx_HAL_Driver/Src/stm32f7xx_hal_gpio.o
 .debug_aranges
                0x00000000000008d8      0x290 ./Drivers/STM32F7xx_HAL_Driver/Src/stm32f7xx_hal_i2c.o
 .debug_aranges
                0x0000000000000b68       0x38 ./Drivers/STM32F7xx_HAL_Driver/Src/stm32f7xx_hal_i2c_ex.o
 .debug_aranges
                0x0000000000000ba0      0x158 ./Drivers/STM32F7xx_HAL_Driver/Src/stm32f7xx_hal_ltdc.o
 .debug_aranges
                0x0000000000000cf8       0xa0 ./Drivers/STM32F7xx_HAL_Driver/Src/stm32f7xx_hal_pwr.o
 .debug_aranges
                0x0000000000000d98       0x80 ./Drivers/STM32F7xx_HAL_Driver/Src/stm32f7xx_hal_pwr_ex.o
 .debug_aranges
                0x0000000000000e18      0x170 ./Drivers/STM32F7xx_HAL_Driver/Src/stm32f7xx_hal_qspi.o
 .debug_aranges
                0x0000000000000f88       0x88 ./Drivers/STM32F7xx_HAL_Driver/Src/stm32f7xx_hal_rcc.o
 .debug_aranges
                0x0000000000001010       0x50 ./Drivers/STM32F7xx_HAL_Driver/Src/stm32f7xx_hal_rcc_ex.o
 .debug_aranges
                0x0000000000001060       0xe0 ./Drivers/STM32F7xx_HAL_Driver/Src/stm32f7xx_hal_rtc.o
 .debug_aranges
                0x0000000000001140      0x140 ./Drivers/STM32F7xx_HAL_Driver/Src/stm32f7xx_hal_rtc_ex.o
 .debug_aranges
                0x0000000000001280      0x178 ./Drivers/STM32F7xx_HAL_Driver/Src/stm32f7xx_hal_sai.o
 .debug_aranges
                0x00000000000013f8      0x168 ./Drivers/STM32F7xx_HAL_Driver/Src/stm32f7xx_hal_sd.o
 .debug_aranges
                0x0000000000001560       0xe8 ./Drivers/STM32F7xx_HAL_Driver/Src/stm32f7xx_hal_sdram.o
 .debug_aranges
                0x0000000000001648       0xf8 ./Drivers/STM32F7xx_HAL_Driver/Src/stm32f7xx_hal_spdifrx.o
 .debug_aranges
                0x0000000000001740      0x1d8 ./Drivers/STM32F7xx_HAL_Driver/Src/stm32f7xx_hal_spi.o
 .debug_aranges
                0x0000000000001918      0x3e0 ./Drivers/STM32F7xx_HAL_Driver/Src/stm32f7xx_hal_tim.o
 .debug_aranges
                0x0000000000001cf8      0x178 ./Drivers/STM32F7xx_HAL_Driver/Src/stm32f7xx_hal_tim_ex.o
 .debug_aranges
                0x0000000000001e70      0x228 ./Drivers/STM32F7xx_HAL_Driver/Src/stm32f7xx_hal_uart.o
 .debug_aranges
                0x0000000000002098       0xc8 ./Drivers/STM32F7xx_HAL_Driver/Src/stm32f7xx_ll_fmc.o
 .debug_aranges
                0x0000000000002160      0x188 ./Drivers/STM32F7xx_HAL_Driver/Src/stm32f7xx_ll_sdmmc.o
 .debug_aranges
                0x00000000000022e8       0x28 ./FATFS/App/fatfs.o
 .debug_aranges
                0x0000000000002310       0x98 ./FATFS/Target/bsp_driver_sd.o
 .debug_aranges
                0x00000000000023a8       0x20 ./FATFS/Target/fatfs_platform.o
 .debug_aranges
                0x00000000000023c8       0x48 ./FATFS/Target/sd_diskio.o
 .debug_aranges
                0x0000000000002410       0x40 ./Middlewares/Third_Party/FatFs/src/ff_gen_drv.o

.debug_ranges   0x0000000000000000     0x2230
 .debug_ranges  0x0000000000000000       0xd8 ./Core/Src/main.o
 .debug_ranges  0x00000000000000d8      0x128 ./Core/Src/stm32f7xx_hal_msp.o
 .debug_ranges  0x0000000000000200       0x20 ./Core/Src/stm32f7xx_hal_timebase_tim.o
 .debug_ranges  0x0000000000000220       0x68 ./Core/Src/stm32f7xx_it.o
 .debug_ranges  0x0000000000000288       0x18 ./Core/Src/system_stm32f7xx.o
 .debug_ranges  0x00000000000002a0       0x20 ./Core/Startup/startup_stm32f746nghx.o
 .debug_ranges  0x00000000000002c0       0xf0 ./Drivers/STM32F7xx_HAL_Driver/Src/stm32f7xx_hal.o
 .debug_ranges  0x00000000000003b0       0xd8 ./Drivers/STM32F7xx_HAL_Driver/Src/stm32f7xx_hal_adc.o
 .debug_ranges  0x0000000000000488      0x108 ./Drivers/STM32F7xx_HAL_Driver/Src/stm32f7xx_hal_cortex.o
 .debug_ranges  0x0000000000000590       0x50 ./Drivers/STM32F7xx_HAL_Driver/Src/stm32f7xx_hal_crc.o
 .debug_ranges  0x00000000000005e0       0x20 ./Drivers/STM32F7xx_HAL_Driver/Src/stm32f7xx_hal_crc_ex.o
 .debug_ranges  0x0000000000000600       0xb0 ./Drivers/STM32F7xx_HAL_Driver/Src/stm32f7xx_hal_dcmi.o
 .debug_ranges  0x00000000000006b0      0x108 ./Drivers/STM32F7xx_HAL_Driver/Src/stm32f7xx_hal_dma2d.o
 .debug_ranges  0x00000000000007b8       0x48 ./Drivers/STM32F7xx_HAL_Driver/Src/stm32f7xx_hal_gpio.o
 .debug_ranges  0x0000000000000800      0x280 ./Drivers/STM32F7xx_HAL_Driver/Src/stm32f7xx_hal_i2c.o
 .debug_ranges  0x0000000000000a80       0x28 ./Drivers/STM32F7xx_HAL_Driver/Src/stm32f7xx_hal_i2c_ex.o
 .debug_ranges  0x0000000000000aa8      0x148 ./Drivers/STM32F7xx_HAL_Driver/Src/stm32f7xx_hal_ltdc.o
 .debug_ranges  0x0000000000000bf0       0x90 ./Drivers/STM32F7xx_HAL_Driver/Src/stm32f7xx_hal_pwr.o
 .debug_ranges  0x0000000000000c80       0x70 ./Drivers/STM32F7xx_HAL_Driver/Src/stm32f7xx_hal_pwr_ex.o
 .debug_ranges  0x0000000000000cf0      0x160 ./Drivers/STM32F7xx_HAL_Driver/Src/stm32f7xx_hal_qspi.o
 .debug_ranges  0x0000000000000e50       0x78 ./Drivers/STM32F7xx_HAL_Driver/Src/stm32f7xx_hal_rcc.o
 .debug_ranges  0x0000000000000ec8       0x40 ./Drivers/STM32F7xx_HAL_Driver/Src/stm32f7xx_hal_rcc_ex.o
 .debug_ranges  0x0000000000000f08       0xd0 ./Drivers/STM32F7xx_HAL_Driver/Src/stm32f7xx_hal_rtc.o
 .debug_ranges  0x0000000000000fd8      0x130 ./Drivers/STM32F7xx_HAL_Driver/Src/stm32f7xx_hal_rtc_ex.o
 .debug_ranges  0x0000000000001108      0x180 ./Drivers/STM32F7xx_HAL_Driver/Src/stm32f7xx_hal_sai.o
 .debug_ranges  0x0000000000001288      0x158 ./Drivers/STM32F7xx_HAL_Driver/Src/stm32f7xx_hal_sd.o
 .debug_ranges  0x00000000000013e0       0xd8 ./Drivers/STM32F7xx_HAL_Driver/Src/stm32f7xx_hal_sdram.o
 .debug_ranges  0x00000000000014b8       0xe8 ./Drivers/STM32F7xx_HAL_Driver/Src/stm32f7xx_hal_spdifrx.o
 .debug_ranges  0x00000000000015a0      0x1c8 ./Drivers/STM32F7xx_HAL_Driver/Src/stm32f7xx_hal_spi.o
 .debug_ranges  0x0000000000001768      0x3d0 ./Drivers/STM32F7xx_HAL_Driver/Src/stm32f7xx_hal_tim.o
 .debug_ranges  0x0000000000001b38      0x168 ./Drivers/STM32F7xx_HAL_Driver/Src/stm32f7xx_hal_tim_ex.o
 .debug_ranges  0x0000000000001ca0      0x248 ./Drivers/STM32F7xx_HAL_Driver/Src/stm32f7xx_hal_uart.o
 .debug_ranges  0x0000000000001ee8       0xb8 ./Drivers/STM32F7xx_HAL_Driver/Src/stm32f7xx_ll_fmc.o
 .debug_ranges  0x0000000000001fa0      0x178 ./Drivers/STM32F7xx_HAL_Driver/Src/stm32f7xx_ll_sdmmc.o
 .debug_ranges  0x0000000000002118       0x18 ./FATFS/App/fatfs.o
 .debug_ranges  0x0000000000002130       0x88 ./FATFS/Target/bsp_driver_sd.o
 .debug_ranges  0x00000000000021b8       0x10 ./FATFS/Target/fatfs_platform.o
 .debug_ranges  0x00000000000021c8       0x38 ./FATFS/Target/sd_diskio.o
 .debug_ranges  0x0000000000002200       0x30 ./Middlewares/Third_Party/FatFs/src/ff_gen_drv.o

.debug_macro    0x0000000000000000    0x2eafc
 .debug_macro   0x0000000000000000      0x409 ./Core/Src/main.o
 .debug_macro   0x0000000000000409      0xa78 ./Core/Src/main.o
 .debug_macro   0x0000000000000e81      0x2db ./Core/Src/main.o
 .debug_macro   0x000000000000115c       0x2e ./Core/Src/main.o
 .debug_macro   0x000000000000118a       0x3b ./Core/Src/main.o
 .debug_macro   0x00000000000011c5       0x22 ./Core/Src/main.o
 .debug_macro   0x00000000000011e7       0x8e ./Core/Src/main.o
 .debug_macro   0x0000000000001275       0x51 ./Core/Src/main.o
 .debug_macro   0x00000000000012c6      0x103 ./Core/Src/main.o
 .debug_macro   0x00000000000013c9       0x6a ./Core/Src/main.o
 .debug_macro   0x0000000000001433      0x1df ./Core/Src/main.o
 .debug_macro   0x0000000000001612       0x1c ./Core/Src/main.o
 .debug_macro   0x000000000000162e       0x22 ./Core/Src/main.o
 .debug_macro   0x0000000000001650       0xd9 ./Core/Src/main.o
 .debug_macro   0x0000000000001729     0x12cd ./Core/Src/main.o
 .debug_macro   0x00000000000029f6      0x11f ./Core/Src/main.o
 .debug_macro   0x0000000000002b15       0x19 ./Core/Src/main.o
 .debug_macro   0x0000000000002b2e    0x191da ./Core/Src/main.o
 .debug_macro   0x000000000001bd08       0x6d ./Core/Src/main.o
 .debug_macro   0x000000000001bd75     0x3714 ./Core/Src/main.o
 .debug_macro   0x000000000001f489      0x174 ./Core/Src/main.o
 .debug_macro   0x000000000001f5fd       0x63 ./Core/Src/main.o
 .debug_macro   0x000000000001f660     0x18ad ./Core/Src/main.o
 .debug_macro   0x0000000000020f0d      0x6c4 ./Core/Src/main.o
 .debug_macro   0x00000000000215d1      0x185 ./Core/Src/main.o
 .debug_macro   0x0000000000021756      0x115 ./Core/Src/main.o
 .debug_macro   0x000000000002186b      0x1fd ./Core/Src/main.o
 .debug_macro   0x0000000000021a68       0xa5 ./Core/Src/main.o
 .debug_macro   0x0000000000021b0d      0x24f ./Core/Src/main.o
 .debug_macro   0x0000000000021d5c       0x41 ./Core/Src/main.o
 .debug_macro   0x0000000000021d9d       0x58 ./Core/Src/main.o
 .debug_macro   0x0000000000021df5      0x236 ./Core/Src/main.o
 .debug_macro   0x000000000002202b      0x416 ./Core/Src/main.o
 .debug_macro   0x0000000000022441      0x153 ./Core/Src/main.o
 .debug_macro   0x0000000000022594      0x107 ./Core/Src/main.o
 .debug_macro   0x000000000002269b       0xc7 ./Core/Src/main.o
 .debug_macro   0x0000000000022762       0x4c ./Core/Src/main.o
 .debug_macro   0x00000000000227ae      0x208 ./Core/Src/main.o
 .debug_macro   0x00000000000229b6      0x22c ./Core/Src/main.o
 .debug_macro   0x0000000000022be2      0x14e ./Core/Src/main.o
 .debug_macro   0x0000000000022d30      0x25a ./Core/Src/main.o
 .debug_macro   0x0000000000022f8a       0x12 ./Core/Src/main.o
 .debug_macro   0x0000000000022f9c      0x504 ./Core/Src/main.o
 .debug_macro   0x00000000000234a0      0x22c ./Core/Src/main.o
 .debug_macro   0x00000000000236cc       0x61 ./Core/Src/main.o
 .debug_macro   0x000000000002372d       0xa5 ./Core/Src/main.o
 .debug_macro   0x00000000000237d2      0x198 ./Core/Src/main.o
 .debug_macro   0x000000000002396a       0xd6 ./Core/Src/main.o
 .debug_macro   0x0000000000023a40      0x12e ./Core/Src/main.o
 .debug_macro   0x0000000000023b6e      0x108 ./Core/Src/main.o
 .debug_macro   0x0000000000023c76       0x35 ./Core/Src/main.o
 .debug_macro   0x0000000000023cab      0x2d4 ./Core/Src/main.o
 .debug_macro   0x0000000000023f7f      0x313 ./Core/Src/main.o
 .debug_macro   0x0000000000024292      0x4c9 ./Core/Src/main.o
 .debug_macro   0x000000000002475b       0xd6 ./Core/Src/main.o
 .debug_macro   0x0000000000024831      0x447 ./Core/Src/main.o
 .debug_macro   0x0000000000024c78      0x773 ./Core/Src/main.o
 .debug_macro   0x00000000000253eb      0x1d5 ./Core/Src/main.o
 .debug_macro   0x00000000000255c0      0x1ed ./Core/Src/main.o
 .debug_macro   0x00000000000257ad      0x2fe ./Core/Src/main.o
 .debug_macro   0x0000000000025aab      0xa60 ./Core/Src/main.o
 .debug_macro   0x000000000002650b       0x59 ./Core/Src/main.o
 .debug_macro   0x0000000000026564      0x558 ./Core/Src/main.o
 .debug_macro   0x0000000000026abc       0x44 ./Core/Src/main.o
 .debug_macro   0x0000000000026b00      0x14d ./Core/Src/main.o
 .debug_macro   0x0000000000026c4d      0x89e ./Core/Src/main.o
 .debug_macro   0x00000000000274eb       0x1c ./Core/Src/main.o
 .debug_macro   0x0000000000027507       0x3a ./Core/Src/main.o
 .debug_macro   0x0000000000027541       0xe5 ./Core/Src/main.o
 .debug_macro   0x0000000000027626       0x1e ./Core/Src/main.o
 .debug_macro   0x0000000000027644       0x52 ./Core/Src/main.o
 .debug_macro   0x0000000000027696       0x3c ./Core/Src/main.o
 .debug_macro   0x00000000000276d2       0x34 ./Core/Src/main.o
 .debug_macro   0x0000000000027706       0x16 ./Core/Src/main.o
 .debug_macro   0x000000000002771c       0x35 ./Core/Src/main.o
 .debug_macro   0x0000000000027751       0x16 ./Core/Src/main.o
 .debug_macro   0x0000000000027767       0x43 ./Core/Src/main.o
 .debug_macro   0x00000000000277aa       0x34 ./Core/Src/main.o
 .debug_macro   0x00000000000277de       0x10 ./Core/Src/main.o
 .debug_macro   0x00000000000277ee       0x58 ./Core/Src/main.o
 .debug_macro   0x0000000000027846       0x71 ./Core/Src/main.o
 .debug_macro   0x00000000000278b7       0x1c ./Core/Src/main.o
 .debug_macro   0x00000000000278d3      0x12a ./Core/Src/main.o
 .debug_macro   0x00000000000279fd      0x341 ./Core/Src/main.o
 .debug_macro   0x0000000000027d3e       0x16 ./Core/Src/main.o
 .debug_macro   0x0000000000027d54       0x29 ./Core/Src/main.o
 .debug_macro   0x0000000000027d7d       0x12 ./Core/Src/main.o