../Core/Src/main.c:120:5:main	8	static
../Core/Src/main.c:187:6:SystemClock_Config	88	static
../Core/Src/main.c:244:6:PeriphCommonClock_Config	144	static
../Core/Src/main.c:272:13:MX_ADC3_Init	24	static
../Core/Src/main.c:324:13:MX_CRC_Init	8	static
../Core/Src/main.c:355:13:MX_DCMI_Init	8	static
../Core/Src/main.c:392:13:MX_DMA2D_Init	8	static
../Core/Src/main.c:429:13:MX_I2C3_Init	8	static
../Core/Src/main.c:477:13:MX_LTDC_Init	64	static
../Core/Src/main.c:539:13:MX_QUADSPI_Init	8	static
../Core/Src/main.c:574:13:MX_RTC_Init	80	static
../Core/Src/main.c:670:13:MX_SAI2_Init	8	static
../Core/Src/main.c:745:13:MX_SDMMC1_SD_Init	4	static
../Core/Src/main.c:773:13:MX_SPDIFRX_Init	8	static
../Core/Src/main.c:809:13:MX_SPI2_Init	8	static
../Core/Src/main.c:849:13:MX_TIM1_Init	112	static
../Core/Src/main.c:929:13:MX_TIM2_Init	64	static
../Core/Src/main.c:988:13:MX_TIM3_Init	64	static
../Core/Src/main.c:1047:13:MX_TIM5_Init	64	static
../Core/Src/main.c:1106:13:MX_TIM8_Init	40	static
../Core/Src/main.c:1153:13:MX_TIM12_Init	40	static
../Core/Src/main.c:1195:13:MX_USART1_UART_Init	8	static
../Core/Src/main.c:1226:13:MX_FMC_Init	40	static
../Core/Src/main.c:1277:13:MX_GPIO_Init	72	static
../Core/Src/main.c:1491:6:HAL_TIM_PeriodElapsedCallback	16	static
../Core/Src/main.c:1508:6:Error_Handler	4	static,ignoring_inline_asm
