../Core/Src/main.c:90:5:main	8	static
../Core/Src/main.c:148:6:SystemClock_Config	88	static
../Core/Src/main.c:205:13:MX_ADC3_Init	24	static
../Core/Src/main.c:257:13:MX_CRC_Init	8	static
../Core/Src/main.c:288:13:MX_DMA2D_Init	8	static
../Core/Src/main.c:325:13:MX_I2C3_Init	8	static
../Core/Src/main.c:373:13:MX_LTDC_Init	64	static
../Core/Src/main.c:435:13:MX_SPI2_Init	8	static
../Core/Src/main.c:475:13:MX_TIM1_Init	112	static
../Core/Src/main.c:555:13:MX_USART1_UART_Init	8	static
../Core/Src/main.c:586:13:MX_FMC_Init	40	static
../Core/Src/main.c:637:13:MX_GPIO_Init	72	static
../Core/Src/main.c:993:6:MPU_Config	24	static
../Core/Src/main.c:1028:6:HAL_TIM_PeriodElapsedCallback	16	static
../Core/Src/main.c:1045:6:Error_Handler	4	static,ignoring_inline_asm
