../Core/Src/stm32f7xx_hal_msp.c:65:6:HAL_MspInit	16	static
../Core/Src/stm32f7xx_hal_msp.c:87:6:HAL_ADC_MspInit	48	static
../Core/Src/stm32f7xx_hal_msp.c:132:6:HAL_ADC_MspDeInit	16	static
../Core/Src/stm32f7xx_hal_msp.c:168:6:HAL_CRC_MspInit	24	static
../Core/Src/stm32f7xx_hal_msp.c:190:6:HAL_CRC_MspDeInit	16	static
../Core/Src/stm32f7xx_hal_msp.c:212:6:HAL_DMA2D_MspInit	24	static
../Core/Src/stm32f7xx_hal_msp.c:237:6:HAL_DMA2D_MspDeInit	16	static
../Core/Src/stm32f7xx_hal_msp.c:262:6:HAL_I2C_MspInit	176	static
../Core/Src/stm32f7xx_hal_msp.c:308:6:HAL_I2C_MspDeInit	16	static
../Core/Src/stm32f7xx_hal_msp.c:339:6:HAL_LTDC_MspInit	192	static
../Core/Src/stm32f7xx_hal_msp.c:456:6:HAL_LTDC_MspDeInit	16	static
../Core/Src/stm32f7xx_hal_msp.c:525:6:HAL_SPI_MspInit	48	static
../Core/Src/stm32f7xx_hal_msp.c:570:6:HAL_SPI_MspDeInit	16	static
../Core/Src/stm32f7xx_hal_msp.c:602:6:HAL_TIM_Base_MspInit	24	static
../Core/Src/stm32f7xx_hal_msp.c:618:6:HAL_TIM_MspPostInit	40	static
../Core/Src/stm32f7xx_hal_msp.c:650:6:HAL_TIM_Base_MspDeInit	16	static
../Core/Src/stm32f7xx_hal_msp.c:672:6:HAL_UART_MspInit	184	static
../Core/Src/stm32f7xx_hal_msp.c:727:6:HAL_UART_MspDeInit	16	static
../Core/Src/stm32f7xx_hal_msp.c:754:13:HAL_FMC_MspInit	32	static
../Core/Src/stm32f7xx_hal_msp.c:860:6:HAL_SDRAM_MspInit	16	static
../Core/Src/stm32f7xx_hal_msp.c:872:13:HAL_FMC_MspDeInit	8	static
../Core/Src/stm32f7xx_hal_msp.c:946:6:HAL_SDRAM_MspDeInit	16	static
