c:\st\stm32cubeide_1.9.0\stm32cubeide\plugins\com.st.stm32cube.ide.mcu.externaltools.gnu-tools-for-stm32.10.3-2021.10.win32_1.0.0.202111181127\tools\bin\../lib/gcc/arm-none-eabi/10.3.1/../../../../arm-none-eabi/include/c++/10.3.1/arm-none-eabi/thumb/v7e-m+fp/hard/bits/gthr-default.h:229:1:int __gthread_key_delete(__gthread_key_t)	16	static
c:\users\graet\desktop\oscilloscopefinal\work\realtimeoscilloscope\src\xf\include\xf\event.h:49:24:XFEvent::XFEventType XFEvent::getEventType() const	16	static
c:\users\graet\desktop\oscilloscopefinal\work\realtimeoscilloscope\src\xf\include\xf\event.h:55:36:interface::XFReactive* XFEvent::getBehavior() const	16	static
c:\users\graet\desktop\oscilloscopefinal\work\realtimeoscilloscope\src\xf\include\xf\interface\dispatcher.h:67:35:virtual interface::XFThread* interface::XFDispatcher::getThread() const	16	static
C:/Users/graet/Desktop/Oscilloscopefinal/work/RealtimeOscilloscope/src/xf/port/default/dispatcher-default.h:38:15:virtual bool XFDispatcherDefault::isActive() const	16	static
c:\users\graet\desktop\oscilloscopefinal\work\realtimeoscilloscope\src\xf\include\xf\interface\dispatcher.h:59:5:constexpr interface::XFDispatcher::XFDispatcher()	16	static
c:\users\graet\desktop\oscilloscopefinal\work\realtimeoscilloscope\src\xf\include\xf\interface\dispatcher.h:34:13:interface::XFDispatcher::~XFDispatcher()	16	static
c:\users\graet\desktop\oscilloscopefinal\work\realtimeoscilloscope\src\xf\include\xf\interface\dispatcher.h:34:13:virtual interface::XFDispatcher::~XFDispatcher()	16	static
C:/Users/graet/Desktop/Oscilloscopefinal/work/RealtimeOscilloscope/src/xf/port/default/dispatcher-default.cpp:19:1:XFDispatcherDefault::XFDispatcherDefault()	16	static
C:/Users/graet/Desktop/Oscilloscopefinal/work/RealtimeOscilloscope/src/xf/port/default/dispatcher-default.cpp:27:1:XFDispatcherDefault::~XFDispatcherDefault()	16	static
C:/Users/graet/Desktop/Oscilloscopefinal/work/RealtimeOscilloscope/src/xf/port/default/dispatcher-default.cpp:27:1:virtual XFDispatcherDefault::~XFDispatcherDefault()	16	static
C:/Users/graet/Desktop/Oscilloscopefinal/work/RealtimeOscilloscope/src/xf/port/default/dispatcher-default.cpp:32:6:virtual void XFDispatcherDefault::start()	16	static
C:/Users/graet/Desktop/Oscilloscopefinal/work/RealtimeOscilloscope/src/xf/port/default/dispatcher-default.cpp:38:6:virtual void XFDispatcherDefault::stop()	16	static
C:/Users/graet/Desktop/Oscilloscopefinal/work/RealtimeOscilloscope/src/xf/port/default/dispatcher-default.cpp:43:6:virtual void XFDispatcherDefault::pushEvent(XFEvent*, bool)	24	static
C:/Users/graet/Desktop/Oscilloscopefinal/work/RealtimeOscilloscope/src/xf/port/default/dispatcher-default.cpp:56:6:virtual void XFDispatcherDefault::scheduleTimeout(int, int, interface::XFReactive*)	32	static
C:/Users/graet/Desktop/Oscilloscopefinal/work/RealtimeOscilloscope/src/xf/port/default/dispatcher-default.cpp:62:6:virtual void XFDispatcherDefault::unscheduleTimeout(int, interface::XFReactive*)	32	static
C:/Users/graet/Desktop/Oscilloscopefinal/work/RealtimeOscilloscope/src/xf/port/default/dispatcher-default.cpp:68:5:virtual int XFDispatcherDefault::execute(const void*)	16	static
C:/Users/graet/Desktop/Oscilloscopefinal/work/RealtimeOscilloscope/src/xf/port/default/dispatcher-default.cpp:85:5:virtual int XFDispatcherDefault::executeOnce()	24	static
C:/Users/graet/Desktop/Oscilloscopefinal/work/RealtimeOscilloscope/src/xf/port/default/dispatcher-default.cpp:123:6:virtual void XFDispatcherDefault::dispatchEvent(const XFEvent*) const	24	static
