C:/Users/graet/Desktop/Oscilloscopefinal/work/RealtimeOscilloscope/src/xf/port/default/resourcefactory-default.cpp:9:32:static interface::XFResourceFactory* interface::XFResourceFactory::getInstance()	8	static
c:\users\graet\desktop\oscilloscopefinal\work\realtimeoscilloscope\src\xf\include\xf\interface\resourcefactory.h:69:13:interface::XFResourceFactory::~XFResourceFactory()	16	static
c:\users\graet\desktop\oscilloscopefinal\work\realtimeoscilloscope\src\xf\include\xf\interface\resourcefactory.h:69:13:virtual interface::XFResourceFactory::~XFResourceFactory()	16	static
C:/Users/graet/Desktop/Oscilloscopefinal/work/RealtimeOscilloscope/src/xf/port/default/resourcefactory-default.cpp:17:37:void __tcf_0()	8	static
C:/Users/graet/Desktop/Oscilloscopefinal/work/RealtimeOscilloscope/src/xf/port/default/resourcefactory-default.cpp:15:32:static interface::XFResourceFactory* XFResourceFactoryDefault::getInstance()	8	static
C:/Users/graet/Desktop/Oscilloscopefinal/work/RealtimeOscilloscope/src/xf/port/default/resourcefactory-default.cpp:24:29:void __tcf_1()	8	static
C:/Users/graet/Desktop/Oscilloscopefinal/work/RealtimeOscilloscope/src/xf/port/default/resourcefactory-default.cpp:22:27:virtual interface::XFDispatcher* XFResourceFactoryDefault::getDefaultDispatcher()	16	static
C:/Users/graet/Desktop/Oscilloscopefinal/work/RealtimeOscilloscope/src/xf/port/default/resourcefactory-default.cpp:29:27:virtual interface::XFDispatcher* XFResourceFactoryDefault::createDispatcher()	16	static
C:/Users/graet/Desktop/Oscilloscopefinal/work/RealtimeOscilloscope/src/xf/port/default/resourcefactory-default.cpp:35:23:virtual interface::XFThread* XFResourceFactoryDefault::createThread(interface::XFThreadEntryPointProvider*, interface::XFThread::EntryMethodBody, const char*, uint32_t)	24	static
C:/Users/graet/Desktop/Oscilloscopefinal/work/RealtimeOscilloscope/src/xf/port/default/resourcefactory-default.cpp:46:24:void __tcf_2()	8	static
C:/Users/graet/Desktop/Oscilloscopefinal/work/RealtimeOscilloscope/src/xf/port/default/resourcefactory-default.cpp:44:22:virtual interface::XFMutex* XFResourceFactoryDefault::createMutex()	16	static
C:/Users/graet/Desktop/Oscilloscopefinal/work/RealtimeOscilloscope/src/xf/port/default/resourcefactory-default.h:21:10:XFResourceFactoryDefault::~XFResourceFactoryDefault()	16	static
C:/Users/graet/Desktop/Oscilloscopefinal/work/RealtimeOscilloscope/src/xf/port/default/resourcefactory-default.h:21:10:virtual XFResourceFactoryDefault::~XFResourceFactoryDefault()	16	static
