c:\st\stm32cubeide_1.9.0\stm32cubeide\plugins\com.st.stm32cube.ide.mcu.externaltools.gnu-tools-for-stm32.10.3-2021.10.win32_1.0.0.202111181127\tools\arm-none-eabi\include\c++\10.3.1\new:174:33:void* operator new(std::size_t, void*)	16	static
c:\st\stm32cubeide_1.9.0\stm32cubeide\plugins\com.st.stm32cube.ide.mcu.externaltools.gnu-tools-for-stm32.10.3-2021.10.win32_1.0.0.202111181127\tools\bin\../lib/gcc/arm-none-eabi/10.3.1/../../../../arm-none-eabi/include/c++/10.3.1/arm-none-eabi/thumb/v7e-m+fp/hard/bits/gthr-default.h:229:1:int __gthread_key_delete(__gthread_key_t)	16	static
c:\users\graet\desktop\oscilloscopefinal\work\realtimeoscilloscope\src\xf\include\xf\event.h:43:13:XFEvent::~XFEvent()	16	static
c:\users\graet\desktop\oscilloscopefinal\work\realtimeoscilloscope\src\xf\include\xf\event.h:43:13:virtual XFEvent::~XFEvent()	16	static
c:\users\graet\desktop\oscilloscopefinal\work\realtimeoscilloscope\src\xf\include\xf\event.h:55:36:interface::XFReactive* XFEvent::getBehavior() const	16	static
c:\users\graet\desktop\oscilloscopefinal\work\realtimeoscilloscope\src\xf\include\xf\event.h:64:18:virtual bool XFEvent::deleteAfterConsume() const	16	static
c:\st\stm32cubeide_1.9.0\stm32cubeide\plugins\com.st.stm32cube.ide.mcu.externaltools.gnu-tools-for-stm32.10.3-2021.10.win32_1.0.0.202111181127\tools\arm-none-eabi\include\c++\10.3.1\bits\stl_list.h:109:7:std::__detail::_List_node_header::_List_node_header()	16	static
c:\st\stm32cubeide_1.9.0\stm32cubeide\plugins\com.st.stm32cube.ide.mcu.externaltools.gnu-tools-for-stm32.10.3-2021.10.win32_1.0.0.202111181127\tools\arm-none-eabi\include\c++\10.3.1\bits\stl_list.h:149:7:void std::__detail::_List_node_header::_M_init()	16	static
c:\users\graet\desktop\oscilloscopefinal\work\realtimeoscilloscope\src\xf\include\xf\interface\timeoutmanager.h:35:18:virtual void interface::XFTimeoutManager::initialize(int32_t)	16	static
c:\users\graet\desktop\oscilloscopefinal\work\realtimeoscilloscope\src\xf\include\xf\interface\timeoutmanager.h:43:21:virtual int32_t interface::XFTimeoutManager::getTickInterval() const	16	static
c:\users\graet\desktop\oscilloscopefinal\work\realtimeoscilloscope\src\xf\include\xf\interface\timeoutmanager.h:78:5:interface::XFTimeoutManager::XFTimeoutManager()	16	static
c:\users\graet\desktop\oscilloscopefinal\work\realtimeoscilloscope\src\xf\include\xf\timeout.h:49:16:int XFTimeout::getRelTicks() const	16	static
c:\users\graet\desktop\oscilloscopefinal\work\realtimeoscilloscope\src\xf\include\xf\timeout.h:50:17:void XFTimeout::substractFromRelTicks(int)	16	static
c:\users\graet\desktop\oscilloscopefinal\work\realtimeoscilloscope\src\xf\include\xf\timeout.h:51:17:void XFTimeout::addToRelTicks(int)	16	static
C:/Users/graet/Desktop/Oscilloscopefinal/work/RealtimeOscilloscope/src/xf/port/default/timeoutmanager-default.cpp:14:31:static interface::XFTimeoutManager* interface::XFTimeoutManager::getInstance()	8	static
C:/Users/graet/Desktop/Oscilloscopefinal/work/RealtimeOscilloscope/src/xf/port/default/timeoutmanager-default.cpp:21:36:void __tcf_0()	8	static
C:/Users/graet/Desktop/Oscilloscopefinal/work/RealtimeOscilloscope/src/xf/port/default/timeoutmanager-default.cpp:19:31:static interface::XFTimeoutManager* XFTimeoutManagerDefault::getInstance()	8	static
c:\users\graet\desktop\oscilloscopefinal\work\realtimeoscilloscope\src\xf\include\xf\interface\timeoutmanager.h:27:13:interface::XFTimeoutManager::~XFTimeoutManager()	16	static
c:\users\graet\desktop\oscilloscopefinal\work\realtimeoscilloscope\src\xf\include\xf\interface\timeoutmanager.h:27:13:virtual interface::XFTimeoutManager::~XFTimeoutManager()	16	static
c:\st\stm32cubeide_1.9.0\stm32cubeide\plugins\com.st.stm32cube.ide.mcu.externaltools.gnu-tools-for-stm32.10.3-2021.10.win32_1.0.0.202111181127\tools\arm-none-eabi\include\c++\10.3.1\bits\stl_list.h:374:14:std::__cxx11::_List_base<XFTimeout*, std::allocator<XFTimeout*> >::_List_impl::~_List_impl()	16	static
c:\st\stm32cubeide_1.9.0\stm32cubeide\plugins\com.st.stm32cube.ide.mcu.externaltools.gnu-tools-for-stm32.10.3-2021.10.win32_1.0.0.202111181127\tools\arm-none-eabi\include\c++\10.3.1\bits\stl_list.h:460:7:std::__cxx11::_List_base<_Tp, _Alloc>::_List_base() [with _Tp = XFTimeout*; _Alloc = std::allocator<XFTimeout*>]	16	static
c:\st\stm32cubeide_1.9.0\stm32cubeide\plugins\com.st.stm32cube.ide.mcu.externaltools.gnu-tools-for-stm32.10.3-2021.10.win32_1.0.0.202111181127\tools\arm-none-eabi\include\c++\10.3.1\bits\stl_list.h:673:7:std::__cxx11::list<_Tp, _Alloc>::list() [with _Tp = XFTimeout*; _Alloc = std::allocator<XFTimeout*>]	16	static
c:\st\stm32cubeide_1.9.0\stm32cubeide\plugins\com.st.stm32cube.ide.mcu.externaltools.gnu-tools-for-stm32.10.3-2021.10.win32_1.0.0.202111181127\tools\arm-none-eabi\include\c++\10.3.1\bits\stl_list.h:827:7:std::__cxx11::list<_Tp, _Alloc>::~list() [with _Tp = XFTimeout*; _Alloc = std::allocator<XFTimeout*>]	16	static
C:/Users/graet/Desktop/Oscilloscopefinal/work/RealtimeOscilloscope/src/xf/port/default/timeoutmanager-default.cpp:25:1:XFTimeoutManagerDefault::XFTimeoutManagerDefault()	16	static
C:/Users/graet/Desktop/Oscilloscopefinal/work/RealtimeOscilloscope/src/xf/port/default/timeoutmanager-default.cpp:32:1:XFTimeoutManagerDefault::~XFTimeoutManagerDefault()	16	static
C:/Users/graet/Desktop/Oscilloscopefinal/work/RealtimeOscilloscope/src/xf/port/default/timeoutmanager-default.cpp:32:1:virtual XFTimeoutManagerDefault::~XFTimeoutManagerDefault()	16	static
C:/Users/graet/Desktop/Oscilloscopefinal/work/RealtimeOscilloscope/src/xf/port/default/timeoutmanager-default.cpp:36:6:virtual void XFTimeoutManagerDefault::start()	16	static
C:/Users/graet/Desktop/Oscilloscopefinal/work/RealtimeOscilloscope/src/xf/port/default/timeoutmanager-default.cpp:47:6:virtual void XFTimeoutManagerDefault::scheduleTimeout(int32_t, int32_t, interface::XFReactive*)	40	static
C:/Users/graet/Desktop/Oscilloscopefinal/work/RealtimeOscilloscope/src/xf/port/default/timeoutmanager-default.cpp:57:6:virtual void XFTimeoutManagerDefault::unscheduleTimeout(int32_t, interface::XFReactive*)	80	static
C:/Users/graet/Desktop/Oscilloscopefinal/work/RealtimeOscilloscope/src/xf/port/default/timeoutmanager-default.cpp:95:6:virtual void XFTimeoutManagerDefault::tick()	48	static
C:/Users/graet/Desktop/Oscilloscopefinal/work/RealtimeOscilloscope/src/xf/port/default/timeoutmanager-default.cpp:156:6:virtual void XFTimeoutManagerDefault::addTimeout(XFTimeout*)	64	static
C:/Users/graet/Desktop/Oscilloscopefinal/work/RealtimeOscilloscope/src/xf/port/default/timeoutmanager-default.cpp:221:6:void XFTimeoutManagerDefault::returnTimeout(XFTimeout*)	24	static
c:\st\stm32cubeide_1.9.0\stm32cubeide\plugins\com.st.stm32cube.ide.mcu.externaltools.gnu-tools-for-stm32.10.3-2021.10.win32_1.0.0.202111181127\tools\arm-none-eabi\include\c++\10.3.1\bits\stl_list.h:379:2:std::__cxx11::_List_base<_Tp, _Alloc>::_List_impl::_List_impl() [with _Tp = XFTimeout*; _Alloc = std::allocator<XFTimeout*>]	16	static
c:\st\stm32cubeide_1.9.0\stm32cubeide\plugins\com.st.stm32cube.ide.mcu.externaltools.gnu-tools-for-stm32.10.3-2021.10.win32_1.0.0.202111181127\tools\arm-none-eabi\include\c++\10.3.1\bits\allocator.h:182:7:std::allocator< <template-parameter-1-1> >::~allocator() [with _Tp = std::_List_node<XFTimeout*>]	16	static
c:\st\stm32cubeide_1.9.0\stm32cubeide\plugins\com.st.stm32cube.ide.mcu.externaltools.gnu-tools-for-stm32.10.3-2021.10.win32_1.0.0.202111181127\tools\arm-none-eabi\include\c++\10.3.1\bits\stl_list.h:498:7:std::__cxx11::_List_base<_Tp, _Alloc>::~_List_base() [with _Tp = XFTimeout*; _Alloc = std::allocator<XFTimeout*>]	16	static
c:\st\stm32cubeide_1.9.0\stm32cubeide\plugins\com.st.stm32cube.ide.mcu.externaltools.gnu-tools-for-stm32.10.3-2021.10.win32_1.0.0.202111181127\tools\arm-none-eabi\include\c++\10.3.1\bits\stl_list.h:945:7:std::__cxx11::list<_Tp, _Alloc>::iterator std::__cxx11::list<_Tp, _Alloc>::begin() [with _Tp = XFTimeout*; _Alloc = std::allocator<XFTimeout*>]	24	static
c:\st\stm32cubeide_1.9.0\stm32cubeide\plugins\com.st.stm32cube.ide.mcu.externaltools.gnu-tools-for-stm32.10.3-2021.10.win32_1.0.0.202111181127\tools\arm-none-eabi\include\c++\10.3.1\bits\stl_list.h:963:7:std::__cxx11::list<_Tp, _Alloc>::iterator std::__cxx11::list<_Tp, _Alloc>::end() [with _Tp = XFTimeout*; _Alloc = std::allocator<XFTimeout*>]	24	static
c:\st\stm32cubeide_1.9.0\stm32cubeide\plugins\com.st.stm32cube.ide.mcu.externaltools.gnu-tools-for-stm32.10.3-2021.10.win32_1.0.0.202111181127\tools\arm-none-eabi\include\c++\10.3.1\bits\stl_list.h:252:7:bool std::operator!=(const _Self&, const _Self&)	16	static
c:\st\stm32cubeide_1.9.0\stm32cubeide\plugins\com.st.stm32cube.ide.mcu.externaltools.gnu-tools-for-stm32.10.3-2021.10.win32_1.0.0.202111181127\tools\arm-none-eabi\include\c++\10.3.1\bits\stl_list.h:209:7:_Tp& std::_List_iterator< <template-parameter-1-1> >::operator*() const [with _Tp = XFTimeout*]	16	static
c:\st\stm32cubeide_1.9.0\stm32cubeide\plugins\com.st.stm32cube.ide.mcu.externaltools.gnu-tools-for-stm32.10.3-2021.10.win32_1.0.0.202111181127\tools\arm-none-eabi\include\c++\10.3.1\bits\stl_list.h:217:7:std::_List_iterator< <template-parameter-1-1> >::_Self& std::_List_iterator< <template-parameter-1-1> >::operator++() [with _Tp = XFTimeout*]	16	static
c:\st\stm32cubeide_1.9.0\stm32cubeide\plugins\com.st.stm32cube.ide.mcu.externaltools.gnu-tools-for-stm32.10.3-2021.10.win32_1.0.0.202111181127\tools\arm-none-eabi\include\c++\10.3.1\bits\stl_list.h:286:7:std::_List_const_iterator< <template-parameter-1-1> >::_List_const_iterator(const iterator&) [with _Tp = XFTimeout*]	16	static
c:\st\stm32cubeide_1.9.0\stm32cubeide\plugins\com.st.stm32cube.ide.mcu.externaltools.gnu-tools-for-stm32.10.3-2021.10.win32_1.0.0.202111181127\tools\arm-none-eabi\include\c++\10.3.1\bits\list.tcc:150:5:std::__cxx11::list<_Tp, _Alloc>::iterator std::__cxx11::list<_Tp, _Alloc>::erase(std::__cxx11::list<_Tp, _Alloc>::const_iterator) [with _Tp = XFTimeout*; _Alloc = std::allocator<XFTimeout*>]	24	static
c:\st\stm32cubeide_1.9.0\stm32cubeide\plugins\com.st.stm32cube.ide.mcu.externaltools.gnu-tools-for-stm32.10.3-2021.10.win32_1.0.0.202111181127\tools\arm-none-eabi\include\c++\10.3.1\bits\stl_list.h:224:7:std::_List_iterator< <template-parameter-1-1> >::_Self std::_List_iterator< <template-parameter-1-1> >::operator++(int) [with _Tp = XFTimeout*]	24	static
c:\st\stm32cubeide_1.9.0\stm32cubeide\plugins\com.st.stm32cube.ide.mcu.externaltools.gnu-tools-for-stm32.10.3-2021.10.win32_1.0.0.202111181127\tools\arm-none-eabi\include\c++\10.3.1\bits\stl_list.h:1055:7:bool std::__cxx11::list<_Tp, _Alloc>::empty() const [with _Tp = XFTimeout*; _Alloc = std::allocator<XFTimeout*>]	16	static
c:\st\stm32cubeide_1.9.0\stm32cubeide\plugins\com.st.stm32cube.ide.mcu.externaltools.gnu-tools-for-stm32.10.3-2021.10.win32_1.0.0.202111181127\tools\arm-none-eabi\include\c++\10.3.1\bits\stl_list.h:1114:7:std::__cxx11::list<_Tp, _Alloc>::reference std::__cxx11::list<_Tp, _Alloc>::front() [with _Tp = XFTimeout*; _Alloc = std::allocator<XFTimeout*>]	24	static
c:\st\stm32cubeide_1.9.0\stm32cubeide\plugins\com.st.stm32cube.ide.mcu.externaltools.gnu-tools-for-stm32.10.3-2021.10.win32_1.0.0.202111181127\tools\arm-none-eabi\include\c++\10.3.1\bits\stl_list.h:1060:7:std::__cxx11::list<_Tp, _Alloc>::size_type std::__cxx11::list<_Tp, _Alloc>::size() const [with _Tp = XFTimeout*; _Alloc = std::allocator<XFTimeout*>]	16	static
c:\st\stm32cubeide_1.9.0\stm32cubeide\plugins\com.st.stm32cube.ide.mcu.externaltools.gnu-tools-for-stm32.10.3-2021.10.win32_1.0.0.202111181127\tools\arm-none-eabi\include\c++\10.3.1\bits\stl_list.h:1197:7:void std::__cxx11::list<_Tp, _Alloc>::pop_front() [with _Tp = XFTimeout*; _Alloc = std::allocator<XFTimeout*>]	16	static
c:\st\stm32cubeide_1.9.0\stm32cubeide\plugins\com.st.stm32cube.ide.mcu.externaltools.gnu-tools-for-stm32.10.3-2021.10.win32_1.0.0.202111181127\tools\arm-none-eabi\include\c++\10.3.1\bits\list.tcc:101:5:std::__cxx11::list<_Tp, _Alloc>::iterator std::__cxx11::list<_Tp, _Alloc>::insert(std::__cxx11::list<_Tp, _Alloc>::const_iterator, const value_type&) [with _Tp = XFTimeout*; _Alloc = std::allocator<XFTimeout*>]	40	static
c:\st\stm32cubeide_1.9.0\stm32cubeide\plugins\com.st.stm32cube.ide.mcu.externaltools.gnu-tools-for-stm32.10.3-2021.10.win32_1.0.0.202111181127\tools\arm-none-eabi\include\c++\10.3.1\bits\stl_list.h:1161:7:void std::__cxx11::list<_Tp, _Alloc>::push_front(const value_type&) [with _Tp = XFTimeout*; _Alloc = std::allocator<XFTimeout*>]	16	static
c:\st\stm32cubeide_1.9.0\stm32cubeide\plugins\com.st.stm32cube.ide.mcu.externaltools.gnu-tools-for-stm32.10.3-2021.10.win32_1.0.0.202111181127\tools\arm-none-eabi\include\c++\10.3.1\bits\allocator.h:164:7:std::allocator< <template-parameter-1-1> >::allocator() [with _Tp = std::_List_node<XFTimeout*>]	16	static
c:\st\stm32cubeide_1.9.0\stm32cubeide\plugins\com.st.stm32cube.ide.mcu.externaltools.gnu-tools-for-stm32.10.3-2021.10.win32_1.0.0.202111181127\tools\arm-none-eabi\include\c++\10.3.1\ext\new_allocator.h:89:7:__gnu_cxx::new_allocator<_Tp>::~new_allocator() [with _Tp = std::_List_node<XFTimeout*>]	16	static
c:\st\stm32cubeide_1.9.0\stm32cubeide\plugins\com.st.stm32cube.ide.mcu.externaltools.gnu-tools-for-stm32.10.3-2021.10.win32_1.0.0.202111181127\tools\arm-none-eabi\include\c++\10.3.1\bits\list.tcc:66:5:void std::__cxx11::_List_base<_Tp, _Alloc>::_M_clear() [with _Tp = XFTimeout*; _Alloc = std::allocator<XFTimeout*>]	32	static
c:\st\stm32cubeide_1.9.0\stm32cubeide\plugins\com.st.stm32cube.ide.mcu.externaltools.gnu-tools-for-stm32.10.3-2021.10.win32_1.0.0.202111181127\tools\arm-none-eabi\include\c++\10.3.1\bits\stl_list.h:200:7:std::_List_iterator< <template-parameter-1-1> >::_List_iterator(std::__detail::_List_node_base*) [with _Tp = XFTimeout*]	16	static
c:\st\stm32cubeide_1.9.0\stm32cubeide\plugins\com.st.stm32cube.ide.mcu.externaltools.gnu-tools-for-stm32.10.3-2021.10.win32_1.0.0.202111181127\tools\arm-none-eabi\include\c++\10.3.1\bits\stl_list.h:170:18:_Tp* std::_List_node<_Tp>::_M_valptr() [with _Tp = XFTimeout*]	16	static
c:\st\stm32cubeide_1.9.0\stm32cubeide\plugins\com.st.stm32cube.ide.mcu.externaltools.gnu-tools-for-stm32.10.3-2021.10.win32_1.0.0.202111181127\tools\arm-none-eabi\include\c++\10.3.1\bits\stl_list.h:1919:7:void std::__cxx11::list<_Tp, _Alloc>::_M_erase(std::__cxx11::list<_Tp, _Alloc>::iterator) [with _Tp = XFTimeout*; _Alloc = std::allocator<XFTimeout*>]	32	static
c:\st\stm32cubeide_1.9.0\stm32cubeide\plugins\com.st.stm32cube.ide.mcu.externaltools.gnu-tools-for-stm32.10.3-2021.10.win32_1.0.0.202111181127\tools\arm-none-eabi\include\c++\10.3.1\bits\stl_list.h:290:7:std::_List_const_iterator< <template-parameter-1-1> >::iterator std::_List_const_iterator< <template-parameter-1-1> >::_M_const_cast() const [with _Tp = XFTimeout*]	24	static
c:\st\stm32cubeide_1.9.0\stm32cubeide\plugins\com.st.stm32cube.ide.mcu.externaltools.gnu-tools-for-stm32.10.3-2021.10.win32_1.0.0.202111181127\tools\arm-none-eabi\include\c++\10.3.1\bits\stl_list.h:651:7:std::size_t std::__cxx11::list<_Tp, _Alloc>::_M_node_count() const [with _Tp = XFTimeout*; _Alloc = std::allocator<XFTimeout*>]	16	static
c:\st\stm32cubeide_1.9.0\stm32cubeide\plugins\com.st.stm32cube.ide.mcu.externaltools.gnu-tools-for-stm32.10.3-2021.10.win32_1.0.0.202111181127\tools\arm-none-eabi\include\c++\10.3.1\bits\stl_list.h:632:2:) [with _Args = {XFTimeout* const&}; _Tp = XFTimeout*; _Alloc = std::allocator<XFTimeout*>]	40	static
c:\st\stm32cubeide_1.9.0\stm32cubeide\plugins\com.st.stm32cube.ide.mcu.externaltools.gnu-tools-for-stm32.10.3-2021.10.win32_1.0.0.202111181127\tools\arm-none-eabi\include\c++\10.3.1\bits\stl_list.h:408:12:void std::__cxx11::_List_base<_Tp, _Alloc>::_M_inc_size(std::size_t) [with _Tp = XFTimeout*; _Alloc = std::allocator<XFTimeout*>]	16	static
c:\st\stm32cubeide_1.9.0\stm32cubeide\plugins\com.st.stm32cube.ide.mcu.externaltools.gnu-tools-for-stm32.10.3-2021.10.win32_1.0.0.202111181127\tools\arm-none-eabi\include\c++\10.3.1\bits\stl_list.h:1909:8:) [with _Args = {XFTimeout* const&}; _Tp = XFTimeout*; _Alloc = std::allocator<XFTimeout*>]	32	static
c:\st\stm32cubeide_1.9.0\stm32cubeide\plugins\com.st.stm32cube.ide.mcu.externaltools.gnu-tools-for-stm32.10.3-2021.10.win32_1.0.0.202111181127\tools\arm-none-eabi\include\c++\10.3.1\ext\new_allocator.h:79:7:__gnu_cxx::new_allocator<_Tp>::new_allocator() [with _Tp = std::_List_node<XFTimeout*>]	16	static
c:\st\stm32cubeide_1.9.0\stm32cubeide\plugins\com.st.stm32cube.ide.mcu.externaltools.gnu-tools-for-stm32.10.3-2021.10.win32_1.0.0.202111181127\tools\arm-none-eabi\include\c++\10.3.1\bits\stl_list.h:452:7:std::__cxx11::_List_base<_Tp, _Alloc>::_Node_alloc_type& std::__cxx11::_List_base<_Tp, _Alloc>::_M_get_Node_allocator() [with _Tp = XFTimeout*; _Alloc = std::allocator<XFTimeout*>]	16	static
c:\st\stm32cubeide_1.9.0\stm32cubeide\plugins\com.st.stm32cube.ide.mcu.externaltools.gnu-tools-for-stm32.10.3-2021.10.win32_1.0.0.202111181127\tools\arm-none-eabi\include\c++\10.3.1\bits\alloc_traits.h:527:2:static void std::allocator_traits<std::allocator<_Tp1> >::destroy(std::allocator_traits<std::allocator<_Tp1> >::allocator_type&, _Up*) [with _Up = XFTimeout*; _Tp = std::_List_node<XFTimeout*>]	16	static
c:\st\stm32cubeide_1.9.0\stm32cubeide\plugins\com.st.stm32cube.ide.mcu.externaltools.gnu-tools-for-stm32.10.3-2021.10.win32_1.0.0.202111181127\tools\arm-none-eabi\include\c++\10.3.1\bits\stl_list.h:445:7:void std::__cxx11::_List_base<_Tp, _Alloc>::_M_put_node(typename std::__cxx11::_List_base<_Tp, _Alloc>::_Node_alloc_traits::pointer) [with _Tp = XFTimeout*; _Alloc = std::allocator<XFTimeout*>]	16	static
c:\st\stm32cubeide_1.9.0\stm32cubeide\plugins\com.st.stm32cube.ide.mcu.externaltools.gnu-tools-for-stm32.10.3-2021.10.win32_1.0.0.202111181127\tools\arm-none-eabi\include\c++\10.3.1\ext\aligned_buffer.h:72:7:_Tp* __gnu_cxx::__aligned_membuf<_Tp>::_M_ptr() [with _Tp = XFTimeout*]	16	static
c:\st\stm32cubeide_1.9.0\stm32cubeide\plugins\com.st.stm32cube.ide.mcu.externaltools.gnu-tools-for-stm32.10.3-2021.10.win32_1.0.0.202111181127\tools\arm-none-eabi\include\c++\10.3.1\bits\stl_list.h:410:12:void std::__cxx11::_List_base<_Tp, _Alloc>::_M_dec_size(std::size_t) [with _Tp = XFTimeout*; _Alloc = std::allocator<XFTimeout*>]	16	static
c:\st\stm32cubeide_1.9.0\stm32cubeide\plugins\com.st.stm32cube.ide.mcu.externaltools.gnu-tools-for-stm32.10.3-2021.10.win32_1.0.0.202111181127\tools\arm-none-eabi\include\c++\10.3.1\bits\stl_list.h:404:14:std::size_t std::__cxx11::_List_base<_Tp, _Alloc>::_M_get_size() const [with _Tp = XFTimeout*; _Alloc = std::allocator<XFTimeout*>]	16	static
c:\st\stm32cubeide_1.9.0\stm32cubeide\plugins\com.st.stm32cube.ide.mcu.externaltools.gnu-tools-for-stm32.10.3-2021.10.win32_1.0.0.202111181127\tools\arm-none-eabi\include\c++\10.3.1\bits\stl_list.h:441:7:typename std::__cxx11::_List_base<_Tp, _Alloc>::_Node_alloc_traits::pointer std::__cxx11::_List_base<_Tp, _Alloc>::_M_get_node() [with _Tp = XFTimeout*; _Alloc = std::allocator<XFTimeout*>]	16	static
c:\st\stm32cubeide_1.9.0\stm32cubeide\plugins\com.st.stm32cube.ide.mcu.externaltools.gnu-tools-for-stm32.10.3-2021.10.win32_1.0.0.202111181127\tools\arm-none-eabi\include\c++\10.3.1\bits\allocated_ptr.h:52:7:std::__allocated_ptr<_Alloc>::__allocated_ptr(_Alloc&, std::__allocated_ptr<_Alloc>::pointer) [with _Alloc = std::allocator<std::_List_node<XFTimeout*> >]	24	static
c:\st\stm32cubeide_1.9.0\stm32cubeide\plugins\com.st.stm32cube.ide.mcu.externaltools.gnu-tools-for-stm32.10.3-2021.10.win32_1.0.0.202111181127\tools\arm-none-eabi\include\c++\10.3.1\bits\allocated_ptr.h:70:7:std::__allocated_ptr<_Alloc>::~__allocated_ptr() [with _Alloc = std::allocator<std::_List_node<XFTimeout*> >]	16	static
c:\st\stm32cubeide_1.9.0\stm32cubeide\plugins\com.st.stm32cube.ide.mcu.externaltools.gnu-tools-for-stm32.10.3-2021.10.win32_1.0.0.202111181127\tools\arm-none-eabi\include\c++\10.3.1\bits\move.h:76:5:constexpr _Tp&& std::forward(typename std::remove_reference<_Tp>::type&) [with _Tp = XFTimeout* const&]	16	static
c:\st\stm32cubeide_1.9.0\stm32cubeide\plugins\com.st.stm32cube.ide.mcu.externaltools.gnu-tools-for-stm32.10.3-2021.10.win32_1.0.0.202111181127\tools\arm-none-eabi\include\c++\10.3.1\bits\alloc_traits.h:507:2:) [with _Up = XFTimeout*; _Args = {XFTimeout* const&}; _Tp = std::_List_node<XFTimeout*>]	24	static
c:\st\stm32cubeide_1.9.0\stm32cubeide\plugins\com.st.stm32cube.ide.mcu.externaltools.gnu-tools-for-stm32.10.3-2021.10.win32_1.0.0.202111181127\tools\arm-none-eabi\include\c++\10.3.1\bits\allocated_ptr.h:78:7:std::__allocated_ptr<_Alloc>& std::__allocated_ptr<_Alloc>::operator=(std::nullptr_t) [with _Alloc = std::allocator<std::_List_node<XFTimeout*> >]	16	static
c:\st\stm32cubeide_1.9.0\stm32cubeide\plugins\com.st.stm32cube.ide.mcu.externaltools.gnu-tools-for-stm32.10.3-2021.10.win32_1.0.0.202111181127\tools\arm-none-eabi\include\c++\10.3.1\ext\new_allocator.h:160:2:void __gnu_cxx::new_allocator<_Tp>::destroy(_Up*) [with _Up = XFTimeout*; _Tp = std::_List_node<XFTimeout*>]	16	static
c:\st\stm32cubeide_1.9.0\stm32cubeide\plugins\com.st.stm32cube.ide.mcu.externaltools.gnu-tools-for-stm32.10.3-2021.10.win32_1.0.0.202111181127\tools\arm-none-eabi\include\c++\10.3.1\bits\alloc_traits.h:491:7:static void std::allocator_traits<std::allocator<_Tp1> >::deallocate(std::allocator_traits<std::allocator<_Tp1> >::allocator_type&, std::allocator_traits<std::allocator<_Tp1> >::pointer, std::allocator_traits<std::allocator<_Tp1> >::size_type) [with _Tp = std::_List_node<XFTimeout*>]	24	static
c:\st\stm32cubeide_1.9.0\stm32cubeide\plugins\com.st.stm32cube.ide.mcu.externaltools.gnu-tools-for-stm32.10.3-2021.10.win32_1.0.0.202111181127\tools\arm-none-eabi\include\c++\10.3.1\ext\aligned_buffer.h:64:7:void* __gnu_cxx::__aligned_membuf<_Tp>::_M_addr() [with _Tp = XFTimeout*]	16	static
c:\st\stm32cubeide_1.9.0\stm32cubeide\plugins\com.st.stm32cube.ide.mcu.externaltools.gnu-tools-for-stm32.10.3-2021.10.win32_1.0.0.202111181127\tools\arm-none-eabi\include\c++\10.3.1\bits\alloc_traits.h:459:7:static _Tp* std::allocator_traits<std::allocator<_Tp1> >::allocate(std::allocator_traits<std::allocator<_Tp1> >::allocator_type&, std::allocator_traits<std::allocator<_Tp1> >::size_type) [with _Tp = std::_List_node<XFTimeout*>]	16	static
c:\st\stm32cubeide_1.9.0\stm32cubeide\plugins\com.st.stm32cube.ide.mcu.externaltools.gnu-tools-for-stm32.10.3-2021.10.win32_1.0.0.202111181127\tools\arm-none-eabi\include\c++\10.3.1\bits\move.h:49:5:constexpr _Tp* std::__addressof(_Tp&) [with _Tp = std::allocator<std::_List_node<XFTimeout*> >]	16	static
c:\st\stm32cubeide_1.9.0\stm32cubeide\plugins\com.st.stm32cube.ide.mcu.externaltools.gnu-tools-for-stm32.10.3-2021.10.win32_1.0.0.202111181127\tools\arm-none-eabi\include\c++\10.3.1\ext\new_allocator.h:154:2:) [with _Up = XFTimeout*; _Args = {XFTimeout* const&}; _Tp = std::_List_node<XFTimeout*>]	32	static
c:\st\stm32cubeide_1.9.0\stm32cubeide\plugins\com.st.stm32cube.ide.mcu.externaltools.gnu-tools-for-stm32.10.3-2021.10.win32_1.0.0.202111181127\tools\arm-none-eabi\include\c++\10.3.1\ext\new_allocator.h:126:7:void __gnu_cxx::new_allocator<_Tp>::deallocate(_Tp*, __gnu_cxx::new_allocator<_Tp>::size_type) [with _Tp = std::_List_node<XFTimeout*>]	24	static
c:\st\stm32cubeide_1.9.0\stm32cubeide\plugins\com.st.stm32cube.ide.mcu.externaltools.gnu-tools-for-stm32.10.3-2021.10.win32_1.0.0.202111181127\tools\arm-none-eabi\include\c++\10.3.1\ext\new_allocator.h:103:7:_Tp* __gnu_cxx::new_allocator<_Tp>::allocate(__gnu_cxx::new_allocator<_Tp>::size_type, const void*) [with _Tp = std::_List_node<XFTimeout*>]	24	static
c:\st\stm32cubeide_1.9.0\stm32cubeide\plugins\com.st.stm32cube.ide.mcu.externaltools.gnu-tools-for-stm32.10.3-2021.10.win32_1.0.0.202111181127\tools\arm-none-eabi\include\c++\10.3.1\ext\new_allocator.h:191:7:constexpr __gnu_cxx::new_allocator<_Tp>::size_type __gnu_cxx::new_allocator<_Tp>::_M_max_size() const [with _Tp = std::_List_node<XFTimeout*>]	16	static
c:\users\graet\desktop\oscilloscopefinal\work\realtimeoscilloscope\src\xf\include\xf\timeout.h:27:7:XFTimeout::~XFTimeout()	16	static
c:\users\graet\desktop\oscilloscopefinal\work\realtimeoscilloscope\src\xf\include\xf\timeout.h:27:7:virtual XFTimeout::~XFTimeout()	16	static
