c:\users\graet\desktop\oscilloscopefinal\work\realtimeoscilloscope\src\xf\include\xf\event.h:49:24:XFEvent::XFEventType XFEvent::getEventType() const	16	static
c:\users\graet\desktop\oscilloscopefinal\work\realtimeoscilloscope\src\xf\include\xf\event.h:60:17:void XFEvent::setBehavior(interface::XFReactive*)	16	static
c:\st\stm32cubeide_1.9.0\stm32cubeide\plugins\com.st.stm32cube.ide.mcu.externaltools.gnu-tools-for-stm32.10.3-2021.10.win32_1.0.0.202111181127\tools\bin\../lib/gcc/arm-none-eabi/10.3.1/../../../../arm-none-eabi/include/c++/10.3.1/arm-none-eabi/thumb/v7e-m+fp/hard/bits/gthr-default.h:229:1:int __gthread_key_delete(__gthread_key_t)	16	static
c:\users\graet\desktop\oscilloscopefinal\work\realtimeoscilloscope\src\xf\include\xf\eventstatus.h:37:5:XFEventStatus::XFEventStatus(XFEventStatus::eEventStatus)	16	static
c:\users\graet\desktop\oscilloscopefinal\work\realtimeoscilloscope\src\xf\include\xf\eventstatus.h:42:10:bool XFEventStatus::operator==(const XFEventStatus::eEventStatus&) const	16	static
c:\users\graet\desktop\oscilloscopefinal\work\realtimeoscilloscope\src\xf\include\xf\behavior.h:62:17:bool XFBehavior::hasOwnDispatcher() const	16	static
c:\users\graet\desktop\oscilloscopefinal\work\realtimeoscilloscope\src\xf\include\xf\interface\reactive.h:49:5:constexpr interface::XFReactive::XFReactive()	16	static
c:\users\graet\desktop\oscilloscopefinal\work\realtimeoscilloscope\src\xf\include\xf\interface\reactive.h:37:13:interface::XFReactive::~XFReactive()	16	static
c:\users\graet\desktop\oscilloscopefinal\work\realtimeoscilloscope\src\xf\include\xf\interface\reactive.h:37:13:virtual interface::XFReactive::~XFReactive()	16	static
C:/Users/graet/Desktop/Oscilloscopefinal/work/RealtimeOscilloscope/src/xf/core/behavior.cpp:11:1:XFBehavior::XFBehavior(bool)	24	static
C:/Users/graet/Desktop/Oscilloscopefinal/work/RealtimeOscilloscope/src/xf/core/behavior.cpp:36:1:XFBehavior::~XFBehavior()	16	static
C:/Users/graet/Desktop/Oscilloscopefinal/work/RealtimeOscilloscope/src/xf/core/behavior.cpp:36:1:virtual XFBehavior::~XFBehavior()	16	static
C:/Users/graet/Desktop/Oscilloscopefinal/work/RealtimeOscilloscope/src/xf/core/behavior.cpp:41:6:virtual void XFBehavior::startBehavior()	24	static
C:/Users/graet/Desktop/Oscilloscopefinal/work/RealtimeOscilloscope/src/xf/core/behavior.cpp:53:6:virtual void XFBehavior::pushEvent(XFEvent*, bool)	32	static
C:/Users/graet/Desktop/Oscilloscopefinal/work/RealtimeOscilloscope/src/xf/core/behavior.cpp:61:6:virtual bool XFBehavior::deleteOnTerminate() const	16	static
C:/Users/graet/Desktop/Oscilloscopefinal/work/RealtimeOscilloscope/src/xf/core/behavior.cpp:66:6:virtual void XFBehavior::setDeleteOnTerminate(bool)	16	static
C:/Users/graet/Desktop/Oscilloscopefinal/work/RealtimeOscilloscope/src/xf/core/behavior.cpp:71:31:virtual interface::XFReactive::TerminateBehavior XFBehavior::process(const XFEvent*)	24	static
C:/Users/graet/Desktop/Oscilloscopefinal/work/RealtimeOscilloscope/src/xf/core/behavior.cpp:84:27:interface::XFDispatcher* XFBehavior::getDispatcher()	16	static
C:/Users/graet/Desktop/Oscilloscopefinal/work/RealtimeOscilloscope/src/xf/core/behavior.cpp:89:6:void XFBehavior::setCurrentEvent(const XFEvent*)	16	static
C:/Users/graet/Desktop/Oscilloscopefinal/work/RealtimeOscilloscope/src/xf/core/behavior.cpp:94:17:const XFEvent* XFBehavior::getCurrentEvent() const	16	static
C:/Users/graet/Desktop/Oscilloscopefinal/work/RealtimeOscilloscope/src/xf/core/behavior.cpp:99:19:const XFTimeout* XFBehavior::getCurrentTimeout()	16	static
