c:\users\graet\desktop\oscilloscopefinal\work\realtimeoscilloscope\src\xf\include\xf\event.h:42:5:XFEvent::XFEvent(XFEvent::XFEventType, int, interface::XFReactive*)	24	static
c:\users\graet\desktop\oscilloscopefinal\work\realtimeoscilloscope\src\xf\include\xf\event.h:43:13:XFEvent::~XFEvent()	16	static
c:\users\graet\desktop\oscilloscopefinal\work\realtimeoscilloscope\src\xf\include\xf\event.h:43:13:virtual XFEvent::~XFEvent()	16	static
c:\users\graet\desktop\oscilloscopefinal\work\realtimeoscilloscope\src\xf\include\xf\event.h:62:16:int XFEvent::getId() const	16	static
c:\users\graet\desktop\oscilloscopefinal\work\realtimeoscilloscope\src\xf\include\xf\event.h:64:18:virtual bool XFEvent::deleteAfterConsume() const	16	static
C:/Users/graet/Desktop/Oscilloscopefinal/work/RealtimeOscilloscope/src/xf/core/timeout.cpp:3:1:XFTimeout::XFTimeout(int, int, interface::XFReactive*)	24	static
C:/Users/graet/Desktop/Oscilloscopefinal/work/RealtimeOscilloscope/src/xf/core/timeout.cpp:10:6:bool XFTimeout::operator==(const XFTimeout&) const	24	static
C:/Users/graet/Desktop/Oscilloscopefinal/work/RealtimeOscilloscope/src/xf/core/timeout.cpp:16:6:virtual bool XFTimeout::deleteAfterConsume() const	16	static
c:\users\graet\desktop\oscilloscopefinal\work\realtimeoscilloscope\src\xf\include\xf\timeout.h:27:7:XFTimeout::~XFTimeout()	16	static
c:\users\graet\desktop\oscilloscopefinal\work\realtimeoscilloscope\src\xf\include\xf\timeout.h:27:7:virtual XFTimeout::~XFTimeout()	16	static
