c:\st\stm32cubeide_1.9.0\stm32cubeide\plugins\com.st.stm32cube.ide.mcu.externaltools.gnu-tools-for-stm32.10.3-2021.10.win32_1.0.0.202111181127\tools\bin\../lib/gcc/arm-none-eabi/10.3.1/../../../../arm-none-eabi/include/c++/10.3.1/arm-none-eabi/thumb/v7e-m+fp/hard/bits/gthr-default.h:229:1:int __gthread_key_delete(__gthread_key_t)	16	static
c:\users\graet\desktop\oscilloscopefinal\work\realtimeoscilloscope\src\xf\include\xf\eventstatus.h:37:5:XFEventStatus::XFEventStatus(XFEventStatus::eEventStatus)	16	static
c:\users\graet\desktop\oscilloscopefinal\work\realtimeoscilloscope\src\xf\include\xf\event.h:42:5:XFEvent::XFEvent(XFEvent::XFEventType, int, interface::XFReactive*)	24	static
c:\users\graet\desktop\oscilloscopefinal\work\realtimeoscilloscope\src\xf\include\xf\event.h:43:13:XFEvent::~XFEvent()	16	static
c:\users\graet\desktop\oscilloscopefinal\work\realtimeoscilloscope\src\xf\include\xf\event.h:43:13:virtual XFEvent::~XFEvent()	16	static
c:\users\graet\desktop\oscilloscopefinal\work\realtimeoscilloscope\src\xf\include\xf\event.h:49:24:XFEvent::XFEventType XFEvent::getEventType() const	16	static
c:\users\graet\desktop\oscilloscopefinal\work\realtimeoscilloscope\src\xf\include\xf\event.h:62:16:int XFEvent::getId() const	16	static
c:\users\graet\desktop\oscilloscopefinal\work\realtimeoscilloscope\src\xf\include\xf\event.h:64:18:virtual bool XFEvent::deleteAfterConsume() const	16	static
C:/Users/graet/Desktop/Oscilloscopefinal/work/RealtimeOscilloscope/src/app/interface/guiobserver.h:9:13:interface::GuiObserver::~GuiObserver()	16	static
C:/Users/graet/Desktop/Oscilloscopefinal/work/RealtimeOscilloscope/src/app/interface/guiobserver.h:9:13:virtual interface::GuiObserver::~GuiObserver()	16	static
C:/Users/graet/Desktop/Oscilloscopefinal/work/RealtimeOscilloscope/src/app/interface/guiobserver.h:18:5:interface::GuiObserver::GuiObserver()	16	static
c:\users\graet\desktop\oscilloscopefinal\work\realtimeoscilloscope\src\xf\include\xf\behavior.h:71:17:void XFBehavior::scheduleTimeout(int, int)	32	static
C:/Users/graet/Desktop/Oscilloscopefinal/work/RealtimeOscilloscope/src/app/oscilloscopecontroller.h:41:10:oscilloscope::Controller::~Controller()	16	static
C:/Users/graet/Desktop/Oscilloscopefinal/work/RealtimeOscilloscope/src/app/oscilloscopecontroller.h:41:10:virtual oscilloscope::Controller::~Controller()	16	static
C:/Users/graet/Desktop/Oscilloscopefinal/work/RealtimeOscilloscope/src/app/oscilloscopecontroller.h:60:14:virtual uint32_t oscilloscope::Controller::getTDivCount() const	16	static
C:/Users/graet/Desktop/Oscilloscopefinal/work/RealtimeOscilloscope/src/app/oscilloscopecontroller.h:66:15:oscilloscope::Gui& oscilloscope::Controller::gui() const	16	static
C:/Users/graet/Desktop/Oscilloscopefinal/work/RealtimeOscilloscope/src/app/oscilloscopecontroller.cpp:19:1:oscilloscope::Controller::Controller()	16	static
C:/Users/graet/Desktop/Oscilloscopefinal/work/RealtimeOscilloscope/src/app/oscilloscopecontroller.cpp:30:14:static oscilloscope::Controller& oscilloscope::Controller::getInstance()	8	static
C:/Users/graet/Desktop/Oscilloscopefinal/work/RealtimeOscilloscope/src/app/oscilloscopecontroller.cpp:36:6:void oscilloscope::Controller::initialize(oscilloscope::Gui&, uint16_t*, uint32_t)	24	static
C:/Users/graet/Desktop/Oscilloscopefinal/work/RealtimeOscilloscope/src/app/oscilloscopecontroller.cpp:45:6:void oscilloscope::Controller::start()	16	static
C:/Users/graet/Desktop/Oscilloscopefinal/work/RealtimeOscilloscope/src/app/oscilloscopecontroller.cpp:50:15:virtual XFEventStatus oscilloscope::Controller::processEvent()	24	static
C:/Users/graet/Desktop/Oscilloscopefinal/work/RealtimeOscilloscope/src/app/oscilloscopecontroller.cpp:90:6:virtual void oscilloscope::Controller::onButtonTimePlusPressed()	32	static
C:/Users/graet/Desktop/Oscilloscopefinal/work/RealtimeOscilloscope/src/app/oscilloscopecontroller.cpp:97:6:virtual void oscilloscope::Controller::onButtonTimeMinusPressed()	32	static
C:/Users/graet/Desktop/Oscilloscopefinal/work/RealtimeOscilloscope/src/app/oscilloscopecontroller.cpp:104:6:virtual void oscilloscope::Controller::onCheckBoxTriggerCheckState(bool)	32	static
C:/Users/graet/Desktop/Oscilloscopefinal/work/RealtimeOscilloscope/src/app/oscilloscopecontroller.cpp:111:6:void oscilloscope::Controller::doShowAnalogSignal()	16	static
C:/Users/graet/Desktop/Oscilloscopefinal/work/RealtimeOscilloscope/src/app/oscilloscopecontroller.cpp:116:6:void oscilloscope::Controller::doButtonTimePlusPressed()	48	static
C:/Users/graet/Desktop/Oscilloscopefinal/work/RealtimeOscilloscope/src/app/oscilloscopecontroller.cpp:126:6:void oscilloscope::Controller::doButtonTimeMinusPressed()	48	static
C:/Users/graet/Desktop/Oscilloscopefinal/work/RealtimeOscilloscope/src/app/oscilloscopecontroller.cpp:136:13:std::string oscilloscope::Controller::getText(oscilloscope::TDivValue)	40	static
C:/Users/graet/Desktop/Oscilloscopefinal/work/RealtimeOscilloscope/src/app/oscilloscopecontroller.h:27:3:oscilloscope::TDivOption::~TDivOption()	16	static
C:/Users/graet/Desktop/Oscilloscopefinal/work/RealtimeOscilloscope/src/app/oscilloscopecontroller.cpp:150:1:void __static_initialization_and_destruction_0(int, int)	48	static
C:/Users/graet/Desktop/Oscilloscopefinal/work/RealtimeOscilloscope/src/app/oscilloscopecontroller.cpp:150:1:cpp)	8	static
C:/Users/graet/Desktop/Oscilloscopefinal/work/RealtimeOscilloscope/src/app/oscilloscopecontroller.cpp:150:1:cpp)	8	static
