c:\users\graet\desktop\oscilloscopefinal\work\realtimeoscilloscope\ide-touchgfx-gen\middlewares\st\touchgfx\framework\include\mvp\presenter.hpp:40:18:virtual void touchgfx::Presenter::activate()	16	static
c:\users\graet\desktop\oscilloscopefinal\work\realtimeoscilloscope\ide-touchgfx-gen\middlewares\st\touchgfx\framework\include\mvp\presenter.hpp:50:18:virtual void touchgfx::Presenter::deactivate()	16	static
c:\users\graet\desktop\oscilloscopefinal\work\realtimeoscilloscope\ide-touchgfx-gen\middlewares\st\touchgfx\framework\include\mvp\presenter.hpp:55:13:touchgfx::Presenter::~Presenter()	16	static
c:\users\graet\desktop\oscilloscopefinal\work\realtimeoscilloscope\ide-touchgfx-gen\middlewares\st\touchgfx\framework\include\mvp\presenter.hpp:55:13:virtual touchgfx::Presenter::~Presenter()	16	static
c:\users\graet\desktop\oscilloscopefinal\work\realtimeoscilloscope\ide-touchgfx-gen\middlewares\st\touchgfx\framework\include\mvp\presenter.hpp:61:5:touchgfx::Presenter::Presenter()	16	static
c:\st\stm32cubeide_1.9.0\stm32cubeide\plugins\com.st.stm32cube.ide.mcu.externaltools.gnu-tools-for-stm32.10.3-2021.10.win32_1.0.0.202111181127\tools\bin\../lib/gcc/arm-none-eabi/10.3.1/../../../../arm-none-eabi/include/c++/10.3.1/arm-none-eabi/thumb/v7e-m+fp/hard/bits/gthr-default.h:229:1:int __gthread_key_delete(__gthread_key_t)	16	static
c:\users\graet\desktop\oscilloscopefinal\work\realtimeoscilloscope\ide-touchgfx-gen\touchgfx\gui\include\gui\model\modellistener.hpp:9:5:ModelListener::ModelListener()	16	static
c:\users\graet\desktop\oscilloscopefinal\work\realtimeoscilloscope\ide-touchgfx-gen\touchgfx\gui\include\gui\model\modellistener.hpp:11:13:ModelListener::~ModelListener()	16	static
c:\users\graet\desktop\oscilloscopefinal\work\realtimeoscilloscope\ide-touchgfx-gen\touchgfx\gui\include\gui\model\modellistener.hpp:11:13:virtual ModelListener::~ModelListener()	16	static
c:\users\graet\desktop\oscilloscopefinal\work\realtimeoscilloscope\ide-touchgfx-gen\touchgfx\gui\include\gui\model\modellistener.hpp:18:18:virtual void ModelListener::notifyModeChanged(std::string)	16	static
c:\users\graet\desktop\oscilloscopefinal\work\realtimeoscilloscope\ide-touchgfx-gen\touchgfx\gui\include\gui\model\modellistener.hpp:19:18:virtual void ModelListener::notifyFreqChanged(std::string)	16	static
c:\users\graet\desktop\oscilloscopefinal\work\realtimeoscilloscope\ide-touchgfx-gen\touchgfx\gui\include\gui\model\modellistener.hpp:20:18:virtual void ModelListener::notifyDivTimChanged(std::string)	16	static
c:\users\graet\desktop\oscilloscopefinal\work\realtimeoscilloscope\ide-touchgfx-gen\touchgfx\gui\include\gui\model\modellistener.hpp:21:18:virtual void ModelListener::notifyDrawGraph(uint16_t*, uint16_t, float)	24	static
c:\users\graet\desktop\oscilloscopefinal\work\realtimeoscilloscope\ide-touchgfx-gen\touchgfx\gui\include\gui\mainview_screen\mainviewpresenter.hpp:28:13:MainViewPresenter::~MainViewPresenter()	16	static
c:\users\graet\desktop\oscilloscopefinal\work\realtimeoscilloscope\ide-touchgfx-gen\touchgfx\gui\include\gui\mainview_screen\mainviewpresenter.hpp:28:13:virtual MainViewPresenter::~MainViewPresenter()	16	static
C:/Users/graet/Desktop/Oscilloscopefinal/work/RealtimeOscilloscope/ide-touchgfx-gen/TouchGFX/gui/src/mainview_screen/MainViewPresenter.cpp:4:1:MainViewPresenter::MainViewPresenter(MainViewView&)	16	static
C:/Users/graet/Desktop/Oscilloscopefinal/work/RealtimeOscilloscope/ide-touchgfx-gen/TouchGFX/gui/src/mainview_screen/MainViewPresenter.cpp:10:6:virtual void MainViewPresenter::activate()	16	static
C:/Users/graet/Desktop/Oscilloscopefinal/work/RealtimeOscilloscope/ide-touchgfx-gen/TouchGFX/gui/src/mainview_screen/MainViewPresenter.cpp:15:6:virtual void MainViewPresenter::deactivate()	16	static
C:/Users/graet/Desktop/Oscilloscopefinal/work/RealtimeOscilloscope/ide-touchgfx-gen/TouchGFX/gui/src/mainview_screen/MainViewPresenter.cpp:20:6:virtual void MainViewPresenter::notifyModeChanged(std::string)	48	static
C:/Users/graet/Desktop/Oscilloscopefinal/work/RealtimeOscilloscope/ide-touchgfx-gen/TouchGFX/gui/src/mainview_screen/MainViewPresenter.cpp:24:6:virtual void MainViewPresenter::notifyFreqChanged(std::string)	48	static
C:/Users/graet/Desktop/Oscilloscopefinal/work/RealtimeOscilloscope/ide-touchgfx-gen/TouchGFX/gui/src/mainview_screen/MainViewPresenter.cpp:28:6:virtual void MainViewPresenter::notifyDivTimChanged(std::string)	48	static
C:/Users/graet/Desktop/Oscilloscopefinal/work/RealtimeOscilloscope/ide-touchgfx-gen/TouchGFX/gui/src/mainview_screen/MainViewPresenter.cpp:32:6:virtual void MainViewPresenter::notifyDrawGraph(uint16_t*, uint16_t, float)	24	static
