c:\users\graet\desktop\oscilloscopefinal\work\realtimeoscilloscope\ide-touchgfx-gen\middlewares\st\touchgfx\framework\include\touchgfx\drawable.hpp:64:13:touchgfx::Drawable::~Drawable()	16	static
c:\users\graet\desktop\oscilloscopefinal\work\realtimeoscilloscope\ide-touchgfx-gen\middlewares\st\touchgfx\framework\include\touchgfx\drawable.hpp:64:13:virtual touchgfx::Drawable::~Drawable()	16	static
c:\users\graet\desktop\oscilloscopefinal\work\realtimeoscilloscope\ide-touchgfx-gen\middlewares\st\touchgfx\framework\include\touchgfx\drawable.hpp:134:23:virtual touchgfx::Drawable* touchgfx::Drawable::getFirstChild()	16	static
c:\users\graet\desktop\oscilloscopefinal\work\realtimeoscilloscope\ide-touchgfx-gen\middlewares\st\touchgfx\framework\include\touchgfx\drawable.hpp:271:18:virtual void touchgfx::Drawable::setX(int16_t)	16	static
c:\users\graet\desktop\oscilloscopefinal\work\realtimeoscilloscope\ide-touchgfx-gen\middlewares\st\touchgfx\framework\include\touchgfx\drawable.hpp:283:18:virtual void touchgfx::Drawable::setY(int16_t)	16	static
c:\users\graet\desktop\oscilloscopefinal\work\realtimeoscilloscope\ide-touchgfx-gen\middlewares\st\touchgfx\framework\include\touchgfx\drawable.hpp:312:18:virtual void touchgfx::Drawable::setWidth(int16_t)	16	static
c:\users\graet\desktop\oscilloscopefinal\work\realtimeoscilloscope\ide-touchgfx-gen\middlewares\st\touchgfx\framework\include\touchgfx\drawable.hpp:324:18:virtual void touchgfx::Drawable::setHeight(int16_t)	16	static
c:\users\graet\desktop\oscilloscopefinal\work\realtimeoscilloscope\ide-touchgfx-gen\middlewares\st\touchgfx\framework\include\touchgfx\drawable.hpp:334:18:virtual void touchgfx::Drawable::childGeometryChanged()	16	static
c:\users\graet\desktop\oscilloscopefinal\work\realtimeoscilloscope\ide-touchgfx-gen\middlewares\st\touchgfx\framework\include\touchgfx\drawable.hpp:345:18:virtual void touchgfx::Drawable::handleClickEvent(const touchgfx::ClickEvent&)	16	static
c:\users\graet\desktop\oscilloscopefinal\work\realtimeoscilloscope\ide-touchgfx-gen\middlewares\st\touchgfx\framework\include\touchgfx\drawable.hpp:356:18:virtual void touchgfx::Drawable::handleGestureEvent(const touchgfx::GestureEvent&)	16	static
c:\users\graet\desktop\oscilloscopefinal\work\realtimeoscilloscope\ide-touchgfx-gen\middlewares\st\touchgfx\framework\include\touchgfx\drawable.hpp:444:18:virtual void touchgfx::Drawable::handleDragEvent(const touchgfx::DragEvent&)	16	static
c:\users\graet\desktop\oscilloscopefinal\work\realtimeoscilloscope\ide-touchgfx-gen\middlewares\st\touchgfx\framework\include\touchgfx\drawable.hpp:454:18:virtual void touchgfx::Drawable::handleTickEvent()	16	static
c:\users\graet\desktop\oscilloscopefinal\work\realtimeoscilloscope\ide-touchgfx-gen\middlewares\st\touchgfx\framework\include\touchgfx\drawable.hpp:490:10:bool touchgfx::Drawable::isVisible() const	16	static
c:\users\graet\desktop\oscilloscopefinal\work\realtimeoscilloscope\ide-touchgfx-gen\middlewares\st\touchgfx\framework\include\touchgfx\drawable.hpp:502:10:bool touchgfx::Drawable::isTouchable() const	16	static
c:\users\graet\desktop\oscilloscopefinal\work\realtimeoscilloscope\ide-touchgfx-gen\middlewares\st\touchgfx\framework\include\touchgfx\drawable.hpp:541:18:virtual void touchgfx::Drawable::moveTo(int16_t, int16_t)	16	static
c:\users\graet\desktop\oscilloscopefinal\work\realtimeoscilloscope\ide-touchgfx-gen\middlewares\st\touchgfx\framework\include\touchgfx\drawable.hpp:578:10:void touchgfx::Drawable::resetDrawChainCache()	16	static
c:\users\graet\desktop\oscilloscopefinal\work\realtimeoscilloscope\ide-touchgfx-gen\middlewares\st\touchgfx\framework\include\touchgfx\drawable.hpp:656:18:virtual void touchgfx::Drawable::setupDrawChain(const touchgfx::Rect&, touchgfx::Drawable**)	24	static
c:\users\graet\desktop\oscilloscopefinal\work\realtimeoscilloscope\ide-touchgfx-gen\middlewares\st\touchgfx\framework\include\touchgfx\containers\container.hpp:154:23:virtual touchgfx::Drawable* touchgfx::Container::getFirstChild()	16	static
c:\users\graet\desktop\oscilloscopefinal\work\realtimeoscilloscope\ide-touchgfx-gen\middlewares\st\touchgfx\framework\include\touchgfx\screen.hpp:49:13:touchgfx::Screen::~Screen()	16	static
c:\users\graet\desktop\oscilloscopefinal\work\realtimeoscilloscope\ide-touchgfx-gen\middlewares\st\touchgfx\framework\include\touchgfx\screen.hpp:49:13:virtual touchgfx::Screen::~Screen()	16	static
c:\users\graet\desktop\oscilloscopefinal\work\realtimeoscilloscope\ide-touchgfx-gen\middlewares\st\touchgfx\framework\include\touchgfx\screen.hpp:96:18:virtual void touchgfx::Screen::setupScreen()	16	static
c:\users\graet\desktop\oscilloscopefinal\work\realtimeoscilloscope\ide-touchgfx-gen\middlewares\st\touchgfx\framework\include\touchgfx\screen.hpp:107:18:virtual void touchgfx::Screen::afterTransition()	16	static
c:\users\graet\desktop\oscilloscopefinal\work\realtimeoscilloscope\ide-touchgfx-gen\middlewares\st\touchgfx\framework\include\touchgfx\screen.hpp:118:18:virtual void touchgfx::Screen::tearDownScreen()	16	static
c:\users\graet\desktop\oscilloscopefinal\work\realtimeoscilloscope\ide-touchgfx-gen\middlewares\st\touchgfx\framework\include\touchgfx\screen.hpp:147:18:virtual void touchgfx::Screen::handleTickEvent()	16	static
c:\users\graet\desktop\oscilloscopefinal\work\realtimeoscilloscope\ide-touchgfx-gen\middlewares\st\touchgfx\framework\include\touchgfx\screen.hpp:157:18:virtual void touchgfx::Screen::handleKeyEvent(uint8_t)	16	static
c:\st\stm32cubeide_1.9.0\stm32cubeide\plugins\com.st.stm32cube.ide.mcu.externaltools.gnu-tools-for-stm32.10.3-2021.10.win32_1.0.0.202111181127\tools\bin\../lib/gcc/arm-none-eabi/10.3.1/../../../../arm-none-eabi/include/c++/10.3.1/arm-none-eabi/thumb/v7e-m+fp/hard/bits/gthr-default.h:229:1:int __gthread_key_delete(__gthread_key_t)	16	static
c:\users\graet\desktop\oscilloscopefinal\work\realtimeoscilloscope\ide-touchgfx-gen\middlewares\st\touchgfx\framework\include\touchgfx\widgets\widget.hpp:50:18:virtual void touchgfx::Widget::getLastChild(int16_t, int16_t, touchgfx::Drawable**)	24	static
c:\users\graet\desktop\oscilloscopefinal\work\realtimeoscilloscope\ide-touchgfx-gen\middlewares\st\touchgfx\framework\include\touchgfx\widgets\widget.hpp:39:7:touchgfx::Widget::~Widget()	16	static
c:\users\graet\desktop\oscilloscopefinal\work\realtimeoscilloscope\ide-touchgfx-gen\middlewares\st\touchgfx\framework\include\touchgfx\widgets\widget.hpp:39:7:virtual touchgfx::Widget::~Widget()	16	static
c:\users\graet\desktop\oscilloscopefinal\work\realtimeoscilloscope\ide-touchgfx-gen\middlewares\st\touchgfx\framework\include\touchgfx\widgets\abstractbutton.hpp:34:7:touchgfx::AbstractButton::~AbstractButton()	16	static
c:\users\graet\desktop\oscilloscopefinal\work\realtimeoscilloscope\ide-touchgfx-gen\middlewares\st\touchgfx\framework\include\touchgfx\widgets\abstractbutton.hpp:34:7:virtual touchgfx::AbstractButton::~AbstractButton()	16	static
c:\users\graet\desktop\oscilloscopefinal\work\realtimeoscilloscope\ide-touchgfx-gen\middlewares\st\touchgfx\framework\include\touchgfx\typedtext.hpp:68:13:touchgfx::TypedText::~TypedText()	16	static
c:\users\graet\desktop\oscilloscopefinal\work\realtimeoscilloscope\ide-touchgfx-gen\middlewares\st\touchgfx\framework\include\touchgfx\typedtext.hpp:68:13:virtual touchgfx::TypedText::~TypedText()	16	static
c:\users\graet\desktop\oscilloscopefinal\work\realtimeoscilloscope\ide-touchgfx-gen\middlewares\st\touchgfx\framework\include\touchgfx\widgets\textarea.hpp:44:7:touchgfx::TextArea::~TextArea()	16	static
c:\users\graet\desktop\oscilloscopefinal\work\realtimeoscilloscope\ide-touchgfx-gen\middlewares\st\touchgfx\framework\include\touchgfx\widgets\textarea.hpp:44:7:virtual touchgfx::TextArea::~TextArea()	16	static
c:\users\graet\desktop\oscilloscopefinal\work\realtimeoscilloscope\ide-touchgfx-gen\middlewares\st\touchgfx\framework\include\touchgfx\widgets\canvas\abstractpainter.hpp:54:13:touchgfx::AbstractPainter::~AbstractPainter()	16	static
c:\users\graet\desktop\oscilloscopefinal\work\realtimeoscilloscope\ide-touchgfx-gen\middlewares\st\touchgfx\framework\include\touchgfx\widgets\canvas\abstractpainter.hpp:54:13:virtual touchgfx::AbstractPainter::~AbstractPainter()	16	static
c:\users\graet\desktop\oscilloscopefinal\work\realtimeoscilloscope\ide-touchgfx-gen\middlewares\st\touchgfx\framework\include\touchgfx\widgets\canvas\abstractpainter.hpp:97:18:virtual void touchgfx::AbstractPainter::setAlpha(uint8_t)	16	static
c:\users\graet\desktop\oscilloscopefinal\work\realtimeoscilloscope\ide-touchgfx-gen\middlewares\st\touchgfx\framework\include\touchgfx\widgets\canvas\abstractpainter.hpp:103:21:virtual uint8_t touchgfx::AbstractPainter::getAlpha() const	16	static
c:\users\graet\desktop\oscilloscopefinal\work\realtimeoscilloscope\ide-touchgfx-gen\middlewares\st\touchgfx\framework\include\touchgfx\widgets\canvas\canvaswidget.hpp:67:18:virtual void touchgfx::CanvasWidget::setAlpha(uint8_t)	16	static
c:\users\graet\desktop\oscilloscopefinal\work\realtimeoscilloscope\ide-touchgfx-gen\middlewares\st\touchgfx\framework\include\touchgfx\widgets\canvas\canvaswidget.hpp:73:21:virtual uint8_t touchgfx::CanvasWidget::getAlpha() const	16	static
c:\users\graet\desktop\oscilloscopefinal\work\realtimeoscilloscope\ide-touchgfx-gen\middlewares\st\touchgfx\framework\include\touchgfx\widgets\canvas\abstractpainterrgb565.hpp:37:7:touchgfx::AbstractPainterRGB565::~AbstractPainterRGB565()	16	static
c:\users\graet\desktop\oscilloscopefinal\work\realtimeoscilloscope\ide-touchgfx-gen\middlewares\st\touchgfx\framework\include\touchgfx\widgets\canvas\abstractpainterrgb565.hpp:37:7:virtual touchgfx::AbstractPainterRGB565::~AbstractPainterRGB565()	16	static
c:\users\graet\desktop\oscilloscopefinal\work\realtimeoscilloscope\ide-touchgfx-gen\middlewares\st\touchgfx\framework\include\mvp\view.hpp:40:7:touchgfx::View<MainViewPresenter>::~View()	16	static
c:\users\graet\desktop\oscilloscopefinal\work\realtimeoscilloscope\ide-touchgfx-gen\middlewares\st\touchgfx\framework\include\mvp\view.hpp:40:7:virtual touchgfx::View<MainViewPresenter>::~View()	16	static
c:\users\graet\desktop\oscilloscopefinal\work\realtimeoscilloscope\ide-touchgfx-gen\touchgfx\generated\gui_generated\include\gui_generated\mainview_screen\mainviewviewbase.hpp:23:13:MainViewViewBase::~MainViewViewBase()	16	static
c:\users\graet\desktop\oscilloscopefinal\work\realtimeoscilloscope\ide-touchgfx-gen\touchgfx\generated\gui_generated\include\gui_generated\mainview_screen\mainviewviewbase.hpp:23:13:virtual MainViewViewBase::~MainViewViewBase()	16	static
c:\users\graet\desktop\oscilloscopefinal\work\realtimeoscilloscope\ide-touchgfx-gen\touchgfx\gui\include\gui\mainview_screen\mainviewview.hpp:13:13:MainViewView::~MainViewView()	16	static
c:\users\graet\desktop\oscilloscopefinal\work\realtimeoscilloscope\ide-touchgfx-gen\touchgfx\gui\include\gui\mainview_screen\mainviewview.hpp:13:13:virtual MainViewView::~MainViewView()	16	static
C:/Users/graet/Desktop/Oscilloscopefinal/work/RealtimeOscilloscope/ide-touchgfx-gen/TouchGFX/gui/src/mainview_screen/MainViewView.cpp:7:1:MainViewView::MainViewView()	16	static
C:/Users/graet/Desktop/Oscilloscopefinal/work/RealtimeOscilloscope/ide-touchgfx-gen/TouchGFX/gui/src/mainview_screen/MainViewView.cpp:15:15:static MainViewView* MainViewView::getInstance()	4	static
C:/Users/graet/Desktop/Oscilloscopefinal/work/RealtimeOscilloscope/ide-touchgfx-gen/TouchGFX/gui/src/mainview_screen/MainViewView.cpp:19:6:virtual void MainViewView::setupScreen()	16	static
C:/Users/graet/Desktop/Oscilloscopefinal/work/RealtimeOscilloscope/ide-touchgfx-gen/TouchGFX/gui/src/mainview_screen/MainViewView.cpp:24:6:virtual void MainViewView::tearDownScreen()	16	static
C:/Users/graet/Desktop/Oscilloscopefinal/work/RealtimeOscilloscope/ide-touchgfx-gen/TouchGFX/gui/src/mainview_screen/MainViewView.cpp:29:6:virtual void MainViewView::onBtnPlusPressed()	16	static
C:/Users/graet/Desktop/Oscilloscopefinal/work/RealtimeOscilloscope/ide-touchgfx-gen/TouchGFX/gui/src/mainview_screen/MainViewView.cpp:33:6:virtual void MainViewView::onBtnMinusPressed()	16	static
C:/Users/graet/Desktop/Oscilloscopefinal/work/RealtimeOscilloscope/ide-touchgfx-gen/TouchGFX/gui/src/mainview_screen/MainViewView.cpp:37:6:virtual void MainViewView::onCheckBoxTriggerPressed()	24	static
C:/Users/graet/Desktop/Oscilloscopefinal/work/RealtimeOscilloscope/ide-touchgfx-gen/TouchGFX/gui/src/mainview_screen/MainViewView.cpp:45:6:void MainViewView::setModeSignal(std::string)	16	static
C:/Users/graet/Desktop/Oscilloscopefinal/work/RealtimeOscilloscope/ide-touchgfx-gen/TouchGFX/gui/src/mainview_screen/MainViewView.cpp:50:6:void MainViewView::setFreqSignal(std::string)	16	static
C:/Users/graet/Desktop/Oscilloscopefinal/work/RealtimeOscilloscope/ide-touchgfx-gen/TouchGFX/gui/src/mainview_screen/MainViewView.cpp:55:6:void MainViewView::setLabelDivTime(std::string)	16	static
C:/Users/graet/Desktop/Oscilloscopefinal/work/RealtimeOscilloscope/ide-touchgfx-gen/TouchGFX/gui/src/mainview_screen/MainViewView.cpp:60:6:void MainViewView::drawGraph(uint16_t*, uint16_t, float)	32	static
c:\users\graet\desktop\oscilloscopefinal\work\realtimeoscilloscope\ide-touchgfx-gen\middlewares\st\touchgfx\framework\include\touchgfx\containers\container.hpp:42:7:touchgfx::Container::~Container()	16	static
c:\users\graet\desktop\oscilloscopefinal\work\realtimeoscilloscope\ide-touchgfx-gen\middlewares\st\touchgfx\framework\include\touchgfx\containers\container.hpp:42:7:virtual touchgfx::Container::~Container()	16	static
c:\users\graet\desktop\oscilloscopefinal\work\realtimeoscilloscope\ide-touchgfx-gen\middlewares\st\touchgfx\framework\include\touchgfx\widgets\box.hpp:36:7:touchgfx::Box::~Box()	16	static
c:\users\graet\desktop\oscilloscopefinal\work\realtimeoscilloscope\ide-touchgfx-gen\middlewares\st\touchgfx\framework\include\touchgfx\widgets\box.hpp:36:7:virtual touchgfx::Box::~Box()	16	static
c:\users\graet\desktop\oscilloscopefinal\work\realtimeoscilloscope\ide-touchgfx-gen\middlewares\st\touchgfx\framework\include\touchgfx\widgets\textareawithwildcard.hpp:93:7:touchgfx::TextAreaWithTwoWildcards::~TextAreaWithTwoWildcards()	16	static
c:\users\graet\desktop\oscilloscopefinal\work\realtimeoscilloscope\ide-touchgfx-gen\middlewares\st\touchgfx\framework\include\touchgfx\widgets\textareawithwildcard.hpp:93:7:virtual touchgfx::TextAreaWithTwoWildcards::~TextAreaWithTwoWildcards()	16	static
c:\users\graet\desktop\oscilloscopefinal\work\realtimeoscilloscope\ide-touchgfx-gen\middlewares\st\touchgfx\framework\include\touchgfx\widgets\textareawithwildcard.hpp:37:7:touchgfx::TextAreaWithOneWildcard::~TextAreaWithOneWildcard()	16	static
c:\users\graet\desktop\oscilloscopefinal\work\realtimeoscilloscope\ide-touchgfx-gen\middlewares\st\touchgfx\framework\include\touchgfx\widgets\textareawithwildcard.hpp:37:7:virtual touchgfx::TextAreaWithOneWildcard::~TextAreaWithOneWildcard()	16	static
c:\users\graet\desktop\oscilloscopefinal\work\realtimeoscilloscope\ide-touchgfx-gen\middlewares\st\touchgfx\framework\include\touchgfx\widgets\graph\abstractdatagraph.hpp:38:7:touchgfx::AbstractDataGraph::~AbstractDataGraph()	16	static
c:\users\graet\desktop\oscilloscopefinal\work\realtimeoscilloscope\ide-touchgfx-gen\middlewares\st\touchgfx\framework\include\touchgfx\widgets\graph\abstractdatagraph.hpp:38:7:virtual touchgfx::AbstractDataGraph::~AbstractDataGraph()	16	static
c:\users\graet\desktop\oscilloscopefinal\work\realtimeoscilloscope\ide-touchgfx-gen\middlewares\st\touchgfx\framework\include\touchgfx\widgets\graph\abstractdatagraph.hpp:900:7:touchgfx::AbstractDataGraphWithY::~AbstractDataGraphWithY()	16	static
c:\users\graet\desktop\oscilloscopefinal\work\realtimeoscilloscope\ide-touchgfx-gen\middlewares\st\touchgfx\framework\include\touchgfx\widgets\graph\abstractdatagraph.hpp:900:7:virtual touchgfx::AbstractDataGraphWithY::~AbstractDataGraphWithY()	16	static
c:\users\graet\desktop\oscilloscopefinal\work\realtimeoscilloscope\ide-touchgfx-gen\middlewares\st\touchgfx\framework\include\touchgfx\widgets\graph\graphwrapandclear.hpp:33:7:touchgfx::DataGraphWrapAndClear::~DataGraphWrapAndClear()	16	static
c:\users\graet\desktop\oscilloscopefinal\work\realtimeoscilloscope\ide-touchgfx-gen\middlewares\st\touchgfx\framework\include\touchgfx\widgets\graph\graphwrapandclear.hpp:33:7:virtual touchgfx::DataGraphWrapAndClear::~DataGraphWrapAndClear()	16	static
c:\users\graet\desktop\oscilloscopefinal\work\realtimeoscilloscope\ide-touchgfx-gen\middlewares\st\touchgfx\framework\include\touchgfx\widgets\graph\graphwrapandclear.hpp:58:7:touchgfx::GraphWrapAndClear<460>::~GraphWrapAndClear()	16	static
c:\users\graet\desktop\oscilloscopefinal\work\realtimeoscilloscope\ide-touchgfx-gen\middlewares\st\touchgfx\framework\include\touchgfx\widgets\graph\graphwrapandclear.hpp:58:7:virtual touchgfx::GraphWrapAndClear<460>::~GraphWrapAndClear()	16	static
c:\users\graet\desktop\oscilloscopefinal\work\realtimeoscilloscope\ide-touchgfx-gen\middlewares\st\touchgfx\framework\include\touchgfx\widgets\canvas\canvaswidget.hpp:40:7:touchgfx::CanvasWidget::~CanvasWidget()	16	static
c:\users\graet\desktop\oscilloscopefinal\work\realtimeoscilloscope\ide-touchgfx-gen\middlewares\st\touchgfx\framework\include\touchgfx\widgets\canvas\canvaswidget.hpp:40:7:virtual touchgfx::CanvasWidget::~CanvasWidget()	16	static
c:\users\graet\desktop\oscilloscopefinal\work\realtimeoscilloscope\ide-touchgfx-gen\middlewares\st\touchgfx\framework\include\touchgfx\widgets\graph\graphelements.hpp:29:7:touchgfx::AbstractGraphElement::~AbstractGraphElement()	16	static
c:\users\graet\desktop\oscilloscopefinal\work\realtimeoscilloscope\ide-touchgfx-gen\middlewares\st\touchgfx\framework\include\touchgfx\widgets\graph\graphelements.hpp:29:7:virtual touchgfx::AbstractGraphElement::~AbstractGraphElement()	16	static
c:\users\graet\desktop\oscilloscopefinal\work\realtimeoscilloscope\ide-touchgfx-gen\middlewares\st\touchgfx\framework\include\touchgfx\widgets\graph\graphelements.hpp:727:7:touchgfx::GraphElementDiamonds::~GraphElementDiamonds()	16	static
c:\users\graet\desktop\oscilloscopefinal\work\realtimeoscilloscope\ide-touchgfx-gen\middlewares\st\touchgfx\framework\include\touchgfx\widgets\graph\graphelements.hpp:727:7:virtual touchgfx::GraphElementDiamonds::~GraphElementDiamonds()	16	static
c:\users\graet\desktop\oscilloscopefinal\work\realtimeoscilloscope\ide-touchgfx-gen\middlewares\st\touchgfx\framework\include\touchgfx\widgets\canvas\painterrgb565.hpp:36:7:touchgfx::PainterRGB565::~PainterRGB565()	16	static
c:\users\graet\desktop\oscilloscopefinal\work\realtimeoscilloscope\ide-touchgfx-gen\middlewares\st\touchgfx\framework\include\touchgfx\widgets\canvas\painterrgb565.hpp:36:7:virtual touchgfx::PainterRGB565::~PainterRGB565()	16	static
c:\users\graet\desktop\oscilloscopefinal\work\realtimeoscilloscope\ide-touchgfx-gen\middlewares\st\touchgfx\framework\include\touchgfx\widgets\graph\graphelements.hpp:210:7:touchgfx::AbstractGraphElementNoCWR::~AbstractGraphElementNoCWR()	16	static
c:\users\graet\desktop\oscilloscopefinal\work\realtimeoscilloscope\ide-touchgfx-gen\middlewares\st\touchgfx\framework\include\touchgfx\widgets\graph\graphelements.hpp:210:7:virtual touchgfx::AbstractGraphElementNoCWR::~AbstractGraphElementNoCWR()	16	static
c:\users\graet\desktop\oscilloscopefinal\work\realtimeoscilloscope\ide-touchgfx-gen\middlewares\st\touchgfx\framework\include\touchgfx\widgets\graph\graphelements.hpp:257:7:touchgfx::GraphElementGridBase::~GraphElementGridBase()	16	static
c:\users\graet\desktop\oscilloscopefinal\work\realtimeoscilloscope\ide-touchgfx-gen\middlewares\st\touchgfx\framework\include\touchgfx\widgets\graph\graphelements.hpp:257:7:virtual touchgfx::GraphElementGridBase::~GraphElementGridBase()	16	static
c:\users\graet\desktop\oscilloscopefinal\work\realtimeoscilloscope\ide-touchgfx-gen\middlewares\st\touchgfx\framework\include\touchgfx\widgets\graph\graphelements.hpp:353:7:touchgfx::GraphElementGridX::~GraphElementGridX()	16	static
c:\users\graet\desktop\oscilloscopefinal\work\realtimeoscilloscope\ide-touchgfx-gen\middlewares\st\touchgfx\framework\include\touchgfx\widgets\graph\graphelements.hpp:353:7:virtual touchgfx::GraphElementGridX::~GraphElementGridX()	16	static
c:\users\graet\desktop\oscilloscopefinal\work\realtimeoscilloscope\ide-touchgfx-gen\middlewares\st\touchgfx\framework\include\touchgfx\widgets\button.hpp:33:7:touchgfx::Button::~Button()	16	static
c:\users\graet\desktop\oscilloscopefinal\work\realtimeoscilloscope\ide-touchgfx-gen\middlewares\st\touchgfx\framework\include\touchgfx\widgets\button.hpp:33:7:virtual touchgfx::Button::~Button()	16	static
c:\users\graet\desktop\oscilloscopefinal\work\realtimeoscilloscope\ide-touchgfx-gen\middlewares\st\touchgfx\framework\include\touchgfx\widgets\image.hpp:42:7:touchgfx::Image::~Image()	16	static
c:\users\graet\desktop\oscilloscopefinal\work\realtimeoscilloscope\ide-touchgfx-gen\middlewares\st\touchgfx\framework\include\touchgfx\widgets\image.hpp:42:7:virtual touchgfx::Image::~Image()	16	static
c:\users\graet\desktop\oscilloscopefinal\work\realtimeoscilloscope\ide-touchgfx-gen\middlewares\st\touchgfx\framework\include\touchgfx\callback.hpp:362:8:touchgfx::Callback<MainViewViewBase, const touchgfx::AbstractButton&>::~Callback()	16	static
c:\users\graet\desktop\oscilloscopefinal\work\realtimeoscilloscope\ide-touchgfx-gen\middlewares\st\touchgfx\framework\include\touchgfx\callback.hpp:362:8:virtual touchgfx::Callback<MainViewViewBase, const touchgfx::AbstractButton&>::~Callback()	16	static
c:\users\graet\desktop\oscilloscopefinal\work\realtimeoscilloscope\ide-touchgfx-gen\middlewares\st\touchgfx\framework\include\touchgfx\callback.hpp:141:13:touchgfx::GenericCallback<T1, void, void>::~GenericCallback() [with T1 = const touchgfx::AbstractButton&]	16	static
c:\users\graet\desktop\oscilloscopefinal\work\realtimeoscilloscope\ide-touchgfx-gen\middlewares\st\touchgfx\framework\include\touchgfx\callback.hpp:141:13:touchgfx::GenericCallback<T1, void, void>::~GenericCallback() [with T1 = const touchgfx::AbstractButton&]	16	static
c:\users\graet\desktop\oscilloscopefinal\work\realtimeoscilloscope\ide-touchgfx-gen\middlewares\st\touchgfx\framework\include\touchgfx\callback.hpp:392:18:void touchgfx::Callback<dest_type, T1, void, void>::execute(T1) [with dest_type = MainViewViewBase; T1 = const touchgfx::AbstractButton&]	16	static
c:\users\graet\desktop\oscilloscopefinal\work\realtimeoscilloscope\ide-touchgfx-gen\middlewares\st\touchgfx\framework\include\touchgfx\callback.hpp:402:18:bool touchgfx::Callback<dest_type, T1, void, void>::isValid() const [with dest_type = MainViewViewBase; T1 = const touchgfx::AbstractButton&]	16	static
