c:\users\graet\desktop\oscilloscopefinal\work\realtimeoscilloscope\ide-touchgfx-gen\middlewares\st\touchgfx\framework\include\platform\core\mcuinstrumentation.hpp:33:5:touchgfx::MCUInstrumentation::MCUInstrumentation()	16	static
c:\users\graet\desktop\oscilloscopefinal\work\realtimeoscilloscope\ide-touchgfx-gen\middlewares\st\touchgfx\framework\include\platform\core\mcuinstrumentation.hpp:43:13:touchgfx::MCUInstrumentation::~MCUInstrumentation()	16	static
c:\users\graet\desktop\oscilloscopefinal\work\realtimeoscilloscope\ide-touchgfx-gen\middlewares\st\touchgfx\framework\include\platform\core\mcuinstrumentation.hpp:43:13:virtual touchgfx::MCUInstrumentation::~MCUInstrumentation()	16	static
c:\users\graet\desktop\oscilloscopefinal\work\realtimeoscilloscope\ide-touchgfx-gen\middlewares\st\touchgfx\framework\include\platform\core\mcuinstrumentation.hpp:70:18:virtual void touchgfx::MCUInstrumentation::setMCUActive(bool)	24	static
c:\users\graet\desktop\oscilloscopefinal\work\realtimeoscilloscope\ide-touchgfx-gen\middlewares\st\touchgfx\framework\include\platform\core\mcuinstrumentation.hpp:88:22:virtual uint32_t touchgfx::MCUInstrumentation::getCCConsumed()	16	static
c:\users\graet\desktop\oscilloscopefinal\work\realtimeoscilloscope\ide-touchgfx-gen\middlewares\st\touchgfx\framework\include\platform\core\mcuinstrumentation.hpp:98:18:virtual void touchgfx::MCUInstrumentation::setCCConsumed(uint32_t)	16	static
c:\users\graet\desktop\oscilloscopefinal\work\realtimeoscilloscope\ide-touchgfx-gen\middlewares\st\touchgfx\framework\include\touchgfx\hal\hal.hpp:100:13:touchgfx::HAL::~HAL()	16	static
c:\users\graet\desktop\oscilloscopefinal\work\realtimeoscilloscope\ide-touchgfx-gen\middlewares\st\touchgfx\framework\include\touchgfx\hal\hal.hpp:100:13:virtual touchgfx::HAL::~HAL()	16	static
c:\users\graet\desktop\oscilloscopefinal\work\realtimeoscilloscope\ide-touchgfx-gen\middlewares\st\touchgfx\framework\include\touchgfx\hal\hal.hpp:109:17:static touchgfx::HAL* touchgfx::HAL::getInstance()	4	static
c:\users\graet\desktop\oscilloscopefinal\work\realtimeoscilloscope\ide-touchgfx-gen\middlewares\st\touchgfx\framework\include\touchgfx\hal\hal.hpp:123:18:virtual void touchgfx::HAL::setDisplayOrientation(touchgfx::DisplayOrientation)	16	static
c:\users\graet\desktop\oscilloscopefinal\work\realtimeoscilloscope\ide-touchgfx-gen\middlewares\st\touchgfx\framework\include\touchgfx\hal\hal.hpp:255:10:void touchgfx::HAL::lockDMAToFrontPorch(bool)	16	static
c:\users\graet\desktop\oscilloscopefinal\work\realtimeoscilloscope\ide-touchgfx-gen\middlewares\st\touchgfx\framework\include\touchgfx\hal\hal.hpp:281:28:virtual touchgfx::BlitOperations touchgfx::HAL::getBlitCaps()	16	static
c:\users\graet\desktop\oscilloscopefinal\work\realtimeoscilloscope\ide-touchgfx-gen\middlewares\st\touchgfx\framework\include\touchgfx\hal\hal.hpp:538:18:virtual void touchgfx::HAL::backPorchExited()	16	static
c:\users\graet\desktop\oscilloscopefinal\work\realtimeoscilloscope\ide-touchgfx-gen\middlewares\st\touchgfx\framework\include\touchgfx\hal\hal.hpp:570:18:virtual bool touchgfx::HAL::sampleKey(uint8_t&)	16	static
c:\users\graet\desktop\oscilloscopefinal\work\realtimeoscilloscope\ide-touchgfx-gen\middlewares\st\touchgfx\framework\include\touchgfx\hal\hal.hpp:617:18:virtual void touchgfx::HAL::setFrameBufferStartAddresses(void*, void*, void*)	24	static
c:\users\graet\desktop\oscilloscopefinal\work\realtimeoscilloscope\ide-touchgfx-gen\middlewares\st\touchgfx\framework\include\touchgfx\hal\hal.hpp:686:10:void touchgfx::HAL::setMCUInstrumentation(touchgfx::MCUInstrumentation*)	16	static
c:\users\graet\desktop\oscilloscopefinal\work\realtimeoscilloscope\ide-touchgfx-gen\middlewares\st\touchgfx\framework\include\touchgfx\hal\hal.hpp:697:10:void touchgfx::HAL::enableMCULoadCalculation(bool)	16	static
c:\users\graet\desktop\oscilloscopefinal\work\realtimeoscilloscope\ide-touchgfx-gen\middlewares\st\touchgfx\framework\include\touchgfx\hal\hal.hpp:760:30:virtual touchgfx::FlashDataReader* touchgfx::HAL::getFlashDataReader() const	16	static
c:\users\graet\desktop\oscilloscopefinal\work\realtimeoscilloscope\ide-touchgfx-gen\middlewares\st\touchgfx\framework\include\touchgfx\hal\hal.hpp:909:18:virtual void touchgfx::HAL::taskDelay(uint16_t)	16	static
c:\users\graet\desktop\oscilloscopefinal\work\realtimeoscilloscope\ide-touchgfx-gen\middlewares\st\touchgfx\framework\include\touchgfx\hal\hal.hpp:936:22:virtual uint16_t touchgfx::HAL::getTFTCurrentLine()	16	static
c:\users\graet\desktop\oscilloscopefinal\work\realtimeoscilloscope\ide-touchgfx-gen\middlewares\st\touchgfx\framework\include\touchgfx\hal\hal.hpp:947:21:virtual touchgfx::DMAType touchgfx::HAL::getDMAType()	16	static
c:\users\graet\desktop\oscilloscopefinal\work\realtimeoscilloscope\ide-touchgfx-gen\middlewares\st\touchgfx\framework\include\touchgfx\hal\hal.hpp:1057:18:virtual void touchgfx::HAL::performDisplayOrientationChange()	16	static
c:\users\graet\desktop\oscilloscopefinal\work\realtimeoscilloscope\ide-touchgfx-gen\touchgfx\target\generated\touchgfxgeneratedhal.hpp:104:18:virtual void TouchGFXGeneratedHAL::flushFrameBuffer()	16	static
c:\users\graet\desktop\oscilloscopefinal\work\realtimeoscilloscope\ide-touchgfx-gen\touchgfx\target\generated\touchgfxgeneratedhal.hpp:28:7:TouchGFXGeneratedHAL::~TouchGFXGeneratedHAL()	16	static
c:\users\graet\desktop\oscilloscopefinal\work\realtimeoscilloscope\ide-touchgfx-gen\touchgfx\target\generated\touchgfxgeneratedhal.hpp:28:7:virtual TouchGFXGeneratedHAL::~TouchGFXGeneratedHAL()	16	static
c:\users\graet\desktop\oscilloscopefinal\work\realtimeoscilloscope\ide-touchgfx-gen\touchgfx\target\touchgfxhal.hpp:103:18:virtual void TouchGFXHAL::flushFrameBuffer()	16	static
../Drivers/CMSIS/Include/core_cm7.h:2427:22:void SCB_CleanInvalidateDCache()	24	static,ignoring_inline_asm
c:\users\graet\desktop\oscilloscopefinal\work\realtimeoscilloscope\ide-touchgfx-gen\touchgfx\target\cortexmmcuinstrumentation.hpp:20:7:touchgfx::CortexMMCUInstrumentation::CortexMMCUInstrumentation()	16	static
C:/Users/graet/Desktop/Oscilloscopefinal/work/RealtimeOscilloscope/ide-touchgfx-gen/TouchGFX/target/TouchGFXHAL.cpp:34:6:void TouchGFXHAL::initialize()	24	static
C:/Users/graet/Desktop/Oscilloscopefinal/work/RealtimeOscilloscope/ide-touchgfx-gen/TouchGFX/target/TouchGFXHAL.cpp:75:11:virtual uint16_t* TouchGFXHAL::getTFTFrameBuffer() const	16	static
C:/Users/graet/Desktop/Oscilloscopefinal/work/RealtimeOscilloscope/ide-touchgfx-gen/TouchGFX/target/TouchGFXHAL.cpp:90:6:virtual void TouchGFXHAL::setTFTFrameBuffer(uint16_t*)	16	static
C:/Users/graet/Desktop/Oscilloscopefinal/work/RealtimeOscilloscope/ide-touchgfx-gen/TouchGFX/target/TouchGFXHAL.cpp:107:6:virtual void TouchGFXHAL::flushFrameBuffer(const touchgfx::Rect&)	16	static
C:/Users/graet/Desktop/Oscilloscopefinal/work/RealtimeOscilloscope/ide-touchgfx-gen/TouchGFX/target/TouchGFXHAL.cpp:128:6:virtual bool TouchGFXHAL::blockCopy(void*, const void*, uint32_t)	24	static
C:/Users/graet/Desktop/Oscilloscopefinal/work/RealtimeOscilloscope/ide-touchgfx-gen/TouchGFX/target/TouchGFXHAL.cpp:137:6:virtual void TouchGFXHAL::configureInterrupts()	16	static
C:/Users/graet/Desktop/Oscilloscopefinal/work/RealtimeOscilloscope/ide-touchgfx-gen/TouchGFX/target/TouchGFXHAL.cpp:150:6:virtual void TouchGFXHAL::enableInterrupts()	16	static
C:/Users/graet/Desktop/Oscilloscopefinal/work/RealtimeOscilloscope/ide-touchgfx-gen/TouchGFX/target/TouchGFXHAL.cpp:163:6:virtual void TouchGFXHAL::disableInterrupts()	16	static
C:/Users/graet/Desktop/Oscilloscopefinal/work/RealtimeOscilloscope/ide-touchgfx-gen/TouchGFX/target/TouchGFXHAL.cpp:177:6:virtual void TouchGFXHAL::enableLCDControllerInterrupt()	16	static
C:/Users/graet/Desktop/Oscilloscopefinal/work/RealtimeOscilloscope/ide-touchgfx-gen/TouchGFX/target/TouchGFXHAL.cpp:190:19:long int IdleTaskHook(void*)	16	static
c:\users\graet\desktop\oscilloscopefinal\work\realtimeoscilloscope\ide-touchgfx-gen\touchgfx\target\touchgfxhal.hpp:31:7:TouchGFXHAL::~TouchGFXHAL()	16	static
c:\users\graet\desktop\oscilloscopefinal\work\realtimeoscilloscope\ide-touchgfx-gen\touchgfx\target\touchgfxhal.hpp:31:7:virtual TouchGFXHAL::~TouchGFXHAL()	16	static
c:\users\graet\desktop\oscilloscopefinal\work\realtimeoscilloscope\ide-touchgfx-gen\touchgfx\target\cortexmmcuinstrumentation.hpp:20:7:touchgfx::CortexMMCUInstrumentation::~CortexMMCUInstrumentation()	16	static
c:\users\graet\desktop\oscilloscopefinal\work\realtimeoscilloscope\ide-touchgfx-gen\touchgfx\target\cortexmmcuinstrumentation.hpp:20:7:virtual touchgfx::CortexMMCUInstrumentation::~CortexMMCUInstrumentation()	16	static
C:/Users/graet/Desktop/Oscilloscopefinal/work/RealtimeOscilloscope/ide-touchgfx-gen/TouchGFX/target/TouchGFXHAL.cpp:204:1:void __static_initialization_and_destruction_0(int, int)	16	static
C:/Users/graet/Desktop/Oscilloscopefinal/work/RealtimeOscilloscope/ide-touchgfx-gen/TouchGFX/target/TouchGFXHAL.cpp:204:1:cpp)	8	static
C:/Users/graet/Desktop/Oscilloscopefinal/work/RealtimeOscilloscope/ide-touchgfx-gen/TouchGFX/target/TouchGFXHAL.cpp:204:1:cpp)	8	static
